Archive member included to satisfy reference by file (symbol)

C:\Users\10633\Desktop\houseoftzw\Fliter\Middlewares\ST\ARM\DSP\Lib\libarm_cortexM4lf_math.a(arm_power_f32.o)
                              CMakeFiles/Fliter.elf.dir/Core/Src/main.c.obj (arm_power_f32)
C:\Users\10633\Desktop\houseoftzw\Fliter\Middlewares\ST\ARM\DSP\Lib\libarm_cortexM4lf_math.a(arm_max_f32.o)
                              CMakeFiles/Fliter.elf.dir/Core/Src/main.c.obj (arm_max_f32)
C:\Users\10633\Desktop\houseoftzw\Fliter\Middlewares\ST\ARM\DSP\Lib\libarm_cortexM4lf_math.a(arm_rfft_fast_init_f32.o)
                              CMakeFiles/Fliter.elf.dir/Core/Src/main.c.obj (arm_rfft_fast_init_f32)
C:\Users\10633\Desktop\houseoftzw\Fliter\Middlewares\ST\ARM\DSP\Lib\libarm_cortexM4lf_math.a(arm_rfft_fast_f32.o)
                              CMakeFiles/Fliter.elf.dir/Core/Src/main.c.obj (arm_rfft_fast_f32)
C:\Users\10633\Desktop\houseoftzw\Fliter\Middlewares\ST\ARM\DSP\Lib\libarm_cortexM4lf_math.a(arm_cfft_f32.o)
                              C:\Users\10633\Desktop\houseoftzw\Fliter\Middlewares\ST\ARM\DSP\Lib\libarm_cortexM4lf_math.a(arm_rfft_fast_f32.o) (arm_cfft_f32)
C:\Users\10633\Desktop\houseoftzw\Fliter\Middlewares\ST\ARM\DSP\Lib\libarm_cortexM4lf_math.a(arm_bitreversal2.o)
                              C:\Users\10633\Desktop\houseoftzw\Fliter\Middlewares\ST\ARM\DSP\Lib\libarm_cortexM4lf_math.a(arm_cfft_f32.o) (arm_bitreversal_32)
C:\Users\10633\Desktop\houseoftzw\Fliter\Middlewares\ST\ARM\DSP\Lib\libarm_cortexM4lf_math.a(arm_cmplx_mag_f32.o)
                              CMakeFiles/Fliter.elf.dir/Core/Src/main.c.obj (arm_cmplx_mag_f32)
C:\Users\10633\Desktop\houseoftzw\Fliter\Middlewares\ST\ARM\DSP\Lib\libarm_cortexM4lf_math.a(arm_common_tables.o)
                              C:\Users\10633\Desktop\houseoftzw\Fliter\Middlewares\ST\ARM\DSP\Lib\libarm_cortexM4lf_math.a(arm_rfft_fast_init_f32.o) (twiddleCoef_rfft_4096)
C:\Users\10633\Desktop\houseoftzw\Fliter\Middlewares\ST\ARM\DSP\Lib\libarm_cortexM4lf_math.a(arm_cfft_radix8_f32.o)
                              C:\Users\10633\Desktop\houseoftzw\Fliter\Middlewares\ST\ARM\DSP\Lib\libarm_cortexM4lf_math.a(arm_cfft_f32.o) (arm_radix8_butterfly_f32)
c:/progra~1/stmicr~1/stm32c~1/gcc-ar~1/bin/../lib/gcc/arm-none-eabi/10.3.1/thumb/v7e-m+fp/hard\libgcc.a(_arm_muldf3.o)
                              CMakeFiles/Fliter.elf.dir/Core/Src/main.c.obj (__aeabi_dmul)
c:/progra~1/stmicr~1/stm32c~1/gcc-ar~1/bin/../lib/gcc/arm-none-eabi/10.3.1/thumb/v7e-m+fp/hard\libgcc.a(_arm_addsubdf3.o)
                              CMakeFiles/Fliter.elf.dir/Core/Src/main.c.obj (__aeabi_dadd)
c:/progra~1/stmicr~1/stm32c~1/gcc-ar~1/bin/../lib/gcc/arm-none-eabi/10.3.1/thumb/v7e-m+fp/hard\libgcc.a(_arm_muldivdf3.o)
                              CMakeFiles/Fliter.elf.dir/Core/Src/window.c.obj (__aeabi_ddiv)
c:/progra~1/stmicr~1/stm32c~1/gcc-ar~1/bin/../lib/gcc/arm-none-eabi/10.3.1/thumb/v7e-m+fp/hard\libgcc.a(_arm_fixunsdfsi.o)
                              CMakeFiles/Fliter.elf.dir/Core/Src/main.c.obj (__aeabi_d2uiz)
c:/progra~1/stmicr~1/stm32c~1/gcc-ar~1/bin/../lib/gcc/arm-none-eabi/10.3.1/thumb/v7e-m+fp/hard\libgcc.a(_arm_truncdfsf2.o)
                              CMakeFiles/Fliter.elf.dir/Core/Src/main.c.obj (__aeabi_d2f)
c:/progra~1/stmicr~1/stm32c~1/gcc-ar~1/bin/../lib/gcc/arm-none-eabi/10.3.1/thumb/v7e-m+fp/hard\libgcc.a(_aeabi_uldivmod.o)
                              CMakeFiles/Fliter.elf.dir/Drivers/STM32F4xx_HAL_Driver/Src/stm32f4xx_hal_rcc.c.obj (__aeabi_uldivmod)
c:/progra~1/stmicr~1/stm32c~1/gcc-ar~1/bin/../lib/gcc/arm-none-eabi/10.3.1/thumb/v7e-m+fp/hard\libgcc.a(_udivmoddi4.o)
                              c:/progra~1/stmicr~1/stm32c~1/gcc-ar~1/bin/../lib/gcc/arm-none-eabi/10.3.1/thumb/v7e-m+fp/hard\libgcc.a(_aeabi_uldivmod.o) (__udivmoddi4)
c:/progra~1/stmicr~1/stm32c~1/gcc-ar~1/bin/../lib/gcc/arm-none-eabi/10.3.1/thumb/v7e-m+fp/hard\libgcc.a(_dvmd_tls.o)
                              c:/progra~1/stmicr~1/stm32c~1/gcc-ar~1/bin/../lib/gcc/arm-none-eabi/10.3.1/thumb/v7e-m+fp/hard\libgcc.a(_aeabi_uldivmod.o) (__aeabi_ldiv0)
c:/progra~1/stmicr~1/stm32c~1/gcc-ar~1/bin/../lib/gcc/arm-none-eabi/10.3.1/../../../../arm-none-eabi/lib/thumb/v7e-m+fp/hard\libg.a(lib_a-errno.o)
                              CMakeFiles/Fliter.elf.dir/Core/Src/syscalls.c.obj (__errno)
c:/progra~1/stmicr~1/stm32c~1/gcc-ar~1/bin/../lib/gcc/arm-none-eabi/10.3.1/../../../../arm-none-eabi/lib/thumb/v7e-m+fp/hard\libg.a(lib_a-exit.o)
                              c:/progra~1/stmicr~1/stm32c~1/gcc-ar~1/bin/../lib/gcc/arm-none-eabi/10.3.1/../../../../arm-none-eabi/lib/thumb/v7e-m+fp/hard/crt0.o (exit)
c:/progra~1/stmicr~1/stm32c~1/gcc-ar~1/bin/../lib/gcc/arm-none-eabi/10.3.1/../../../../arm-none-eabi/lib/thumb/v7e-m+fp/hard\libg.a(lib_a-impure.o)
[...]
Memory Configuration

Name             Origin             Length             Attributes
RAM              0x20000000         0x00030000         xrw
CCMRAM           0x10000000         0x00010000         xrw
FLASH            0x08000000         0x00100000         xr
*default*        0x00000000         0xffffffff

Linker script and memory map

LOAD c:/progra~1/stmicr~1/stm32c~1/gcc-ar~1/bin/../lib/gcc/arm-none-eabi/10.3.1/thumb/v7e-m+fp/hard/crti.o
LOAD c:/progra~1/stmicr~1/stm32c~1/gcc-ar~1/bin/../lib/gcc/arm-none-eabi/10.3.1/thumb/v7e-m+fp/hard/crtbegin.o
LOAD c:/progra~1/stmicr~1/stm32c~1/gcc-ar~1/bin/../lib/gcc/arm-none-eabi/10.3.1/../../../../arm-none-eabi/lib/thumb/v7e-m+fp/hard/crt0.o
LOAD CMakeFiles/Fliter.elf.dir/Core/Src/adc.c.obj
LOAD CMakeFiles/Fliter.elf.dir/Core/Src/dma.c.obj
LOAD CMakeFiles/Fliter.elf.dir/Core/Src/dma2d.c.obj
LOAD CMakeFiles/Fliter.elf.dir/Core/Src/fmc.c.obj
LOAD CMakeFiles/Fliter.elf.dir/Core/Src/fonts.c.obj
LOAD CMakeFiles/Fliter.elf.dir/Core/Src/gpio.c.obj
LOAD CMakeFiles/Fliter.elf.dir/Core/Src/ltdc.c.obj
LOAD CMakeFiles/Fliter.elf.dir/Core/Src/main.c.obj
LOAD CMakeFiles/Fliter.elf.dir/Core/Src/stm32f4xx_hal_msp.c.obj
LOAD CMakeFiles/Fliter.elf.dir/Core/Src/stm32f4xx_it.c.obj
LOAD CMakeFiles/Fliter.elf.dir/Core/Src/syscalls.c.obj
LOAD CMakeFiles/Fliter.elf.dir/Core/Src/system_stm32f4xx.c.obj
LOAD CMakeFiles/Fliter.elf.dir/Core/Src/tim.c.obj
LOAD CMakeFiles/Fliter.elf.dir/Core/Src/usart.c.obj
LOAD CMakeFiles/Fliter.elf.dir/Core/Src/window.c.obj
LOAD CMakeFiles/Fliter.elf.dir/Drivers/STM32F4xx_HAL_Driver/Src/stm32f4xx_hal.c.obj
LOAD CMakeFiles/Fliter.elf.dir/Drivers/STM32F4xx_HAL_Driver/Src/stm32f4xx_hal_adc.c.obj
LOAD CMakeFiles/Fliter.elf.dir/Drivers/STM32F4xx_HAL_Driver/Src/stm32f4xx_hal_adc_ex.c.obj
LOAD CMakeFiles/Fliter.elf.dir/Drivers/STM32F4xx_HAL_Driver/Src/stm32f4xx_hal_cortex.c.obj
LOAD CMakeFiles/Fliter.elf.dir/Drivers/STM32F4xx_HAL_Driver/Src/stm32f4xx_hal_dma.c.obj
LOAD CMakeFiles/Fliter.elf.dir/Drivers/STM32F4xx_HAL_Driver/Src/stm32f4xx_hal_dma2d.c.obj
LOAD CMakeFiles/Fliter.elf.dir/Drivers/STM32F4xx_HAL_Driver/Src/stm32f4xx_hal_dma_ex.c.obj
LOAD CMakeFiles/Fliter.elf.dir/Drivers/STM32F4xx_HAL_Driver/Src/stm32f4xx_hal_dsi.c.obj
LOAD CMakeFiles/Fliter.elf.dir/Drivers/STM32F4xx_HAL_Driver/Src/stm32f4xx_hal_exti.c.obj
LOAD CMakeFiles/Fliter.elf.dir/Drivers/STM32F4xx_HAL_Driver/Src/stm32f4xx_hal_flash.c.obj
LOAD CMakeFiles/Fliter.elf.dir/Drivers/STM32F4xx_HAL_Driver/Src/stm32f4xx_hal_flash_ex.c.obj
LOAD CMakeFiles/Fliter.elf.dir/Drivers/STM32F4xx_HAL_Driver/Src/stm32f4xx_hal_flash_ramfunc.c.obj
LOAD CMakeFiles/Fliter.elf.dir/Drivers/STM32F4xx_HAL_Driver/Src/stm32f4xx_hal_gpio.c.obj
LOAD CMakeFiles/Fliter.elf.dir/Drivers/STM32F4xx_HAL_Driver/Src/stm32f4xx_hal_ltdc.c.obj
LOAD CMakeFiles/Fliter.elf.dir/Drivers/STM32F4xx_HAL_Driver/Src/stm32f4xx_hal_ltdc_ex.c.obj
LOAD CMakeFiles/Fliter.elf.dir/Drivers/STM32F4xx_HAL_Driver/Src/stm32f4xx_hal_pwr.c.obj
LOAD CMakeFiles/Fliter.elf.dir/Drivers/STM32F4xx_HAL_Driver/Src/stm32f4xx_hal_pwr_ex.c.obj
LOAD CMakeFiles/Fliter.elf.dir/Drivers/STM32F4xx_HAL_Driver/Src/stm32f4xx_hal_rcc.c.obj
LOAD CMakeFiles/Fliter.elf.dir/Drivers/STM32F4xx_HAL_Driver/Src/stm32f4xx_hal_rcc_ex.c.obj
LOAD CMakeFiles/Fliter.elf.dir/Drivers/STM32F4xx_HAL_Driver/Src/stm32f4xx_hal_sdram.c.obj
LOAD CMakeFiles/Fliter.elf.dir/Drivers/STM32F4xx_HAL_Driver/Src/stm32f4xx_hal_tim.c.obj
LOAD CMakeFiles/Fliter.elf.dir/Drivers/STM32F4xx_HAL_Driver/Src/stm32f4xx_hal_tim_ex.c.obj
LOAD CMakeFiles/Fliter.elf.dir/Drivers/STM32F4xx_HAL_Driver/Src/stm32f4xx_hal_uart.c.obj
LOAD CMakeFiles/Fliter.elf.dir/Drivers/STM32F4xx_HAL_Driver/Src/stm32f4xx_ll_adc.c.obj
LOAD CMakeFiles/Fliter.elf.dir/Drivers/STM32F4xx_HAL_Driver/Src/stm32f4xx_ll_fmc.c.obj
LOAD CMakeFiles/Fliter.elf.dir/startup/startup_stm32f429xx.s.obj
LOAD C:\Users\10633\Desktop\houseoftzw\Fliter\Middlewares\ST\ARM\DSP\Lib\libarm_cortexM4lf_math.a
START GROUP
LOAD c:/progra~1/stmicr~1/stm32c~1/gcc-ar~1/bin/../lib/gcc/arm-none-eabi/10.3.1/thumb/v7e-m+fp/hard\libgcc.a
LOAD c:/progra~1/stmicr~1/stm32c~1/gcc-ar~1/bin/../lib/gcc/arm-none-eabi/10.3.1/../../../../arm-none-eabi/lib/thumb/v7e-m+fp/hard\libg.a
LOAD c:/progra~1/stmicr~1/stm32c~1/gcc-ar~1/bin/../lib/gcc/arm-none-eabi/10.3.1/../../../../arm-none-eabi/lib/thumb/v7e-m+fp/hard\libc.a
END GROUP
LOAD c:/progra~1/stmicr~1/stm32c~1/gcc-ar~1/bin/../lib/gcc/arm-none-eabi/10.3.1/thumb/v7e-m+fp/hard/crtend.o
LOAD c:/progra~1/stmicr~1/stm32c~1/gcc-ar~1/bin/../lib/gcc/arm-none-eabi/10.3.1/thumb/v7e-m+fp/hard/crtn.o
                0x20030000                _estack = 0x20030000
                0x00000800                _Min_Heap_Size = 0x800
                0x00001200                _Min_Stack_Size = 0x1200

.isr_vector     0x08000000      0x1ac
                0x08000000                . = ALIGN (0x4)
 *(.isr_vector)
 .isr_vector    0x08000000      0x1ac CMakeFiles/Fliter.elf.dir/startup/startup_stm32f429xx.s.obj
                0x08000000                g_pfnVectors
                0x080001ac                . = ALIGN (0x4)

.text           0x080001c0     0xe6ac
                0x080001c0                . = ALIGN (0x4)
 *(.text)
 .text          0x080001c0       0x40 c:/progra~1/stmicr~1/stm32c~1/gcc-ar~1/bin/../lib/gcc/arm-none-eabi/10.3.1/thumb/v7e-m+fp/hard/crtbegin.o
 .text          0x08000200      0x378 c:/progra~1/stmicr~1/stm32c~1/gcc-ar~1/bin/../lib/gcc/arm-none-eabi/10.3.1/thumb/v7e-m+fp/hard\libgcc.a(_arm_addsubdf3.o)
                0x08000200                __aeabi_drsub
                0x08000208                __aeabi_dsub
                0x08000208                __subdf3
                0x0800020c                __aeabi_dadd
                0x0800020c                __adddf3
                0x08000484                __floatunsidf
                0x08000484                __aeabi_ui2d
                0x080004a4                __floatsidf
                0x080004a4                __aeabi_i2d
                0x080004c8                __aeabi_f2d
                0x080004c8                __extendsfdf2
                0x0800050c                __floatundidf
                0x0800050c                __aeabi_ul2d
                0x0800051c                __floatdidf
                0x0800051c                __aeabi_l2d
 .text          0x08000578      0x424 c:/progra~1/stmicr~1/stm32c~1/gcc-ar~1/bin/../lib/gcc/arm-none-eabi/10.3.1/thumb/v7e-m+fp/hard\libgcc.a(_arm_muldivdf3.o)
                0x08000578                __aeabi_dmul
                0x08000578                __muldf3
                0x080007cc                __divdf3
                0x080007cc                __aeabi_ddiv
 .text          0x0800099c       0x40 c:/progra~1/stmicr~1/stm32c~1/gcc-ar~1/bin/../lib/gcc/arm-none-eabi/10.3.1/thumb/v7e-m+fp/hard\libgcc.a(_arm_fixunsdfsi.o)
                0x0800099c                __aeabi_d2uiz
                0x0800099c                __fixunsdfsi
 .text          0x080009dc       0xa0 c:/progra~1/stmicr~1/stm32c~1/gcc-ar~1/bin/../lib/gcc/arm-none-eabi/10.3.1/thumb/v7e-m+fp/hard\libgcc.a(_arm_truncdfsf2.o)
                0x080009dc                __truncdfsf2
                0x080009dc                __aeabi_d2f
 .text          0x08000a7c       0x30 c:/progra~1/stmicr~1/stm32c~1/gcc-ar~1/bin/../lib/gcc/arm-none-eabi/10.3.1/thumb/v7e-m+fp/hard\libgcc.a(_aeabi_uldivmod.o)
                0x08000a7c                __aeabi_uldivmod
 .text          0x08000aac      0x2d0 c:/progra~1/stmicr~1/stm32c~1/gcc-ar~1/bin/../lib/gcc/arm-none-eabi/10.3.1/thumb/v7e-m+fp/hard\libgcc.a(_udivmoddi4.o)
                0x08000aac                __udivmoddi4
 .text          0x08000d7c        0x4 c:/progra~1/stmicr~1/stm32c~1/gcc-ar~1/bin/../lib/gcc/arm-none-eabi/10.3.1/thumb/v7e-m+fp/hard\libgcc.a(_dvmd_tls.o)
                0x08000d7c                __aeabi_idiv0
                0x08000d7c                __aeabi_ldiv0
 .text          0x08000d80       0xdc c:/progra~1/stmicr~1/stm32c~1/gcc-ar~1/bin/../lib/gcc/arm-none-eabi/10.3.1/../../../../arm-none-eabi/lib/thumb/v7e-m+fp/hard\libg.a(lib_a-strlen.o)
                0x08000d80                strlen
 *fill*         0x08000e5c        0x4 
 .text          0x08000e60       0xa0 c:/progra~1/stmicr~1/stm32c~1/gcc-ar~1/bin/../lib/gcc/arm-none-eabi/10.3.1/../../../../arm-none-eabi/lib/thumb/v7e-m+fp/hard\libg.a(lib_a-memchr.o)
                0x08000e60                memchr
 .text          0x08000f00      0x134 c:/progra~1/stmicr~1/stm32c~1/gcc-ar~1/bin/../lib/gcc/arm-none-eabi/10.3.1/../../../../arm-none-eabi/lib/thumb/v7e-m+fp/hard\libg.a(lib_a-memcpy.o)
                0x08000f00                memcpy
 .text          0x08001034      0x110 c:/progra~1/stmicr~1/stm32c~1/gcc-ar~1/bin/../lib/gcc/arm-none-eabi/10.3.1/thumb/v7e-m+fp/hard\libgcc.a(_arm_cmpdf2.o)
                0x08001034                __gtdf2
                0x08001034                __gedf2
                0x0800103c                __ltdf2
                0x0800103c                __ledf2
                0x08001044                __nedf2
                0x08001044                __eqdf2
                0x08001044                __cmpdf2
                0x080010c0                __aeabi_cdrcmple
                0x080010d0                __aeabi_cdcmpeq
                0x080010d0                __aeabi_cdcmple
                0x080010e0                __aeabi_dcmpeq
                0x080010f4                __aeabi_dcmplt
                0x08001108                __aeabi_dcmple
                0x0800111c                __aeabi_dcmpge
                0x08001130                __aeabi_dcmpgt
 .text          0x08001144       0x2c c:/progra~1/stmicr~1/stm32c~1/gcc-ar~1/bin/../lib/gcc/arm-none-eabi/10.3.1/thumb/v7e-m+fp/hard\libgcc.a(_arm_unorddf2.o)
                0x08001144                __unorddf2
                0x08001144                __aeabi_dcmpun
 .text          0x08001170       0x50 c:/progra~1/stmicr~1/stm32c~1/gcc-ar~1/bin/../lib/gcc/arm-none-eabi/10.3.1/thumb/v7e-m+fp/hard\libgcc.a(_arm_fixdfsi.o)
                0x08001170                __aeabi_d2iz
                0x08001170                __fixdfsi
 *(.text*)
 .text.MX_ADC1_Init
                0x080011c0       0x74 CMakeFiles/Fliter.elf.dir/Core/Src/adc.c.obj
                0x080011c0                MX_ADC1_Init
 .text.HAL_ADC_MspInit
                0x08001234       0xa8 CMakeFiles/Fliter.elf.dir/Core/Src/adc.c.obj
                0x08001234                HAL_ADC_MspInit
 .text.MX_DMA_Init
                0x080012dc       0x34 CMakeFiles/Fliter.elf.dir/Core/Src/dma.c.obj
                0x080012dc                MX_DMA_Init
 .text.MX_DMA2D_Init
                0x08001310       0x2c CMakeFiles/Fliter.elf.dir/Core/Src/dma2d.c.obj
                0x08001310                MX_DMA2D_Init
 .text.HAL_DMA2D_MspInit
                0x0800133c       0x40 CMakeFiles/Fliter.elf.dir/Core/Src/dma2d.c.obj
                0x0800133c                HAL_DMA2D_MspInit
 .text.HAL_FMC_MspInit
                0x0800137c       0xe8 CMakeFiles/Fliter.elf.dir/Core/Src/fmc.c.obj
 .text.SDRAM_delay
                0x08001464       0x28 CMakeFiles/Fliter.elf.dir/Core/Src/fmc.c.obj
                0x08001464                SDRAM_delay
 .text.SDRAM_Initialization_Sequence
                0x0800148c       0x90 CMakeFiles/Fliter.elf.dir/Core/Src/fmc.c.obj
                0x0800148c                SDRAM_Initialization_Sequence
 .text.MX_FMC_Init
                0x0800151c       0x8c CMakeFiles/Fliter.elf.dir/Core/Src/fmc.c.obj
                0x0800151c                MX_FMC_Init
 .text.HAL_SDRAM_MspInit
                0x080015a8        0x8 CMakeFiles/Fliter.elf.dir/Core/Src/fmc.c.obj
                0x080015a8                HAL_SDRAM_MspInit
 .text.MX_GPIO_Init
                0x080015b0      0x120 CMakeFiles/Fliter.elf.dir/Core/Src/gpio.c.obj
                0x080015b0                MX_GPIO_Init
 .text.HAL_LTDC_MspInit
                0x080016d0      0x164 CMakeFiles/Fliter.elf.dir/Core/Src/ltdc.c.obj
                0x080016d0                HAL_LTDC_MspInit
 .text.LCD_SetLayer
                0x08001834       0x18 CMakeFiles/Fliter.elf.dir/Core/Src/ltdc.c.obj
                0x08001834                LCD_SetLayer
 .text.LCD_SetColor
                0x0800184c       0x8c CMakeFiles/Fliter.elf.dir/Core/Src/ltdc.c.obj
                0x0800184c                LCD_SetColor
 .text.LCD_SetBackColor
                0x080018d8       0x8c CMakeFiles/Fliter.elf.dir/Core/Src/ltdc.c.obj
                0x080018d8                LCD_SetBackColor
 .text.LCD_SetFont
                0x08001964        0xc CMakeFiles/Fliter.elf.dir/Core/Src/ltdc.c.obj
                0x08001964                LCD_SetFont
 .text.LCD_DisplayDirection
                0x08001970        0xc CMakeFiles/Fliter.elf.dir/Core/Src/ltdc.c.obj
                0x08001970                LCD_DisplayDirection
 .text.LCD_Clear
                0x0800197c       0x54 CMakeFiles/Fliter.elf.dir/Core/Src/ltdc.c.obj
                0x0800197c                LCD_Clear
 .text.LCD_DrawPoint
                0x080019d0       0xcc CMakeFiles/Fliter.elf.dir/Core/Src/ltdc.c.obj
                0x080019d0                LCD_DrawPoint
 .text.LCD_DisplayChar
                0x08001a9c       0x84 CMakeFiles/Fliter.elf.dir/Core/Src/ltdc.c.obj
                0x08001a9c                LCD_DisplayChar
 .text.LCD_DisplayString
                0x08001b20       0x30 CMakeFiles/Fliter.elf.dir/Core/Src/ltdc.c.obj
                0x08001b20                LCD_DisplayString
 .text.LCD_ShowNumMode
                0x08001b50        0xc CMakeFiles/Fliter.elf.dir/Core/Src/ltdc.c.obj
                0x08001b50                LCD_ShowNumMode
 .text.MX_LTDC_Init
                0x08001b5c       0xe0 CMakeFiles/Fliter.elf.dir/Core/Src/ltdc.c.obj
                0x08001b5c                MX_LTDC_Init
 .text.LCD_DrawLine
                0x08001c3c       0xdc CMakeFiles/Fliter.elf.dir/Core/Src/ltdc.c.obj
                0x08001c3c                LCD_DrawLine
 .text.HAL_ADC_ConvCpltCallback
                0x08001d18       0x68 CMakeFiles/Fliter.elf.dir/Core/Src/main.c.obj
                0x08001d18                HAL_ADC_ConvCpltCallback
 .text.LIB_RFFT_Init
                0x08001d80       0x28 CMakeFiles/Fliter.elf.dir/Core/Src/main.c.obj
                0x08001d80                LIB_RFFT_Init
 .text.LIB_RFFT_Process
                0x08001da8      0x31c CMakeFiles/Fliter.elf.dir/Core/Src/main.c.obj
                0x08001da8                LIB_RFFT_Process
 .text.Error_Handler
                0x080020c4        0x4 CMakeFiles/Fliter.elf.dir/Core/Src/main.c.obj
                0x080020c4                Error_Handler
 .text.SystemClock_Config
                0x080020c8       0xb4 CMakeFiles/Fliter.elf.dir/Core/Src/main.c.obj
                0x080020c8                SystemClock_Config
 .text.main     0x0800217c       0x78 CMakeFiles/Fliter.elf.dir/Core/Src/main.c.obj
                0x0800217c                main
 .text.HAL_MspInit
                0x080021f4       0x38 CMakeFiles/Fliter.elf.dir/Core/Src/stm32f4xx_hal_msp.c.obj
                0x080021f4                HAL_MspInit
 .text.NMI_Handler
                0x0800222c        0x2 CMakeFiles/Fliter.elf.dir/Core/Src/stm32f4xx_it.c.obj
                0x0800222c                NMI_Handler
 .text.HardFault_Handler
                0x0800222e        0x2 CMakeFiles/Fliter.elf.dir/Core/Src/stm32f4xx_it.c.obj
                0x0800222e                HardFault_Handler
 .text.MemManage_Handler
                0x08002230        0x2 CMakeFiles/Fliter.elf.dir/Core/Src/stm32f4xx_it.c.obj
                0x08002230                MemManage_Handler
 .text.BusFault_Handler
                0x08002232        0x2 CMakeFiles/Fliter.elf.dir/Core/Src/stm32f4xx_it.c.obj
                0x08002232                BusFault_Handler
 .text.UsageFault_Handler
                0x08002234        0x2 CMakeFiles/Fliter.elf.dir/Core/Src/stm32f4xx_it.c.obj
                0x08002234                UsageFault_Handler
 .text.SVC_Handler
                0x08002236        0x2 CMakeFiles/Fliter.elf.dir/Core/Src/stm32f4xx_it.c.obj
                0x08002236                SVC_Handler
 .text.DebugMon_Handler
                0x08002238        0x2 CMakeFiles/Fliter.elf.dir/Core/Src/stm32f4xx_it.c.obj
                0x08002238                DebugMon_Handler
 .text.PendSV_Handler
                0x0800223a        0x2 CMakeFiles/Fliter.elf.dir/Core/Src/stm32f4xx_it.c.obj
                0x0800223a                PendSV_Handler
 .text.SysTick_Handler
                0x0800223c        0x8 CMakeFiles/Fliter.elf.dir/Core/Src/stm32f4xx_it.c.obj
                0x0800223c                SysTick_Handler
 .text.EXTI9_5_IRQHandler
                0x08002244        0xc CMakeFiles/Fliter.elf.dir/Core/Src/stm32f4xx_it.c.obj
                0x08002244                EXTI9_5_IRQHandler
 .text.DMA2_Stream0_IRQHandler
                0x08002250       0x10 CMakeFiles/Fliter.elf.dir/Core/Src/stm32f4xx_it.c.obj
                0x08002250                DMA2_Stream0_IRQHandler
 .text.LTDC_IRQHandler
                0x08002260       0x10 CMakeFiles/Fliter.elf.dir/Core/Src/stm32f4xx_it.c.obj
                0x08002260                LTDC_IRQHandler
 .text.DMA2D_IRQHandler
                0x08002270       0x10 CMakeFiles/Fliter.elf.dir/Core/Src/stm32f4xx_it.c.obj
                0x08002270                DMA2D_IRQHandler
 .text._getpid  0x08002280        0x4 CMakeFiles/Fliter.elf.dir/Core/Src/syscalls.c.obj
                0x08002280                _getpid
 .text._kill    0x08002284       0x10 CMakeFiles/Fliter.elf.dir/Core/Src/syscalls.c.obj
                0x08002284                _kill
 .text._exit    0x08002294        0xc CMakeFiles/Fliter.elf.dir/Core/Src/syscalls.c.obj
                0x08002294                _exit
 .text._read    0x080022a0       0x20 CMakeFiles/Fliter.elf.dir/Core/Src/syscalls.c.obj
                0x080022a0                _read
 .text._write   0x080022c0       0x1c CMakeFiles/Fliter.elf.dir/Core/Src/syscalls.c.obj
                0x080022c0                _write
 .text._sbrk    0x080022dc       0x3c CMakeFiles/Fliter.elf.dir/Core/Src/syscalls.c.obj
                0x080022dc                _sbrk
 .text._close   0x08002318        0x6 CMakeFiles/Fliter.elf.dir/Core/Src/syscalls.c.obj
                0x08002318                _close
 .text._fstat   0x0800231e        0xa CMakeFiles/Fliter.elf.dir/Core/Src/syscalls.c.obj
                0x0800231e                _fstat
 .text._isatty  0x08002328        0x4 CMakeFiles/Fliter.elf.dir/Core/Src/syscalls.c.obj
                0x08002328                _isatty
 .text._lseek   0x0800232c        0x4 CMakeFiles/Fliter.elf.dir/Core/Src/syscalls.c.obj
                0x0800232c                _lseek
 .text.SystemInit
                0x08002330       0x14 CMakeFiles/Fliter.elf.dir/Core/Src/system_stm32f4xx.c.obj
                0x08002330                SystemInit
 .text.MX_TIM3_Init
                0x08002344       0x70 CMakeFiles/Fliter.elf.dir/Core/Src/tim.c.obj
                0x08002344                MX_TIM3_Init
 .text.HAL_TIM_Base_MspInit
                0x080023b4       0x30 CMakeFiles/Fliter.elf.dir/Core/Src/tim.c.obj
                0x080023b4                HAL_TIM_Base_MspInit
 .text.MX_USART1_UART_Init
                0x080023e4       0x34 CMakeFiles/Fliter.elf.dir/Core/Src/usart.c.obj
                0x080023e4                MX_USART1_UART_Init
 .text.MX_USART2_UART_Init
                0x08002418       0x34 CMakeFiles/Fliter.elf.dir/Core/Src/usart.c.obj
                0x08002418                MX_USART2_UART_Init
 .text.HAL_UART_MspInit
                0x0800244c       0xec CMakeFiles/Fliter.elf.dir/Core/Src/usart.c.obj
                0x0800244c                HAL_UART_MspInit
 .text.__io_putchar
                0x08002538       0x18 CMakeFiles/Fliter.elf.dir/Core/Src/usart.c.obj
                0x08002538                __io_putchar
 .text.WinInit  0x08002550        0x8 CMakeFiles/Fliter.elf.dir/Core/Src/window.c.obj
                0x08002550                WinInit
 .text.MeshOn   0x08002558       0xa0 CMakeFiles/Fliter.elf.dir/Core/Src/window.c.obj
                0x08002558                MeshOn
 .text.Painting
                0x080025f8      0x264 CMakeFiles/Fliter.elf.dir/Core/Src/window.c.obj
                0x080025f8                Painting
 .text.HAL_InitTick
                0x0800285c       0x4c CMakeFiles/Fliter.elf.dir/Drivers/STM32F4xx_HAL_Driver/Src/stm32f4xx_hal.c.obj
                0x0800285c                HAL_InitTick
 .text.HAL_Init
                0x080028a8       0x34 CMakeFiles/Fliter.elf.dir/Drivers/STM32F4xx_HAL_Driver/Src/stm32f4xx_hal.c.obj
                0x080028a8                HAL_Init
 .text.HAL_IncTick
                0x080028dc       0x18 CMakeFiles/Fliter.elf.dir/Drivers/STM32F4xx_HAL_Driver/Src/stm32f4xx_hal.c.obj
                0x080028dc                HAL_IncTick
 .text.HAL_GetTick
                0x080028f4        0xc CMakeFiles/Fliter.elf.dir/Drivers/STM32F4xx_HAL_Driver/Src/stm32f4xx_hal.c.obj
                0x080028f4                HAL_GetTick
 .text.HAL_Delay
                0x08002900       0x28 CMakeFiles/Fliter.elf.dir/Drivers/STM32F4xx_HAL_Driver/Src/stm32f4xx_hal.c.obj
                0x08002900                HAL_Delay
 .text.HAL_ADC_ConvHalfCpltCallback
                0x08002928        0x2 CMakeFiles/Fliter.elf.dir/Drivers/STM32F4xx_HAL_Driver/Src/stm32f4xx_hal_adc.c.obj
                0x08002928                HAL_ADC_ConvHalfCpltCallback
 .text.HAL_ADC_LevelOutOfWindowCallback
                0x0800292a        0x2 CMakeFiles/Fliter.elf.dir/Drivers/STM32F4xx_HAL_Driver/Src/stm32f4xx_hal_adc.c.obj
                0x0800292a                HAL_ADC_LevelOutOfWindowCallback
 .text.HAL_ADC_ErrorCallback
                0x0800292c        0x2 CMakeFiles/Fliter.elf.dir/Drivers/STM32F4xx_HAL_Driver/Src/stm32f4xx_hal_adc.c.obj
                0x0800292c                HAL_ADC_ErrorCallback
 *fill*         0x0800292e        0x2 
 .text.ADC_Init
                0x08002930      0x134 CMakeFiles/Fliter.elf.dir/Drivers/STM32F4xx_HAL_Driver/Src/stm32f4xx_hal_adc.c.obj
 .text.ADC_DMAConvCplt
                0x08002a64       0x72 CMakeFiles/Fliter.elf.dir/Drivers/STM32F4xx_HAL_Driver/Src/stm32f4xx_hal_adc.c.obj
 .text.ADC_DMAHalfConvCplt
                0x08002ad6        0xa CMakeFiles/Fliter.elf.dir/Drivers/STM32F4xx_HAL_Driver/Src/stm32f4xx_hal_adc.c.obj
 .text.ADC_DMAError
                0x08002ae0       0x16 CMakeFiles/Fliter.elf.dir/Drivers/STM32F4xx_HAL_Driver/Src/stm32f4xx_hal_adc.c.obj
 *fill*         0x08002af6        0x2 
 .text.HAL_ADC_Init
                0x08002af8       0x90 CMakeFiles/Fliter.elf.dir/Drivers/STM32F4xx_HAL_Driver/Src/stm32f4xx_hal_adc.c.obj
                0x08002af8                HAL_ADC_Init
 .text.HAL_ADC_Start_DMA
                0x08002b88      0x19c CMakeFiles/Fliter.elf.dir/Drivers/STM32F4xx_HAL_Driver/Src/stm32f4xx_hal_adc.c.obj
                0x08002b88                HAL_ADC_Start_DMA
 .text.HAL_ADC_ConfigChannel
                0x08002d24      0x1ac CMakeFiles/Fliter.elf.dir/Drivers/STM32F4xx_HAL_Driver/Src/stm32f4xx_hal_adc.c.obj
                0x08002d24                HAL_ADC_ConfigChannel
 .text.HAL_ADCEx_InjectedConvCpltCallback
                0x08002ed0        0x2 CMakeFiles/Fliter.elf.dir/Drivers/STM32F4xx_HAL_Driver/Src/stm32f4xx_hal_adc_ex.c.obj
                0x08002ed0                HAL_ADCEx_InjectedConvCpltCallback
 *fill*         0x08002ed2        0x2 
 .text.HAL_NVIC_SetPriorityGrouping
                0x08002ed4       0x24 CMakeFiles/Fliter.elf.dir/Drivers/STM32F4xx_HAL_Driver/Src/stm32f4xx_hal_cortex.c.obj
                0x08002ed4                HAL_NVIC_SetPriorityGrouping
 .text.HAL_NVIC_SetPriority
                0x08002ef8       0x70 CMakeFiles/Fliter.elf.dir/Drivers/STM32F4xx_HAL_Driver/Src/stm32f4xx_hal_cortex.c.obj
                0x08002ef8                HAL_NVIC_SetPriority
 .text.HAL_NVIC_EnableIRQ
                0x08002f68       0x1c CMakeFiles/Fliter.elf.dir/Drivers/STM32F4xx_HAL_Driver/Src/stm32f4xx_hal_cortex.c.obj
                0x08002f68                HAL_NVIC_EnableIRQ
 .text.HAL_SYSTICK_Config
                0x08002f84       0x28 CMakeFiles/Fliter.elf.dir/Drivers/STM32F4xx_HAL_Driver/Src/stm32f4xx_hal_cortex.c.obj
                0x08002f84                HAL_SYSTICK_Config
 .text.DMA_SetConfig
                0x08002fac       0x2c CMakeFiles/Fliter.elf.dir/Drivers/STM32F4xx_HAL_Driver/Src/stm32f4xx_hal_dma.c.obj
 .text.DMA_CalcBaseAndBitshift
                0x08002fd8       0x44 CMakeFiles/Fliter.elf.dir/Drivers/STM32F4xx_HAL_Driver/Src/stm32f4xx_hal_dma.c.obj
 .text.DMA_CheckFifoParam
                0x0800301c       0x8e CMakeFiles/Fliter.elf.dir/Drivers/STM32F4xx_HAL_Driver/Src/stm32f4xx_hal_dma.c.obj
 *fill*         0x080030aa        0x2 
 .text.HAL_DMA_Init
                0x080030ac       0xcc CMakeFiles/Fliter.elf.dir/Drivers/STM32F4xx_HAL_Driver/Src/stm32f4xx_hal_dma.c.obj
                0x080030ac                HAL_DMA_Init
 .text.HAL_DMA_Start_IT
                0x08003178       0x6a CMakeFiles/Fliter.elf.dir/Drivers/STM32F4xx_HAL_Driver/Src/stm32f4xx_hal_dma.c.obj
                0x08003178                HAL_DMA_Start_IT
 *fill*         0x080031e2        0x2 
 .text.HAL_DMA_IRQHandler
                0x080031e4      0x1dc CMakeFiles/Fliter.elf.dir/Drivers/STM32F4xx_HAL_Driver/Src/stm32f4xx_hal_dma.c.obj
                0x080031e4                HAL_DMA_IRQHandler
 .text.HAL_DMA2D_Init
                0x080033c0       0x5a CMakeFiles/Fliter.elf.dir/Drivers/STM32F4xx_HAL_Driver/Src/stm32f4xx_hal_dma2d.c.obj
                0x080033c0                HAL_DMA2D_Init
 .text.HAL_DMA2D_LineEventCallback
                0x0800341a        0x2 CMakeFiles/Fliter.elf.dir/Drivers/STM32F4xx_HAL_Driver/Src/stm32f4xx_hal_dma2d.c.obj
                0x0800341a                HAL_DMA2D_LineEventCallback
 .text.HAL_DMA2D_CLUTLoadingCpltCallback
                0x0800341c        0x2 CMakeFiles/Fliter.elf.dir/Drivers/STM32F4xx_HAL_Driver/Src/stm32f4xx_hal_dma2d.c.obj
                0x0800341c                HAL_DMA2D_CLUTLoadingCpltCallback
 .text.HAL_DMA2D_IRQHandler
                0x0800341e      0x13c CMakeFiles/Fliter.elf.dir/Drivers/STM32F4xx_HAL_Driver/Src/stm32f4xx_hal_dma2d.c.obj
                0x0800341e                HAL_DMA2D_IRQHandler
 *fill*         0x0800355a        0x2 
 .text.HAL_GPIO_Init
                0x0800355c      0x1fc CMakeFiles/Fliter.elf.dir/Drivers/STM32F4xx_HAL_Driver/Src/stm32f4xx_hal_gpio.c.obj
                0x0800355c                HAL_GPIO_Init
 .text.HAL_GPIO_WritePin
                0x08003758        0xc CMakeFiles/Fliter.elf.dir/Drivers/STM32F4xx_HAL_Driver/Src/stm32f4xx_hal_gpio.c.obj
                0x08003758                HAL_GPIO_WritePin
 .text.HAL_GPIO_EXTI_Callback
                0x08003764        0x2 CMakeFiles/Fliter.elf.dir/Drivers/STM32F4xx_HAL_Driver/Src/stm32f4xx_hal_gpio.c.obj
                0x08003764                HAL_GPIO_EXTI_Callback
 *fill*         0x08003766        0x2 
 .text.HAL_GPIO_EXTI_IRQHandler
                0x08003768       0x1c CMakeFiles/Fliter.elf.dir/Drivers/STM32F4xx_HAL_Driver/Src/stm32f4xx_hal_gpio.c.obj
                0x08003768                HAL_GPIO_EXTI_IRQHandler
 .text.LTDC_SetConfig
                0x08003784      0x1b2 CMakeFiles/Fliter.elf.dir/Drivers/STM32F4xx_HAL_Driver/Src/stm32f4xx_hal_ltdc.c.obj
 *fill*         0x08003936        0x2 
 .text.HAL_LTDC_Init
                0x08003938       0xf4 CMakeFiles/Fliter.elf.dir/Drivers/STM32F4xx_HAL_Driver/Src/stm32f4xx_hal_ltdc.c.obj
                0x08003938                HAL_LTDC_Init
 .text.HAL_LTDC_ErrorCallback
                0x08003a2c        0x2 CMakeFiles/Fliter.elf.dir/Drivers/STM32F4xx_HAL_Driver/Src/stm32f4xx_hal_ltdc.c.obj
                0x08003a2c                HAL_LTDC_ErrorCallback
 .text.HAL_LTDC_LineEventCallback
                0x08003a2e        0x2 CMakeFiles/Fliter.elf.dir/Drivers/STM32F4xx_HAL_Driver/Src/stm32f4xx_hal_ltdc.c.obj
                0x08003a2e                HAL_LTDC_LineEventCallback
 .text.HAL_LTDC_ReloadEventCallback
                0x08003a30        0x2 CMakeFiles/Fliter.elf.dir/Drivers/STM32F4xx_HAL_Driver/Src/stm32f4xx_hal_ltdc.c.obj
                0x08003a30                HAL_LTDC_ReloadEventCallback
 .text.HAL_LTDC_IRQHandler
                0x08003a32       0xda CMakeFiles/Fliter.elf.dir/Drivers/STM32F4xx_HAL_Driver/Src/stm32f4xx_hal_ltdc.c.obj
                0x08003a32                HAL_LTDC_IRQHandler
 .text.HAL_LTDC_ConfigLayer
                0x08003b0c       0x68 CMakeFiles/Fliter.elf.dir/Drivers/STM32F4xx_HAL_Driver/Src/stm32f4xx_hal_ltdc.c.obj
                0x08003b0c                HAL_LTDC_ConfigLayer
 .text.HAL_PWREx_EnableOverDrive
                0x08003b74       0x7c CMakeFiles/Fliter.elf.dir/Drivers/STM32F4xx_HAL_Driver/Src/stm32f4xx_hal_pwr_ex.c.obj
                0x08003b74                HAL_PWREx_EnableOverDrive
 .text.HAL_RCC_OscConfig
                0x08003bf0      0x3f8 CMakeFiles/Fliter.elf.dir/Drivers/STM32F4xx_HAL_Driver/Src/stm32f4xx_hal_rcc.c.obj
                0x08003bf0                HAL_RCC_OscConfig
 .text.HAL_RCC_GetSysClockFreq
                0x08003fe8       0xa4 CMakeFiles/Fliter.elf.dir/Drivers/STM32F4xx_HAL_Driver/Src/stm32f4xx_hal_rcc.c.obj
                0x08003fe8                HAL_RCC_GetSysClockFreq
 .text.HAL_RCC_ClockConfig
                0x0800408c      0x160 CMakeFiles/Fliter.elf.dir/Drivers/STM32F4xx_HAL_Driver/Src/stm32f4xx_hal_rcc.c.obj
                0x0800408c                HAL_RCC_ClockConfig
 .text.HAL_RCC_GetHCLKFreq
                0x080041ec        0xc CMakeFiles/Fliter.elf.dir/Drivers/STM32F4xx_HAL_Driver/Src/stm32f4xx_hal_rcc.c.obj
                0x080041ec                HAL_RCC_GetHCLKFreq
 .text.HAL_RCC_GetPCLK1Freq
                0x080041f8       0x20 CMakeFiles/Fliter.elf.dir/Drivers/STM32F4xx_HAL_Driver/Src/stm32f4xx_hal_rcc.c.obj
                0x080041f8                HAL_RCC_GetPCLK1Freq
 .text.HAL_RCC_GetPCLK2Freq
                0x08004218       0x20 CMakeFiles/Fliter.elf.dir/Drivers/STM32F4xx_HAL_Driver/Src/stm32f4xx_hal_rcc.c.obj
                0x08004218                HAL_RCC_GetPCLK2Freq
 .text.HAL_RCCEx_PeriphCLKConfig
                0x08004238      0x284 CMakeFiles/Fliter.elf.dir/Drivers/STM32F4xx_HAL_Driver/Src/stm32f4xx_hal_rcc_ex.c.obj
                0x08004238                HAL_RCCEx_PeriphCLKConfig
 .text.HAL_SDRAM_Init
                0x080044bc       0x40 CMakeFiles/Fliter.elf.dir/Drivers/STM32F4xx_HAL_Driver/Src/stm32f4xx_hal_sdram.c.obj
                0x080044bc                HAL_SDRAM_Init
 .text.HAL_SDRAM_SendCommand
                0x080044fc       0x36 CMakeFiles/Fliter.elf.dir/Drivers/STM32F4xx_HAL_Driver/Src/stm32f4xx_hal_sdram.c.obj
                0x080044fc                HAL_SDRAM_SendCommand
 .text.TIM_TI1_ConfigInputStage
                0x08004532       0x26 CMakeFiles/Fliter.elf.dir/Drivers/STM32F4xx_HAL_Driver/Src/stm32f4xx_hal_tim.c.obj
 .text.TIM_TI2_ConfigInputStage
                0x08004558       0x28 CMakeFiles/Fliter.elf.dir/Drivers/STM32F4xx_HAL_Driver/Src/stm32f4xx_hal_tim.c.obj
 .text.TIM_ITRx_SetConfig
                0x08004580       0x10 CMakeFiles/Fliter.elf.dir/Drivers/STM32F4xx_HAL_Driver/Src/stm32f4xx_hal_tim.c.obj
 .text.HAL_TIM_Base_Start
                0x08004590       0x7c CMakeFiles/Fliter.elf.dir/Drivers/STM32F4xx_HAL_Driver/Src/stm32f4xx_hal_tim.c.obj
                0x08004590                HAL_TIM_Base_Start
 .text.TIM_Base_SetConfig
                0x0800460c       0xc8 CMakeFiles/Fliter.elf.dir/Drivers/STM32F4xx_HAL_Driver/Src/stm32f4xx_hal_tim.c.obj
                0x0800460c                TIM_Base_SetConfig
 .text.HAL_TIM_Base_Init
                0x080046d4       0x58 CMakeFiles/Fliter.elf.dir/Drivers/STM32F4xx_HAL_Driver/Src/stm32f4xx_hal_tim.c.obj
                0x080046d4                HAL_TIM_Base_Init
 .text.TIM_ETR_SetConfig
                0x0800472c       0x1a CMakeFiles/Fliter.elf.dir/Drivers/STM32F4xx_HAL_Driver/Src/stm32f4xx_hal_tim.c.obj
                0x0800472c                TIM_ETR_SetConfig
 .text.HAL_TIM_ConfigClockSource
                0x08004746       0xfe CMakeFiles/Fliter.elf.dir/Drivers/STM32F4xx_HAL_Driver/Src/stm32f4xx_hal_tim.c.obj
                0x08004746                HAL_TIM_ConfigClockSource
 .text.HAL_TIMEx_MasterConfigSynchronization
                0x08004844       0x8c CMakeFiles/Fliter.elf.dir/Drivers/STM32F4xx_HAL_Driver/Src/stm32f4xx_hal_tim_ex.c.obj
                0x08004844                HAL_TIMEx_MasterConfigSynchronization
 .text.UART_SetConfig
                0x080048d0      0x110 CMakeFiles/Fliter.elf.dir/Drivers/STM32F4xx_HAL_Driver/Src/stm32f4xx_hal_uart.c.obj
 .text.HAL_UART_Init
                0x080049e0       0x5e CMakeFiles/Fliter.elf.dir/Drivers/STM32F4xx_HAL_Driver/Src/stm32f4xx_hal_uart.c.obj
                0x080049e0                HAL_UART_Init
 .text.FMC_SDRAM_Init
                0x08004a3e       0x78 CMakeFiles/Fliter.elf.dir/Drivers/STM32F4xx_HAL_Driver/Src/stm32f4xx_ll_fmc.c.obj
                0x08004a3e                FMC_SDRAM_Init
 .text.FMC_SDRAM_Timing_Init
                0x08004ab6       0xaa CMakeFiles/Fliter.elf.dir/Drivers/STM32F4xx_HAL_Driver/Src/stm32f4xx_ll_fmc.c.obj
                0x08004ab6                FMC_SDRAM_Timing_Init
 .text.FMC_SDRAM_SendCommand
                0x08004b60       0x50 CMakeFiles/Fliter.elf.dir/Drivers/STM32F4xx_HAL_Driver/Src/stm32f4xx_ll_fmc.c.obj
                0x08004b60                FMC_SDRAM_SendCommand
 .text.Reset_Handler
                0x08004bb0       0x50 CMakeFiles/Fliter.elf.dir/startup/startup_stm32f429xx.s.obj
                0x08004bb0                Reset_Handler
 .text.Default_Handler
                0x08004c00        0x2 CMakeFiles/Fliter.elf.dir/startup/startup_stm32f429xx.s.obj
                0x08004c00                RTC_Alarm_IRQHandler
                0x08004c00                HASH_RNG_IRQHandler
                0x08004c00                EXTI2_IRQHandler
                0x08004c00                TIM8_CC_IRQHandler
                0x08004c00                UART8_IRQHandler
                0x08004c00                SPI4_IRQHandler
                0x08004c00                TIM1_CC_IRQHandler
                0x08004c00                DMA2_Stream5_IRQHandler
                0x08004c00                DMA1_Stream5_IRQHandler
                0x08004c00                PVD_IRQHandler
                0x08004c00                SDIO_IRQHandler
                0x08004c00                TAMP_STAMP_IRQHandler
                0x08004c00                CAN2_RX1_IRQHandler
                0x08004c00                EXTI3_IRQHandler
                0x08004c00                TIM8_TRG_COM_TIM14_IRQHandler
                0x08004c00                TIM1_UP_TIM10_IRQHandler
                0x08004c00                TIM8_UP_TIM13_IRQHandler
                0x08004c00                I2C3_ER_IRQHandler
                0x08004c00                EXTI0_IRQHandler
                0x08004c00                I2C2_EV_IRQHandler
                0x08004c00                DMA1_Stream2_IRQHandler
                0x08004c00                CAN1_RX0_IRQHandler
                0x08004c00                FPU_IRQHandler
                0x08004c00                OTG_HS_WKUP_IRQHandler
                0x08004c00                LTDC_ER_IRQHandler
                0x08004c00                CAN2_SCE_IRQHandler
                0x08004c00                DMA2_Stream2_IRQHandler
                0x08004c00                SPI1_IRQHandler
                0x08004c00                TIM6_DAC_IRQHandler
                0x08004c00                TIM1_BRK_TIM9_IRQHandler
                0x08004c00                DCMI_IRQHandler
                0x08004c00                CAN2_RX0_IRQHandler
                0x08004c00                DMA2_Stream3_IRQHandler
                0x08004c00                USART6_IRQHandler
                0x08004c00                USART3_IRQHandler
                0x08004c00                CAN1_RX1_IRQHandler
                0x08004c00                UART5_IRQHandler
                0x08004c00                TIM4_IRQHandler
                0x08004c00                I2C1_EV_IRQHandler
                0x08004c00                DMA1_Stream6_IRQHandler
                0x08004c00                DMA1_Stream1_IRQHandler
                0x08004c00                UART4_IRQHandler
                0x08004c00                TIM3_IRQHandler
                0x08004c00                RCC_IRQHandler
                0x08004c00                TIM8_BRK_TIM12_IRQHandler
                0x08004c00                Default_Handler
                0x08004c00                EXTI15_10_IRQHandler
                0x08004c00                ADC_IRQHandler
                0x08004c00                DMA1_Stream7_IRQHandler
                0x08004c00                SPI5_IRQHandler
                0x08004c00                TIM7_IRQHandler
                0x08004c00                CAN2_TX_IRQHandler
                0x08004c00                TIM5_IRQHandler
                0x08004c00                DMA2_Stream7_IRQHandler
                0x08004c00                I2C3_EV_IRQHandler
                0x08004c00                RTC_WKUP_IRQHandler
                0x08004c00                ETH_WKUP_IRQHandler
                0x08004c00                SPI2_IRQHandler
                0x08004c00                OTG_HS_EP1_IN_IRQHandler
                0x08004c00                DMA1_Stream0_IRQHandler
                0x08004c00                CAN1_TX_IRQHandler
                0x08004c00                EXTI4_IRQHandler
                0x08004c00                ETH_IRQHandler
                0x08004c00                OTG_HS_EP1_OUT_IRQHandler
                0x08004c00                WWDG_IRQHandler
                0x08004c00                SPI6_IRQHandler
                0x08004c00                TIM2_IRQHandler
                0x08004c00                OTG_FS_WKUP_IRQHandler
                0x08004c00                TIM1_TRG_COM_TIM11_IRQHandler
                0x08004c00                OTG_HS_IRQHandler
                0x08004c00                EXTI1_IRQHandler
                0x08004c00                UART7_IRQHandler
                0x08004c00                USART2_IRQHandler
                0x08004c00                I2C2_ER_IRQHandler
                0x08004c00                DMA2_Stream1_IRQHandler
                0x08004c00                CAN1_SCE_IRQHandler
                0x08004c00                FLASH_IRQHandler
                0x08004c00                DMA2_Stream4_IRQHandler
                0x08004c00                USART1_IRQHandler
                0x08004c00                OTG_FS_IRQHandler
                0x08004c00                SPI3_IRQHandler
                0x08004c00                DMA1_Stream4_IRQHandler
                0x08004c00                I2C1_ER_IRQHandler
                0x08004c00                FMC_IRQHandler
                0x08004c00                DMA2_Stream6_IRQHandler
                0x08004c00                SAI1_IRQHandler
                0x08004c00                DMA1_Stream3_IRQHandler
 *fill*         0x08004c02        0x2 
 .text.arm_power_f32
                0x08004c04       0x8c C:\Users\10633\Desktop\houseoftzw\Fliter\Middlewares\ST\ARM\DSP\Lib\libarm_cortexM4lf_math.a(arm_power_f32.o)
                0x08004c04                arm_power_f32
 .text.arm_max_f32
                0x08004c90       0xd8 C:\Users\10633\Desktop\houseoftzw\Fliter\Middlewares\ST\ARM\DSP\Lib\libarm_cortexM4lf_math.a(arm_max_f32.o)
                0x08004c90                arm_max_f32
 .text.arm_rfft_32_fast_init_f32
                0x08004d68       0x34 C:\Users\10633\Desktop\houseoftzw\Fliter\Middlewares\ST\ARM\DSP\Lib\libarm_cortexM4lf_math.a(arm_rfft_fast_init_f32.o)
                0x08004d68                arm_rfft_32_fast_init_f32
 .text.arm_rfft_64_fast_init_f32
                0x08004d9c       0x34 C:\Users\10633\Desktop\houseoftzw\Fliter\Middlewares\ST\ARM\DSP\Lib\libarm_cortexM4lf_math.a(arm_rfft_fast_init_f32.o)
                0x08004d9c                arm_rfft_64_fast_init_f32
 .text.arm_rfft_256_fast_init_f32
                0x08004dd0       0x38 C:\Users\10633\Desktop\houseoftzw\Fliter\Middlewares\ST\ARM\DSP\Lib\libarm_cortexM4lf_math.a(arm_rfft_fast_init_f32.o)
                0x08004dd0                arm_rfft_256_fast_init_f32
 .text.arm_rfft_512_fast_init_f32
                0x08004e08       0x3c C:\Users\10633\Desktop\houseoftzw\Fliter\Middlewares\ST\ARM\DSP\Lib\libarm_cortexM4lf_math.a(arm_rfft_fast_init_f32.o)
                0x08004e08                arm_rfft_512_fast_init_f32
 .text.arm_rfft_1024_fast_init_f32
                0x08004e44       0x3c C:\Users\10633\Desktop\houseoftzw\Fliter\Middlewares\ST\ARM\DSP\Lib\libarm_cortexM4lf_math.a(arm_rfft_fast_init_f32.o)
                0x08004e44                arm_rfft_1024_fast_init_f32
 .text.arm_rfft_2048_fast_init_f32
                0x08004e80       0x3c C:\Users\10633\Desktop\houseoftzw\Fliter\Middlewares\ST\ARM\DSP\Lib\libarm_cortexM4lf_math.a(arm_rfft_fast_init_f32.o)
                0x08004e80                arm_rfft_2048_fast_init_f32
 .text.arm_rfft_4096_fast_init_f32
                0x08004ebc       0x3c C:\Users\10633\Desktop\houseoftzw\Fliter\Middlewares\ST\ARM\DSP\Lib\libarm_cortexM4lf_math.a(arm_rfft_fast_init_f32.o)
                0x08004ebc                arm_rfft_4096_fast_init_f32
 .text.arm_rfft_fast_init_f32
                0x08004ef8       0x68 C:\Users\10633\Desktop\houseoftzw\Fliter\Middlewares\ST\ARM\DSP\Lib\libarm_cortexM4lf_math.a(arm_rfft_fast_init_f32.o)
                0x08004ef8                arm_rfft_fast_init_f32
 .text.stage_rfft_f32
                0x08004f60       0xb4 C:\Users\10633\Desktop\houseoftzw\Fliter\Middlewares\ST\ARM\DSP\Lib\libarm_cortexM4lf_math.a(arm_rfft_fast_f32.o)
                0x08004f60                stage_rfft_f32
 .text.merge_rfft_f32
                0x08005014       0xac C:\Users\10633\Desktop\houseoftzw\Fliter\Middlewares\ST\ARM\DSP\Lib\libarm_cortexM4lf_math.a(arm_rfft_fast_f32.o)
                0x08005014                merge_rfft_f32
 .text.arm_rfft_fast_f32
                0x080050c0       0x40 C:\Users\10633\Desktop\houseoftzw\Fliter\Middlewares\ST\ARM\DSP\Lib\libarm_cortexM4lf_math.a(arm_rfft_fast_f32.o)
                0x080050c0                arm_rfft_fast_f32
 .text.arm_cfft_radix8by2_f32
                0x08005100      0x1a0 C:\Users\10633\Desktop\houseoftzw\Fliter\Middlewares\ST\ARM\DSP\Lib\libarm_cortexM4lf_math.a(arm_cfft_f32.o)
                0x08005100                arm_cfft_radix8by2_f32
 .text.arm_cfft_radix8by4_f32
                0x080052a0      0x4ac C:\Users\10633\Desktop\houseoftzw\Fliter\Middlewares\ST\ARM\DSP\Lib\libarm_cortexM4lf_math.a(arm_cfft_f32.o)
                0x080052a0                arm_cfft_radix8by4_f32
 .text.arm_cfft_f32
                0x0800574c       0xf0 C:\Users\10633\Desktop\houseoftzw\Fliter\Middlewares\ST\ARM\DSP\Lib\libarm_cortexM4lf_math.a(arm_cfft_f32.o)
                0x0800574c                arm_cfft_f32
 .text.arm_bitreversal_32
                0x0800583c       0x40 C:\Users\10633\Desktop\houseoftzw\Fliter\Middlewares\ST\ARM\DSP\Lib\libarm_cortexM4lf_math.a(arm_bitreversal2.o)
                0x0800583c                arm_bitreversal_32
 .text.arm_cmplx_mag_f32
                0x0800587c      0x248 C:\Users\10633\Desktop\houseoftzw\Fliter\Middlewares\ST\ARM\DSP\Lib\libarm_cortexM4lf_math.a(arm_cmplx_mag_f32.o)
                0x0800587c                arm_cmplx_mag_f32
 .text.arm_radix8_butterfly_f32
                0x08005ac4      0x580 C:\Users\10633\Desktop\houseoftzw\Fliter\Middlewares\ST\ARM\DSP\Lib\libarm_cortexM4lf_math.a(arm_cfft_radix8_f32.o)
                0x08005ac4                arm_radix8_butterfly_f32
 .text.__errno  0x08006044        0xc c:/progra~1/stmicr~1/stm32c~1/gcc-ar~1/bin/../lib/gcc/arm-none-eabi/10.3.1/../../../../arm-none-eabi/lib/thumb/v7e-m+fp/hard\libg.a(lib_a-errno.o)
                0x08006044                __errno
 .text.__libc_init_array
                0x08006050       0x48 c:/progra~1/stmicr~1/stm32c~1/gcc-ar~1/bin/../lib/gcc/arm-none-eabi/10.3.1/../../../../arm-none-eabi/lib/thumb/v7e-m+fp/hard\libg.a(lib_a-init.o)
                0x08006050                __libc_init_array
 .text.memset   0x08006098       0xa4 c:/progra~1/stmicr~1/stm32c~1/gcc-ar~1/bin/../lib/gcc/arm-none-eabi/10.3.1/../../../../arm-none-eabi/lib/thumb/v7e-m+fp/hard\libg.a(lib_a-memset.o)
                0x08006098                memset
 .text.sprintf  0x0800613c       0x40 c:/progra~1/stmicr~1/stm32c~1/gcc-ar~1/bin/../lib/gcc/arm-none-eabi/10.3.1/../../../../arm-none-eabi/lib/thumb/v7e-m+fp/hard\libg.a(lib_a-sprintf.o)
                0x0800613c                sprintf
 *fill*         0x0800617c        0x4 
 .text._svfprintf_r
                0x08006180     0x1acc c:/progra~1/stmicr~1/stm32c~1/gcc-ar~1/bin/../lib/gcc/arm-none-eabi/10.3.1/../../../../arm-none-eabi/lib/thumb/v7e-m+fp/hard\libg.a(lib_a-svfprintf.o)
                0x08006180                _svfprintf_r
 .text.startup.register_fini
                0x08007c4c       0x14 c:/progra~1/stmicr~1/stm32c~1/gcc-ar~1/bin/../lib/gcc/arm-none-eabi/10.3.1/../../../../arm-none-eabi/lib/thumb/v7e-m+fp/hard\libg.a(lib_a-__call_atexit.o)
 .text.atexit   0x08007c60        0xc c:/progra~1/stmicr~1/stm32c~1/gcc-ar~1/bin/../lib/gcc/arm-none-eabi/10.3.1/../../../../arm-none-eabi/lib/thumb/v7e-m+fp/hard\libg.a(lib_a-atexit.o)
                0x08007c60                atexit
 .text.quorem   0x08007c6c      0x128 c:/progra~1/stmicr~1/stm32c~1/gcc-ar~1/bin/../lib/gcc/arm-none-eabi/10.3.1/../../../../arm-none-eabi/lib/thumb/v7e-m+fp/hard\libg.a(lib_a-dtoa.o)
 *fill*         0x08007d94        0x4 
 .text._dtoa_r  0x08007d98      0xf3c c:/progra~1/stmicr~1/stm32c~1/gcc-ar~1/bin/../lib/gcc/arm-none-eabi/10.3.1/../../../../arm-none-eabi/lib/thumb/v7e-m+fp/hard\libg.a(lib_a-dtoa.o)
                0x08007d98                _dtoa_r
 .text._cleanup_r
                0x08008cd4        0xc c:/progra~1/stmicr~1/stm32c~1/gcc-ar~1/bin/../lib/gcc/arm-none-eabi/10.3.1/../../../../arm-none-eabi/lib/thumb/v7e-m+fp/hard\libg.a(lib_a-findfp.o)
                0x08008cd4                _cleanup_r
 .text.__sinit  0x08008ce0      0x10c c:/progra~1/stmicr~1/stm32c~1/gcc-ar~1/bin/../lib/gcc/arm-none-eabi/10.3.1/../../../../arm-none-eabi/lib/thumb/v7e-m+fp/hard\libg.a(lib_a-findfp.o)
                0x08008ce0                __sinit
 .text.__sfp_lock_acquire
                0x08008dec        0xc c:/progra~1/stmicr~1/stm32c~1/gcc-ar~1/bin/../lib/gcc/arm-none-eabi/10.3.1/../../../../arm-none-eabi/lib/thumb/v7e-m+fp/hard\libg.a(lib_a-findfp.o)
                0x08008dec                __sfp_lock_acquire
 .text.__sfp_lock_release
                0x08008df8        0xc c:/progra~1/stmicr~1/stm32c~1/gcc-ar~1/bin/../lib/gcc/arm-none-eabi/10.3.1/../../../../arm-none-eabi/lib/thumb/v7e-m+fp/hard\libg.a(lib_a-findfp.o)
                0x08008df8                __sfp_lock_release
 .text.__libc_fini_array
                0x08008e04       0x2c c:/progra~1/stmicr~1/stm32c~1/gcc-ar~1/bin/../lib/gcc/arm-none-eabi/10.3.1/../../../../arm-none-eabi/lib/thumb/v7e-m+fp/hard\libg.a(lib_a-fini.o)
                0x08008e04                __libc_fini_array
 .text._malloc_trim_r
                0x08008e30       0xa0 c:/progra~1/stmicr~1/stm32c~1/gcc-ar~1/bin/../lib/gcc/arm-none-eabi/10.3.1/../../../../arm-none-eabi/lib/thumb/v7e-m+fp/hard\libg.a(lib_a-freer.o)
                0x08008e30                _malloc_trim_r
 .text._free_r  0x08008ed0      0x20c c:/progra~1/stmicr~1/stm32c~1/gcc-ar~1/bin/../lib/gcc/arm-none-eabi/10.3.1/../../../../arm-none-eabi/lib/thumb/v7e-m+fp/hard\libg.a(lib_a-freer.o)
                0x08008ed0                _free_r
 .text.__sfvwrite_r
                0x080090dc      0x2f0 c:/progra~1/stmicr~1/stm32c~1/gcc-ar~1/bin/../lib/gcc/arm-none-eabi/10.3.1/../../../../arm-none-eabi/lib/thumb/v7e-m+fp/hard\libg.a(lib_a-fvwrite.o)
                0x080090dc                __sfvwrite_r
 .text._fwalk_reent
                0x080093cc       0x48 c:/progra~1/stmicr~1/stm32c~1/gcc-ar~1/bin/../lib/gcc/arm-none-eabi/10.3.1/../../../../arm-none-eabi/lib/thumb/v7e-m+fp/hard\libg.a(lib_a-fwalk.o)
                0x080093cc                _fwalk_reent
 .text._localeconv_r
                0x08009414        0x8 c:/progra~1/stmicr~1/stm32c~1/gcc-ar~1/bin/../lib/gcc/arm-none-eabi/10.3.1/../../../../arm-none-eabi/lib/thumb/v7e-m+fp/hard\libg.a(lib_a-localeconv.o)
                0x08009414                _localeconv_r
 .text.__retarget_lock_init_recursive
                0x0800941c        0x4 c:/progra~1/stmicr~1/stm32c~1/gcc-ar~1/bin/../lib/gcc/arm-none-eabi/10.3.1/../../../../arm-none-eabi/lib/thumb/v7e-m+fp/hard\libg.a(lib_a-lock.o)
                0x0800941c                __retarget_lock_init_recursive
 .text.__retarget_lock_close_recursive
                0x08009420        0x4 c:/progra~1/stmicr~1/stm32c~1/gcc-ar~1/bin/../lib/gcc/arm-none-eabi/10.3.1/../../../../arm-none-eabi/lib/thumb/v7e-m+fp/hard\libg.a(lib_a-lock.o)
                0x08009420                __retarget_lock_close_recursive
 .text.__retarget_lock_acquire_recursive
                0x08009424        0x4 c:/progra~1/stmicr~1/stm32c~1/gcc-ar~1/bin/../lib/gcc/arm-none-eabi/10.3.1/../../../../arm-none-eabi/lib/thumb/v7e-m+fp/hard\libg.a(lib_a-lock.o)
                0x08009424                __retarget_lock_acquire_recursive
 .text.__retarget_lock_release_recursive
                0x08009428        0x4 c:/progra~1/stmicr~1/stm32c~1/gcc-ar~1/bin/../lib/gcc/arm-none-eabi/10.3.1/../../../../arm-none-eabi/lib/thumb/v7e-m+fp/hard\libg.a(lib_a-lock.o)
                0x08009428                __retarget_lock_release_recursive
 .text._malloc_r
                0x0800942c      0x560 c:/progra~1/stmicr~1/stm32c~1/gcc-ar~1/bin/../lib/gcc/arm-none-eabi/10.3.1/../../../../arm-none-eabi/lib/thumb/v7e-m+fp/hard\libg.a(lib_a-mallocr.o)
                0x0800942c                _malloc_r
 .text.memmove  0x0800998c       0xf8 c:/progra~1/stmicr~1/stm32c~1/gcc-ar~1/bin/../lib/gcc/arm-none-eabi/10.3.1/../../../../arm-none-eabi/lib/thumb/v7e-m+fp/hard\libg.a(lib_a-memmove.o)
                0x0800998c                memmove
 .text.__malloc_lock
                0x08009a84        0xc c:/progra~1/stmicr~1/stm32c~1/gcc-ar~1/bin/../lib/gcc/arm-none-eabi/10.3.1/../../../../arm-none-eabi/lib/thumb/v7e-m+fp/hard\libg.a(lib_a-mlock.o)
                0x08009a84                __malloc_lock
 .text.__malloc_unlock
                0x08009a90        0xc c:/progra~1/stmicr~1/stm32c~1/gcc-ar~1/bin/../lib/gcc/arm-none-eabi/10.3.1/../../../../arm-none-eabi/lib/thumb/v7e-m+fp/hard\libg.a(lib_a-mlock.o)
                0x08009a90                __malloc_unlock
 .text._Balloc  0x08009a9c       0x4c c:/progra~1/stmicr~1/stm32c~1/gcc-ar~1/bin/../lib/gcc/arm-none-eabi/10.3.1/../../../../arm-none-eabi/lib/thumb/v7e-m+fp/hard\libg.a(lib_a-mprec.o)
                0x08009a9c                _Balloc
 .text._Bfree   0x08009ae8       0x14 c:/progra~1/stmicr~1/stm32c~1/gcc-ar~1/bin/../lib/gcc/arm-none-eabi/10.3.1/../../../../arm-none-eabi/lib/thumb/v7e-m+fp/hard\libg.a(lib_a-mprec.o)
                0x08009ae8                _Bfree
 .text.__multadd
                0x08009afc       0xa8 c:/progra~1/stmicr~1/stm32c~1/gcc-ar~1/bin/../lib/gcc/arm-none-eabi/10.3.1/../../../../arm-none-eabi/lib/thumb/v7e-m+fp/hard\libg.a(lib_a-mprec.o)
                0x08009afc                __multadd
 .text.__hi0bits
                0x08009ba4       0x40 c:/progra~1/stmicr~1/stm32c~1/gcc-ar~1/bin/../lib/gcc/arm-none-eabi/10.3.1/../../../../arm-none-eabi/lib/thumb/v7e-m+fp/hard\libg.a(lib_a-mprec.o)
                0x08009ba4                __hi0bits
 .text.__lo0bits
                0x08009be4       0x60 c:/progra~1/stmicr~1/stm32c~1/gcc-ar~1/bin/../lib/gcc/arm-none-eabi/10.3.1/../../../../arm-none-eabi/lib/thumb/v7e-m+fp/hard\libg.a(lib_a-mprec.o)
                0x08009be4                __lo0bits
 .text.__i2b    0x08009c44       0x5c c:/progra~1/stmicr~1/stm32c~1/gcc-ar~1/bin/../lib/gcc/arm-none-eabi/10.3.1/../../../../arm-none-eabi/lib/thumb/v7e-m+fp/hard\libg.a(lib_a-mprec.o)
                0x08009c44                __i2b
 .text.__multiply
                0x08009ca0      0x15c c:/progra~1/stmicr~1/stm32c~1/gcc-ar~1/bin/../lib/gcc/arm-none-eabi/10.3.1/../../../../arm-none-eabi/lib/thumb/v7e-m+fp/hard\libg.a(lib_a-mprec.o)
                0x08009ca0                __multiply
 .text.__pow5mult
                0x08009dfc       0xc0 c:/progra~1/stmicr~1/stm32c~1/gcc-ar~1/bin/../lib/gcc/arm-none-eabi/10.3.1/../../../../arm-none-eabi/lib/thumb/v7e-m+fp/hard\libg.a(lib_a-mprec.o)
                0x08009dfc                __pow5mult
 .text.__lshift
                0x08009ebc       0xf0 c:/progra~1/stmicr~1/stm32c~1/gcc-ar~1/bin/../lib/gcc/arm-none-eabi/10.3.1/../../../../arm-none-eabi/lib/thumb/v7e-m+fp/hard\libg.a(lib_a-mprec.o)
                0x08009ebc                __lshift
 .text.__mcmp   0x08009fac       0x44 c:/progra~1/stmicr~1/stm32c~1/gcc-ar~1/bin/../lib/gcc/arm-none-eabi/10.3.1/../../../../arm-none-eabi/lib/thumb/v7e-m+fp/hard\libg.a(lib_a-mprec.o)
                0x08009fac                __mcmp
 .text.__mdiff  0x08009ff0      0x14c c:/progra~1/stmicr~1/stm32c~1/gcc-ar~1/bin/../lib/gcc/arm-none-eabi/10.3.1/../../../../arm-none-eabi/lib/thumb/v7e-m+fp/hard\libg.a(lib_a-mprec.o)
                0x08009ff0                __mdiff
 .text.__d2b    0x0800a13c       0xd0 c:/progra~1/stmicr~1/stm32c~1/gcc-ar~1/bin/../lib/gcc/arm-none-eabi/10.3.1/../../../../arm-none-eabi/lib/thumb/v7e-m+fp/hard\libg.a(lib_a-mprec.o)
                0x0800a13c                __d2b
 .text._realloc_r
                0x0800a20c      0x3d8 c:/progra~1/stmicr~1/stm32c~1/gcc-ar~1/bin/../lib/gcc/arm-none-eabi/10.3.1/../../../../arm-none-eabi/lib/thumb/v7e-m+fp/hard\libg.a(lib_a-reallocr.o)
                0x0800a20c                _realloc_r
 .text.frexp    0x0800a5e4       0x6c c:/progra~1/stmicr~1/stm32c~1/gcc-ar~1/bin/../lib/gcc/arm-none-eabi/10.3.1/../../../../arm-none-eabi/lib/thumb/v7e-m+fp/hard\libg.a(lib_a-s_frexp.o)
                0x0800a5e4                frexp
 .text._sbrk_r  0x0800a650       0x24 c:/progra~1/stmicr~1/stm32c~1/gcc-ar~1/bin/../lib/gcc/arm-none-eabi/10.3.1/../../../../arm-none-eabi/lib/thumb/v7e-m+fp/hard\libg.a(lib_a-sbrkr.o)
                0x0800a650                _sbrk_r
 .text.__sread  0x0800a674       0x24 c:/progra~1/stmicr~1/stm32c~1/gcc-ar~1/bin/../lib/gcc/arm-none-eabi/10.3.1/../../../../arm-none-eabi/lib/thumb/v7e-m+fp/hard\libg.a(lib_a-stdio.o)
                0x0800a674                __sread
 .text.__swrite
                0x0800a698       0x40 c:/progra~1/stmicr~1/stm32c~1/gcc-ar~1/bin/../lib/gcc/arm-none-eabi/10.3.1/../../../../arm-none-eabi/lib/thumb/v7e-m+fp/hard\libg.a(lib_a-stdio.o)
                0x0800a698                __swrite
 .text.__sseek  0x0800a6d8       0x20 c:/progra~1/stmicr~1/stm32c~1/gcc-ar~1/bin/../lib/gcc/arm-none-eabi/10.3.1/../../../../arm-none-eabi/lib/thumb/v7e-m+fp/hard\libg.a(lib_a-stdio.o)
                0x0800a6d8                __sseek
 .text.__sclose
                0x0800a6f8        0x8 c:/progra~1/stmicr~1/stm32c~1/gcc-ar~1/bin/../lib/gcc/arm-none-eabi/10.3.1/../../../../arm-none-eabi/lib/thumb/v7e-m+fp/hard\libg.a(lib_a-stdio.o)
                0x0800a6f8                __sclose
 .text.strncpy  0x0800a700       0x64 c:/progra~1/stmicr~1/stm32c~1/gcc-ar~1/bin/../lib/gcc/arm-none-eabi/10.3.1/../../../../arm-none-eabi/lib/thumb/v7e-m+fp/hard\libg.a(lib_a-strncpy.o)
                0x0800a700                strncpy
 .text.__ssprint_r
                0x0800a764       0xf8 c:/progra~1/stmicr~1/stm32c~1/gcc-ar~1/bin/../lib/gcc/arm-none-eabi/10.3.1/../../../../arm-none-eabi/lib/thumb/v7e-m+fp/hard\libg.a(lib_a-svfiprintf.o)
                0x0800a764                __ssprint_r
 .text._write_r
                0x0800a85c       0x2c c:/progra~1/stmicr~1/stm32c~1/gcc-ar~1/bin/../lib/gcc/arm-none-eabi/10.3.1/../../../../arm-none-eabi/lib/thumb/v7e-m+fp/hard\libg.a(lib_a-writer.o)
                0x0800a85c                _write_r
 .text.__swsetup_r
                0x0800a888       0xd4 c:/progra~1/stmicr~1/stm32c~1/gcc-ar~1/bin/../lib/gcc/arm-none-eabi/10.3.1/../../../../arm-none-eabi/lib/thumb/v7e-m+fp/hard\libg.a(lib_a-wsetup.o)
                0x0800a888                __swsetup_r
 .text.__register_exitproc
                0x0800a95c       0x8c c:/progra~1/stmicr~1/stm32c~1/gcc-ar~1/bin/../lib/gcc/arm-none-eabi/10.3.1/../../../../arm-none-eabi/lib/thumb/v7e-m+fp/hard\libg.a(lib_a-__atexit.o)
                0x0800a95c                __register_exitproc
 .text.__assert_func
                0x0800a9e8       0x40 c:/progra~1/stmicr~1/stm32c~1/gcc-ar~1/bin/../lib/gcc/arm-none-eabi/10.3.1/../../../../arm-none-eabi/lib/thumb/v7e-m+fp/hard\libg.a(lib_a-assert.o)
                0x0800a9e8                __assert_func
 .text._calloc_r
                0x0800aa28       0x78 c:/progra~1/stmicr~1/stm32c~1/gcc-ar~1/bin/../lib/gcc/arm-none-eabi/10.3.1/../../../../arm-none-eabi/lib/thumb/v7e-m+fp/hard\libg.a(lib_a-callocr.o)
                0x0800aa28                _calloc_r
 .text._close_r
                0x0800aaa0       0x24 c:/progra~1/stmicr~1/stm32c~1/gcc-ar~1/bin/../lib/gcc/arm-none-eabi/10.3.1/../../../../arm-none-eabi/lib/thumb/v7e-m+fp/hard\libg.a(lib_a-closer.o)
                0x0800aaa0                _close_r
 .text._fclose_r
                0x0800aac4       0xcc c:/progra~1/stmicr~1/stm32c~1/gcc-ar~1/bin/../lib/gcc/arm-none-eabi/10.3.1/../../../../arm-none-eabi/lib/thumb/v7e-m+fp/hard\libg.a(lib_a-fclose.o)
                0x0800aac4                _fclose_r
 .text.__sflush_r
                0x0800ab90      0x130 c:/progra~1/stmicr~1/stm32c~1/gcc-ar~1/bin/../lib/gcc/arm-none-eabi/10.3.1/../../../../arm-none-eabi/lib/thumb/v7e-m+fp/hard\libg.a(lib_a-fflush.o)
                0x0800ab90                __sflush_r
 .text._fflush_r
                0x0800acc0       0x5c c:/progra~1/stmicr~1/stm32c~1/gcc-ar~1/bin/../lib/gcc/arm-none-eabi/10.3.1/../../../../arm-none-eabi/lib/thumb/v7e-m+fp/hard\libg.a(lib_a-fflush.o)
                0x0800acc0                _fflush_r
 .text.fiprintf
                0x0800ad1c       0x28 c:/progra~1/stmicr~1/stm32c~1/gcc-ar~1/bin/../lib/gcc/arm-none-eabi/10.3.1/../../../../arm-none-eabi/lib/thumb/v7e-m+fp/hard\libg.a(lib_a-fiprintf.o)
                0x0800ad1c                fiprintf
 .text.__locale_mb_cur_max
                0x0800ad44        0xc c:/progra~1/stmicr~1/stm32c~1/gcc-ar~1/bin/../lib/gcc/arm-none-eabi/10.3.1/../../../../arm-none-eabi/lib/thumb/v7e-m+fp/hard\libg.a(lib_a-locale.o)
                0x0800ad44                __locale_mb_cur_max
 .text._lseek_r
                0x0800ad50       0x2c c:/progra~1/stmicr~1/stm32c~1/gcc-ar~1/bin/../lib/gcc/arm-none-eabi/10.3.1/../../../../arm-none-eabi/lib/thumb/v7e-m+fp/hard\libg.a(lib_a-lseekr.o)
                0x0800ad50                _lseek_r
 .text.__smakebuf_r
                0x0800ad7c       0xe0 c:/progra~1/stmicr~1/stm32c~1/gcc-ar~1/bin/../lib/gcc/arm-none-eabi/10.3.1/../../../../arm-none-eabi/lib/thumb/v7e-m+fp/hard\libg.a(lib_a-makebuf.o)
                0x0800ad7c                __smakebuf_r
 .text.__ascii_mbtowc
                0x0800ae5c       0x2c c:/progra~1/stmicr~1/stm32c~1/gcc-ar~1/bin/../lib/gcc/arm-none-eabi/10.3.1/../../../../arm-none-eabi/lib/thumb/v7e-m+fp/hard\libg.a(lib_a-mbtowc_r.o)
                0x0800ae5c                __ascii_mbtowc
 .text._read_r  0x0800ae88       0x2c c:/progra~1/stmicr~1/stm32c~1/gcc-ar~1/bin/../lib/gcc/arm-none-eabi/10.3.1/../../../../arm-none-eabi/lib/thumb/v7e-m+fp/hard\libg.a(lib_a-readr.o)
                0x0800ae88                _read_r
 .text.__sprint_r.part.0
                0x0800aeb4       0x78 c:/progra~1/stmicr~1/stm32c~1/gcc-ar~1/bin/../lib/gcc/arm-none-eabi/10.3.1/../../../../arm-none-eabi/lib/thumb/v7e-m+fp/hard\libg.a(lib_a-vfiprintf.o)
 .text._vfiprintf_r
                0x0800af2c      0xdfc c:/progra~1/stmicr~1/stm32c~1/gcc-ar~1/bin/../lib/gcc/arm-none-eabi/10.3.1/../../../../arm-none-eabi/lib/thumb/v7e-m+fp/hard\libg.a(lib_a-vfiprintf.o)
                0x0800af2c                _vfiprintf_r
 .text.__sbprintf
                0x0800bd28       0x80 c:/progra~1/stmicr~1/stm32c~1/gcc-ar~1/bin/../lib/gcc/arm-none-eabi/10.3.1/../../../../arm-none-eabi/lib/thumb/v7e-m+fp/hard\libg.a(lib_a-vfiprintf.o)
 .text.__ascii_wctomb
                0x0800bda8       0x1c c:/progra~1/stmicr~1/stm32c~1/gcc-ar~1/bin/../lib/gcc/arm-none-eabi/10.3.1/../../../../arm-none-eabi/lib/thumb/v7e-m+fp/hard\libg.a(lib_a-wctomb_r.o)
                0x0800bda8                __ascii_wctomb
 .text.abort    0x0800bdc4       0x10 c:/progra~1/stmicr~1/stm32c~1/gcc-ar~1/bin/../lib/gcc/arm-none-eabi/10.3.1/../../../../arm-none-eabi/lib/thumb/v7e-m+fp/hard\libg.a(lib_a-abort.o)
                0x0800bdc4                abort
 .text.__fputwc
                0x0800bdd4       0xa8 c:/progra~1/stmicr~1/stm32c~1/gcc-ar~1/bin/../lib/gcc/arm-none-eabi/10.3.1/../../../../arm-none-eabi/lib/thumb/v7e-m+fp/hard\libg.a(lib_a-fputwc.o)
                0x0800bdd4                __fputwc
 .text._fputwc_r
                0x0800be7c       0x68 c:/progra~1/stmicr~1/stm32c~1/gcc-ar~1/bin/../lib/gcc/arm-none-eabi/10.3.1/../../../../arm-none-eabi/lib/thumb/v7e-m+fp/hard\libg.a(lib_a-fputwc.o)
                0x0800be7c                _fputwc_r
 .text._fstat_r
                0x0800bee4       0x2c c:/progra~1/stmicr~1/stm32c~1/gcc-ar~1/bin/../lib/gcc/arm-none-eabi/10.3.1/../../../../arm-none-eabi/lib/thumb/v7e-m+fp/hard\libg.a(lib_a-fstatr.o)
                0x0800bee4                _fstat_r
 .text._isatty_r
                0x0800bf10       0x24 c:/progra~1/stmicr~1/stm32c~1/gcc-ar~1/bin/../lib/gcc/arm-none-eabi/10.3.1/../../../../arm-none-eabi/lib/thumb/v7e-m+fp/hard\libg.a(lib_a-isattyr.o)
                0x0800bf10                _isatty_r
 .text.raise    0x0800bf34       0x5c c:/progra~1/stmicr~1/stm32c~1/gcc-ar~1/bin/../lib/gcc/arm-none-eabi/10.3.1/../../../../arm-none-eabi/lib/thumb/v7e-m+fp/hard\libg.a(lib_a-signal.o)
                0x0800bf34                raise
 .text._kill_r  0x0800bf90       0x2c c:/progra~1/stmicr~1/stm32c~1/gcc-ar~1/bin/../lib/gcc/arm-none-eabi/10.3.1/../../../../arm-none-eabi/lib/thumb/v7e-m+fp/hard\libg.a(lib_a-signalr.o)
                0x0800bf90                _kill_r
 .text._getpid_r
                0x0800bfbc        0x4 c:/progra~1/stmicr~1/stm32c~1/gcc-ar~1/bin/../lib/gcc/arm-none-eabi/10.3.1/../../../../arm-none-eabi/lib/thumb/v7e-m+fp/hard\libg.a(lib_a-signalr.o)
                0x0800bfbc                _getpid_r
 .text.__swbuf_r
                0x0800bfc0       0xb0 c:/progra~1/stmicr~1/stm32c~1/gcc-ar~1/bin/../lib/gcc/arm-none-eabi/10.3.1/../../../../arm-none-eabi/lib/thumb/v7e-m+fp/hard\libg.a(lib_a-wbuf.o)
                0x0800bfc0                __swbuf_r
 .text._wcrtomb_r
                0x0800c070       0x3c c:/progra~1/stmicr~1/stm32c~1/gcc-ar~1/bin/../lib/gcc/arm-none-eabi/10.3.1/../../../../arm-none-eabi/lib/thumb/v7e-m+fp/hard\libg.a(lib_a-wcrtomb.o)
                0x0800c070                _wcrtomb_r
 *fill*         0x0800c0ac        0x4 
 .text.sin      0x0800c0b0       0x90 c:/progra~1/stmicr~1/stm32c~1/gcc-ar~1/bin/../lib/gcc/arm-none-eabi/10.3.1/../../../../arm-none-eabi/lib/thumb/v7e-m+fp/hard\libm.a(lib_a-s_sin.o)
                0x0800c0b0                sin
 .text.atan2    0x0800c140        0x4 c:/progra~1/stmicr~1/stm32c~1/gcc-ar~1/bin/../lib/gcc/arm-none-eabi/10.3.1/../../../../arm-none-eabi/lib/thumb/v7e-m+fp/hard\libm.a(lib_a-w_atan2.o)
                0x0800c140                atan2
 *fill*         0x0800c144        0x4 
 .text.pow      0x0800c148       0xf0 c:/progra~1/stmicr~1/stm32c~1/gcc-ar~1/bin/../lib/gcc/arm-none-eabi/10.3.1/../../../../arm-none-eabi/lib/thumb/v7e-m+fp/hard\libm.a(lib_a-w_pow.o)
                0x0800c148                pow
 .text.sqrt     0x0800c238       0x68 c:/progra~1/stmicr~1/stm32c~1/gcc-ar~1/bin/../lib/gcc/arm-none-eabi/10.3.1/../../../../arm-none-eabi/lib/thumb/v7e-m+fp/hard\libm.a(lib_a-w_sqrt.o)
                0x0800c238                sqrt
 .text.sqrtf    0x0800c2a0       0x44 c:/progra~1/stmicr~1/stm32c~1/gcc-ar~1/bin/../lib/gcc/arm-none-eabi/10.3.1/../../../../arm-none-eabi/lib/thumb/v7e-m+fp/hard\libm.a(lib_a-wf_sqrt.o)
                0x0800c2a0                sqrtf
 *fill*         0x0800c2e4        0x4 
 .text.__ieee754_atan2
                0x0800c2e8      0x1ac c:/progra~1/stmicr~1/stm32c~1/gcc-ar~1/bin/../lib/gcc/arm-none-eabi/10.3.1/../../../../arm-none-eabi/lib/thumb/v7e-m+fp/hard\libm.a(lib_a-e_atan2.o)
                0x0800c2e8                __ieee754_atan2
 *fill*         0x0800c494        0x4 
 .text.__ieee754_pow
                0x0800c498      0xb74 c:/progra~1/stmicr~1/stm32c~1/gcc-ar~1/bin/../lib/gcc/arm-none-eabi/10.3.1/../../../../arm-none-eabi/lib/thumb/v7e-m+fp/hard\libm.a(lib_a-e_pow.o)
                0x0800c498                __ieee754_pow
 *fill*         0x0800d00c        0x4 
 .text.__ieee754_rem_pio2
                0x0800d010      0x44c c:/progra~1/stmicr~1/stm32c~1/gcc-ar~1/bin/../lib/gcc/arm-none-eabi/10.3.1/../../../../arm-none-eabi/lib/thumb/v7e-m+fp/hard\libm.a(lib_a-e_rem_pio2.o)
                0x0800d010                __ieee754_rem_pio2
 .text.__ieee754_sqrt
                0x0800d45c      0x198 c:/progra~1/stmicr~1/stm32c~1/gcc-ar~1/bin/../lib/gcc/arm-none-eabi/10.3.1/../../../../arm-none-eabi/lib/thumb/v7e-m+fp/hard\libm.a(lib_a-e_sqrt.o)
                0x0800d45c                __ieee754_sqrt
 .text.__ieee754_sqrtf
                0x0800d5f4        0x8 c:/progra~1/stmicr~1/stm32c~1/gcc-ar~1/bin/../lib/gcc/arm-none-eabi/10.3.1/../../../../arm-none-eabi/lib/thumb/v7e-m+fp/hard\libm.a(lib_a-ef_sqrt.o)
                0x0800d5f4                __ieee754_sqrtf
 *fill*         0x0800d5fc        0x4 
 .text.__kernel_cos
                0x0800d600      0x27c c:/progra~1/stmicr~1/stm32c~1/gcc-ar~1/bin/../lib/gcc/arm-none-eabi/10.3.1/../../../../arm-none-eabi/lib/thumb/v7e-m+fp/hard\libm.a(lib_a-k_cos.o)
                0x0800d600                __kernel_cos
 *fill*         0x0800d87c        0x4 
 .text.__kernel_rem_pio2
                0x0800d880      0x850 c:/progra~1/stmicr~1/stm32c~1/gcc-ar~1/bin/../lib/gcc/arm-none-eabi/10.3.1/../../../../arm-none-eabi/lib/thumb/v7e-m+fp/hard\libm.a(lib_a-k_rem_pio2.o)
                0x0800d880                __kernel_rem_pio2
 .text.__kernel_sin
                0x0800e0d0      0x17c c:/progra~1/stmicr~1/stm32c~1/gcc-ar~1/bin/../lib/gcc/arm-none-eabi/10.3.1/../../../../arm-none-eabi/lib/thumb/v7e-m+fp/hard\libm.a(lib_a-k_sin.o)
                0x0800e0d0                __kernel_sin
 .text.with_errno
                0x0800e24c       0x18 c:/progra~1/stmicr~1/stm32c~1/gcc-ar~1/bin/../lib/gcc/arm-none-eabi/10.3.1/../../../../arm-none-eabi/lib/thumb/v7e-m+fp/hard\libm.a(lib_a-math_err.o)
 .text.xflow    0x0800e264       0x2c c:/progra~1/stmicr~1/stm32c~1/gcc-ar~1/bin/../lib/gcc/arm-none-eabi/10.3.1/../../../../arm-none-eabi/lib/thumb/v7e-m+fp/hard\libm.a(lib_a-math_err.o)
 .text.__math_uflow
                0x0800e290       0x14 c:/progra~1/stmicr~1/stm32c~1/gcc-ar~1/bin/../lib/gcc/arm-none-eabi/10.3.1/../../../../arm-none-eabi/lib/thumb/v7e-m+fp/hard\libm.a(lib_a-math_err.o)
                0x0800e290                __math_uflow
 .text.__math_oflow
                0x0800e2a4       0x14 c:/progra~1/stmicr~1/stm32c~1/gcc-ar~1/bin/../lib/gcc/arm-none-eabi/10.3.1/../../../../arm-none-eabi/lib/thumb/v7e-m+fp/hard\libm.a(lib_a-math_err.o)
                0x0800e2a4                __math_oflow
 .text.atan     0x0800e2b8      0x340 c:/progra~1/stmicr~1/stm32c~1/gcc-ar~1/bin/../lib/gcc/arm-none-eabi/10.3.1/../../../../arm-none-eabi/lib/thumb/v7e-m+fp/hard\libm.a(lib_a-s_atan.o)
                0x0800e2b8                atan
 .text.fabs     0x0800e5f8       0x14 c:/progra~1/stmicr~1/stm32c~1/gcc-ar~1/bin/../lib/gcc/arm-none-eabi/10.3.1/../../../../arm-none-eabi/lib/thumb/v7e-m+fp/hard\libm.a(lib_a-s_fabs.o)
                0x0800e5f8                fabs
 .text.finite   0x0800e60c       0x18 c:/progra~1/stmicr~1/stm32c~1/gcc-ar~1/bin/../lib/gcc/arm-none-eabi/10.3.1/../../../../arm-none-eabi/lib/thumb/v7e-m+fp/hard\libm.a(lib_a-s_finite.o)
                0x0800e60c                finite
 *fill*         0x0800e624        0x4 
 .text.floor    0x0800e628      0x108 c:/progra~1/stmicr~1/stm32c~1/gcc-ar~1/bin/../lib/gcc/arm-none-eabi/10.3.1/../../../../arm-none-eabi/lib/thumb/v7e-m+fp/hard\libm.a(lib_a-s_floor.o)
                0x0800e628                floor
 .text.scalbn   0x0800e730      0x124 c:/progra~1/stmicr~1/stm32c~1/gcc-ar~1/bin/../lib/gcc/arm-none-eabi/10.3.1/../../../../arm-none-eabi/lib/thumb/v7e-m+fp/hard\libm.a(lib_a-s_scalbn.o)
                0x0800e730                scalbn
 *(.glue_7)
 .glue_7        0x0800e854        0x0 linker stubs
 *(.glue_7t)
 .glue_7t       0x0800e854        0x0 linker stubs
 *(.eh_frame)
 .eh_frame      0x0800e854        0x0 c:/progra~1/stmicr~1/stm32c~1/gcc-ar~1/bin/../lib/gcc/arm-none-eabi/10.3.1/thumb/v7e-m+fp/hard/crtbegin.o
 *(.init)
 .init          0x0800e854        0x4 c:/progra~1/stmicr~1/stm32c~1/gcc-ar~1/bin/../lib/gcc/arm-none-eabi/10.3.1/thumb/v7e-m+fp/hard/crti.o
                0x0800e854                _init
 .init          0x0800e858        0x8 c:/progra~1/stmicr~1/stm32c~1/gcc-ar~1/bin/../lib/gcc/arm-none-eabi/10.3.1/thumb/v7e-m+fp/hard/crtn.o
 *(.fini)
 .fini          0x0800e860        0x4 c:/progra~1/stmicr~1/stm32c~1/gcc-ar~1/bin/../lib/gcc/arm-none-eabi/10.3.1/thumb/v7e-m+fp/hard/crti.o
                0x0800e860                _fini
 .fini          0x0800e864        0x8 c:/progra~1/stmicr~1/stm32c~1/gcc-ar~1/bin/../lib/gcc/arm-none-eabi/10.3.1/thumb/v7e-m+fp/hard/crtn.o
                0x0800e86c                . = ALIGN (0x4)
                0x0800e86c                _etext = .

.vfp11_veneer   0x0800e86c        0x0
 .vfp11_veneer  0x0800e86c        0x0 linker stubs

.v4_bx          0x0800e86c        0x0
 .v4_bx         0x0800e86c        0x0 linker stubs

.iplt           0x0800e86c        0x0
 .iplt          0x0800e86c        0x0 c:/progra~1/stmicr~1/stm32c~1/gcc-ar~1/bin/../lib/gcc/arm-none-eabi/10.3.1/thumb/v7e-m+fp/hard/crtbegin.o

.rodata         0x0800e870    0x14e68
                0x0800e870                . = ALIGN (0x4)
 *(.rodata)
 *(.rodata*)
 .rodata.ASCII_1608_Table
                0x0800e870      0x5f0 CMakeFiles/Fliter.elf.dir/Core/Src/fonts.c.obj
                0x0800e870                ASCII_1608_Table
 .rodata.ASCII_2412_Table
                0x0800ee60     0x11d0 CMakeFiles/Fliter.elf.dir/Core/Src/fonts.c.obj
                0x0800ee60                ASCII_2412_Table
 .rodata.AHBPrescTable
                0x08010030       0x10 CMakeFiles/Fliter.elf.dir/Core/Src/system_stm32f4xx.c.obj
                0x08010030                AHBPrescTable
 .rodata.APBPrescTable
                0x08010040        0x8 CMakeFiles/Fliter.elf.dir/Core/Src/system_stm32f4xx.c.obj
                0x08010040                APBPrescTable
 .rodata.Painting.str1.4
                0x08010048       0x57 CMakeFiles/Fliter.elf.dir/Core/Src/window.c.obj
 *fill*         0x0801009f        0x1 
 .rodata.flagBitshiftOffset.0
                0x080100a0        0x8 CMakeFiles/Fliter.elf.dir/Drivers/STM32F4xx_HAL_Driver/Src/stm32f4xx_hal_dma.c.obj
 .rodata.armBitRevIndexTable1024
                0x080100a8      0xe10 C:\Users\10633\Desktop\houseoftzw\Fliter\Middlewares\ST\ARM\DSP\Lib\libarm_cortexM4lf_math.a(arm_common_tables.o)
                0x080100a8                armBitRevIndexTable1024
 .rodata.armBitRevIndexTable128
                0x08010eb8      0x1a0 C:\Users\10633\Desktop\houseoftzw\Fliter\Middlewares\ST\ARM\DSP\Lib\libarm_cortexM4lf_math.a(arm_common_tables.o)
                0x08010eb8                armBitRevIndexTable128
 .rodata.armBitRevIndexTable16
                0x08011058       0x28 C:\Users\10633\Desktop\houseoftzw\Fliter\Middlewares\ST\ARM\DSP\Lib\libarm_cortexM4lf_math.a(arm_common_tables.o)
                0x08011058                armBitRevIndexTable16
 .rodata.armBitRevIndexTable2048
                0x08011080     0x1dc0 C:\Users\10633\Desktop\houseoftzw\Fliter\Middlewares\ST\ARM\DSP\Lib\libarm_cortexM4lf_math.a(arm_common_tables.o)
                0x08011080                armBitRevIndexTable2048
 .rodata.armBitRevIndexTable256
                0x08012e40      0x370 C:\Users\10633\Desktop\houseoftzw\Fliter\Middlewares\ST\ARM\DSP\Lib\libarm_cortexM4lf_math.a(arm_common_tables.o)
                0x08012e40                armBitRevIndexTable256
 .rodata.armBitRevIndexTable32
                0x080131b0       0x60 C:\Users\10633\Desktop\houseoftzw\Fliter\Middlewares\ST\ARM\DSP\Lib\libarm_cortexM4lf_math.a(arm_common_tables.o)
                0x080131b0                armBitRevIndexTable32
 .rodata.armBitRevIndexTable512
                0x08013210      0x380 C:\Users\10633\Desktop\houseoftzw\Fliter\Middlewares\ST\ARM\DSP\Lib\libarm_cortexM4lf_math.a(arm_common_tables.o)
                0x08013210                armBitRevIndexTable512
 .rodata.twiddleCoef_1024
                0x08013590     0x2000 C:\Users\10633\Desktop\houseoftzw\Fliter\Middlewares\ST\ARM\DSP\Lib\libarm_cortexM4lf_math.a(arm_common_tables.o)
                0x08013590                twiddleCoef_1024
 .rodata.twiddleCoef_128
                0x08015590      0x400 C:\Users\10633\Desktop\houseoftzw\Fliter\Middlewares\ST\ARM\DSP\Lib\libarm_cortexM4lf_math.a(arm_common_tables.o)
                0x08015590                twiddleCoef_128
 .rodata.twiddleCoef_16
                0x08015990       0x80 C:\Users\10633\Desktop\houseoftzw\Fliter\Middlewares\ST\ARM\DSP\Lib\libarm_cortexM4lf_math.a(arm_common_tables.o)
                0x08015990                twiddleCoef_16
 .rodata.twiddleCoef_2048
                0x08015a10     0x4000 C:\Users\10633\Desktop\houseoftzw\Fliter\Middlewares\ST\ARM\DSP\Lib\libarm_cortexM4lf_math.a(arm_common_tables.o)
                0x08015a10                twiddleCoef_2048
 .rodata.twiddleCoef_256
                0x08019a10      0x800 C:\Users\10633\Desktop\houseoftzw\Fliter\Middlewares\ST\ARM\DSP\Lib\libarm_cortexM4lf_math.a(arm_common_tables.o)
                0x08019a10                twiddleCoef_256
 .rodata.twiddleCoef_32
                0x0801a210      0x100 C:\Users\10633\Desktop\houseoftzw\Fliter\Middlewares\ST\ARM\DSP\Lib\libarm_cortexM4lf_math.a(arm_common_tables.o)
                0x0801a210                twiddleCoef_32
 .rodata.twiddleCoef_512
                0x0801a310     0x1000 C:\Users\10633\Desktop\houseoftzw\Fliter\Middlewares\ST\ARM\DSP\Lib\libarm_cortexM4lf_math.a(arm_common_tables.o)
                0x0801a310                twiddleCoef_512
 .rodata.twiddleCoef_rfft_1024
                0x0801b310     0x1000 C:\Users\10633\Desktop\houseoftzw\Fliter\Middlewares\ST\ARM\DSP\Lib\libarm_cortexM4lf_math.a(arm_common_tables.o)
                0x0801b310                twiddleCoef_rfft_1024
 .rodata.twiddleCoef_rfft_2048
                0x0801c310     0x2000 C:\Users\10633\Desktop\houseoftzw\Fliter\Middlewares\ST\ARM\DSP\Lib\libarm_cortexM4lf_math.a(arm_common_tables.o)
                0x0801c310                twiddleCoef_rfft_2048
 .rodata.twiddleCoef_rfft_256
                0x0801e310      0x400 C:\Users\10633\Desktop\houseoftzw\Fliter\Middlewares\ST\ARM\DSP\Lib\libarm_cortexM4lf_math.a(arm_common_tables.o)
                0x0801e310                twiddleCoef_rfft_256
 .rodata.twiddleCoef_rfft_32
                0x0801e710       0x80 C:\Users\10633\Desktop\houseoftzw\Fliter\Middlewares\ST\ARM\DSP\Lib\libarm_cortexM4lf_math.a(arm_common_tables.o)
                0x0801e710                twiddleCoef_rfft_32
 .rodata.twiddleCoef_rfft_4096
                0x0801e790     0x4000 C:\Users\10633\Desktop\houseoftzw\Fliter\Middlewares\ST\ARM\DSP\Lib\libarm_cortexM4lf_math.a(arm_common_tables.o)
                0x0801e790                twiddleCoef_rfft_4096
 .rodata.twiddleCoef_rfft_512
                0x08022790      0x800 C:\Users\10633\Desktop\houseoftzw\Fliter\Middlewares\ST\ARM\DSP\Lib\libarm_cortexM4lf_math.a(arm_common_tables.o)
                0x08022790                twiddleCoef_rfft_512
 .rodata.twiddleCoef_rfft_64
                0x08022f90      0x100 C:\Users\10633\Desktop\houseoftzw\Fliter\Middlewares\ST\ARM\DSP\Lib\libarm_cortexM4lf_math.a(arm_common_tables.o)
                0x08022f90                twiddleCoef_rfft_64
 .rodata._global_impure_ptr
                0x08023090        0x4 c:/progra~1/stmicr~1/stm32c~1/gcc-ar~1/bin/../lib/gcc/arm-none-eabi/10.3.1/../../../../arm-none-eabi/lib/thumb/v7e-m+fp/hard\libg.a(lib_a-impure.o)
                0x08023090                _global_impure_ptr
 .rodata._svfprintf_r.str1.4
                0x08023094       0x42 c:/progra~1/stmicr~1/stm32c~1/gcc-ar~1/bin/../lib/gcc/arm-none-eabi/10.3.1/../../../../arm-none-eabi/lib/thumb/v7e-m+fp/hard\libg.a(lib_a-svfprintf.o)
 *fill*         0x080230d6        0x2 
 .rodata.blanks.1
                0x080230d8       0x10 c:/progra~1/stmicr~1/stm32c~1/gcc-ar~1/bin/../lib/gcc/arm-none-eabi/10.3.1/../../../../arm-none-eabi/lib/thumb/v7e-m+fp/hard\libg.a(lib_a-svfprintf.o)
 .rodata.zeroes.0
                0x080230e8       0x10 c:/progra~1/stmicr~1/stm32c~1/gcc-ar~1/bin/../lib/gcc/arm-none-eabi/10.3.1/../../../../arm-none-eabi/lib/thumb/v7e-m+fp/hard\libg.a(lib_a-svfprintf.o)
 .rodata._dtoa_r.str1.4
                0x080230f8       0xa2 c:/progra~1/stmicr~1/stm32c~1/gcc-ar~1/bin/../lib/gcc/arm-none-eabi/10.3.1/../../../../arm-none-eabi/lib/thumb/v7e-m+fp/hard\libg.a(lib_a-dtoa.o)
                                 0xa6 (size before relaxing)
 *fill*         0x0802319a        0x2 
 .rodata.__multadd.str1.4
                0x0802319c       0x7f c:/progra~1/stmicr~1/stm32c~1/gcc-ar~1/bin/../lib/gcc/arm-none-eabi/10.3.1/../../../../arm-none-eabi/lib/thumb/v7e-m+fp/hard\libg.a(lib_a-mprec.o)
                                 0x93 (size before relaxing)
 *fill*         0x0802321b        0x5 
 .rodata.__mprec_bigtens
                0x08023220       0x28 c:/progra~1/stmicr~1/stm32c~1/gcc-ar~1/bin/../lib/gcc/arm-none-eabi/10.3.1/../../../../arm-none-eabi/lib/thumb/v7e-m+fp/hard\libg.a(lib_a-mprec.o)
                0x08023220                __mprec_bigtens
 .rodata.__mprec_tens
                0x08023248       0xc8 c:/progra~1/stmicr~1/stm32c~1/gcc-ar~1/bin/../lib/gcc/arm-none-eabi/10.3.1/../../../../arm-none-eabi/lib/thumb/v7e-m+fp/hard\libg.a(lib_a-mprec.o)
                0x08023248                __mprec_tens
 .rodata.p05.0  0x08023310        0xc c:/progra~1/stmicr~1/stm32c~1/gcc-ar~1/bin/../lib/gcc/arm-none-eabi/10.3.1/../../../../arm-none-eabi/lib/thumb/v7e-m+fp/hard\libg.a(lib_a-mprec.o)
 .rodata.__assert_func.str1.4
                0x0802331c       0x3f c:/progra~1/stmicr~1/stm32c~1/gcc-ar~1/bin/../lib/gcc/arm-none-eabi/10.3.1/../../../../arm-none-eabi/lib/thumb/v7e-m+fp/hard\libg.a(lib_a-assert.o)
                                 0x43 (size before relaxing)
 *fill*         0x0802335b        0x1 
 .rodata._setlocale_r.str1.4
                0x0802335c        0xa c:/progra~1/stmicr~1/stm32c~1/gcc-ar~1/bin/../lib/gcc/arm-none-eabi/10.3.1/../../../../arm-none-eabi/lib/thumb/v7e-m+fp/hard\libg.a(lib_a-locale.o)
                                  0xd (size before relaxing)
 *fill*         0x08023366        0x2 
 .rodata.str1.4
                0x08023368        0x2 c:/progra~1/stmicr~1/stm32c~1/gcc-ar~1/bin/../lib/gcc/arm-none-eabi/10.3.1/../../../../arm-none-eabi/lib/thumb/v7e-m+fp/hard\libg.a(lib_a-locale.o)
 .rodata._vfiprintf_r.str1.4
                0x0802336a       0x2f c:/progra~1/stmicr~1/stm32c~1/gcc-ar~1/bin/../lib/gcc/arm-none-eabi/10.3.1/../../../../arm-none-eabi/lib/thumb/v7e-m+fp/hard\libg.a(lib_a-vfiprintf.o)
 *fill*         0x0802336a        0x2 
 .rodata.blanks.1
                0x0802336c       0x10 c:/progra~1/stmicr~1/stm32c~1/gcc-ar~1/bin/../lib/gcc/arm-none-eabi/10.3.1/../../../../arm-none-eabi/lib/thumb/v7e-m+fp/hard\libg.a(lib_a-vfiprintf.o)
 .rodata.zeroes.0
                0x0802337c       0x10 c:/progra~1/stmicr~1/stm32c~1/gcc-ar~1/bin/../lib/gcc/arm-none-eabi/10.3.1/../../../../arm-none-eabi/lib/thumb/v7e-m+fp/hard\libg.a(lib_a-vfiprintf.o)
 .rodata._ctype_
                0x0802338c      0x101 c:/progra~1/stmicr~1/stm32c~1/gcc-ar~1/bin/../lib/gcc/arm-none-eabi/10.3.1/../../../../arm-none-eabi/lib/thumb/v7e-m+fp/hard\libg.a(lib_a-ctype_.o)
                0x0802338c                _ctype_
 *fill*         0x0802348d        0x3 
 .rodata.CSWTCH.8
                0x08023490       0x18 c:/progra~1/stmicr~1/stm32c~1/gcc-ar~1/bin/../lib/gcc/arm-none-eabi/10.3.1/../../../../arm-none-eabi/lib/thumb/v7e-m+fp/hard\libm.a(lib_a-e_atan2.o)
 .rodata.CSWTCH.9
                0x080234a8       0x18 c:/progra~1/stmicr~1/stm32c~1/gcc-ar~1/bin/../lib/gcc/arm-none-eabi/10.3.1/../../../../arm-none-eabi/lib/thumb/v7e-m+fp/hard\libm.a(lib_a-e_atan2.o)
 .rodata.npio2_hw
                0x080234c0       0x80 c:/progra~1/stmicr~1/stm32c~1/gcc-ar~1/bin/../lib/gcc/arm-none-eabi/10.3.1/../../../../arm-none-eabi/lib/thumb/v7e-m+fp/hard\libm.a(lib_a-e_rem_pio2.o)
 .rodata.two_over_pi
                0x08023540      0x108 c:/progra~1/stmicr~1/stm32c~1/gcc-ar~1/bin/../lib/gcc/arm-none-eabi/10.3.1/../../../../arm-none-eabi/lib/thumb/v7e-m+fp/hard\libm.a(lib_a-e_rem_pio2.o)
 .rodata.PIo2   0x08023648       0x40 c:/progra~1/stmicr~1/stm32c~1/gcc-ar~1/bin/../lib/gcc/arm-none-eabi/10.3.1/../../../../arm-none-eabi/lib/thumb/v7e-m+fp/hard\libm.a(lib_a-k_rem_pio2.o)
 .rodata.init_jk
                0x08023688       0x10 c:/progra~1/stmicr~1/stm32c~1/gcc-ar~1/bin/../lib/gcc/arm-none-eabi/10.3.1/../../../../arm-none-eabi/lib/thumb/v7e-m+fp/hard\libm.a(lib_a-k_rem_pio2.o)
 .rodata.atanhi
                0x08023698       0x20 c:/progra~1/stmicr~1/stm32c~1/gcc-ar~1/bin/../lib/gcc/arm-none-eabi/10.3.1/../../../../arm-none-eabi/lib/thumb/v7e-m+fp/hard\libm.a(lib_a-s_atan.o)
 .rodata.atanlo
                0x080236b8       0x20 c:/progra~1/stmicr~1/stm32c~1/gcc-ar~1/bin/../lib/gcc/arm-none-eabi/10.3.1/../../../../arm-none-eabi/lib/thumb/v7e-m+fp/hard\libm.a(lib_a-s_atan.o)
                0x080236d8                . = ALIGN (0x4)

.ARM.extab
 *(.ARM.extab* .gnu.linkonce.armextab.*)

.ARM            0x080236d8        0x8
                0x080236d8                __exidx_start = .
 *(.ARM.exidx*)
 .ARM.exidx     0x080236d8        0x8 c:/progra~1/stmicr~1/stm32c~1/gcc-ar~1/bin/../lib/gcc/arm-none-eabi/10.3.1/thumb/v7e-m+fp/hard\libgcc.a(_udivmoddi4.o)
                0x080236e0                __exidx_end = .

.rel.dyn        0x080236e0        0x0
 .rel.iplt      0x080236e0        0x0 c:/progra~1/stmicr~1/stm32c~1/gcc-ar~1/bin/../lib/gcc/arm-none-eabi/10.3.1/thumb/v7e-m+fp/hard/crtbegin.o

.preinit_array  0x080236e0        0x0
                0x080236e0                PROVIDE (__preinit_array_start = .)
 *(.preinit_array*)
                0x080236e0                PROVIDE (__preinit_array_end = .)

.init_array     0x080236e0        0x8
                0x080236e0                PROVIDE (__init_array_start = .)
 *(SORT_BY_NAME(.init_array.*))
 .init_array.00000
                0x080236e0        0x4 c:/progra~1/stmicr~1/stm32c~1/gcc-ar~1/bin/../lib/gcc/arm-none-eabi/10.3.1/../../../../arm-none-eabi/lib/thumb/v7e-m+fp/hard\libg.a(lib_a-__call_atexit.o)
 *(.init_array*)
 .init_array    0x080236e4        0x4 c:/progra~1/stmicr~1/stm32c~1/gcc-ar~1/bin/../lib/gcc/arm-none-eabi/10.3.1/thumb/v7e-m+fp/hard/crtbegin.o
                0x080236e8                PROVIDE (__init_array_end = .)

.fini_array     0x080236e8        0x4
                0x080236e8                PROVIDE (__fini_array_start = .)
 *(SORT_BY_NAME(.fini_array.*))
 *(.fini_array*)
 .fini_array    0x080236e8        0x4 c:/progra~1/stmicr~1/stm32c~1/gcc-ar~1/bin/../lib/gcc/arm-none-eabi/10.3.1/thumb/v7e-m+fp/hard/crtbegin.o
                0x080236ec                PROVIDE (__fini_array_end = .)
                0x080236ec                _sidata = LOADADDR (.data)

.data           0x20000000      0x9d0 load address 0x080236ec
                0x20000000                . = ALIGN (0x4)
                0x20000000                _sdata = .
 *(.data)
 *(.data*)
 .data.Font16   0x20000000        0xc CMakeFiles/Fliter.elf.dir/Core/Src/fonts.c.obj
                0x20000000                Font16
 .data.Font24   0x2000000c        0xc CMakeFiles/Fliter.elf.dir/Core/Src/fonts.c.obj
                0x2000000c                Font24
 .data.SystemCoreClock
                0x20000018        0x4 CMakeFiles/Fliter.elf.dir/Core/Src/system_stm32f4xx.c.obj
                0x20000018                SystemCoreClock
 .data.uwTickFreq
                0x2000001c        0x1 CMakeFiles/Fliter.elf.dir/Drivers/STM32F4xx_HAL_Driver/Src/stm32f4xx_hal.c.obj
                0x2000001c                uwTickFreq
 *fill*         0x2000001d        0x3 
 .data.uwTickPrio
                0x20000020        0x4 CMakeFiles/Fliter.elf.dir/Drivers/STM32F4xx_HAL_Driver/Src/stm32f4xx_hal.c.obj
                0x20000020                uwTickPrio
 .data._impure_ptr
                0x20000024        0x4 c:/progra~1/stmicr~1/stm32c~1/gcc-ar~1/bin/../lib/gcc/arm-none-eabi/10.3.1/../../../../arm-none-eabi/lib/thumb/v7e-m+fp/hard\libg.a(lib_a-impure.o)
                0x20000024                _impure_ptr
 .data.impure_data
                0x20000028      0x428 c:/progra~1/stmicr~1/stm32c~1/gcc-ar~1/bin/../lib/gcc/arm-none-eabi/10.3.1/../../../../arm-none-eabi/lib/thumb/v7e-m+fp/hard\libg.a(lib_a-impure.o)
 .data.__atexit_recursive_mutex
                0x20000450        0x4 c:/progra~1/stmicr~1/stm32c~1/gcc-ar~1/bin/../lib/gcc/arm-none-eabi/10.3.1/../../../../arm-none-eabi/lib/thumb/v7e-m+fp/hard\libg.a(lib_a-__call_atexit.o)
                0x20000450                __atexit_recursive_mutex
 .data.__malloc_av_
                0x20000454      0x408 c:/progra~1/stmicr~1/stm32c~1/gcc-ar~1/bin/../lib/gcc/arm-none-eabi/10.3.1/../../../../arm-none-eabi/lib/thumb/v7e-m+fp/hard\libg.a(lib_a-mallocr.o)
                0x20000454                __malloc_av_
 .data.__malloc_sbrk_base
                0x2000085c        0x4 c:/progra~1/stmicr~1/stm32c~1/gcc-ar~1/bin/../lib/gcc/arm-none-eabi/10.3.1/../../../../arm-none-eabi/lib/thumb/v7e-m+fp/hard\libg.a(lib_a-mallocr.o)
                0x2000085c                __malloc_sbrk_base
 .data.__malloc_trim_threshold
                0x20000860        0x4 c:/progra~1/stmicr~1/stm32c~1/gcc-ar~1/bin/../lib/gcc/arm-none-eabi/10.3.1/../../../../arm-none-eabi/lib/thumb/v7e-m+fp/hard\libg.a(lib_a-mallocr.o)
                0x20000860                __malloc_trim_threshold
 .data.__global_locale
                0x20000864      0x16c c:/progra~1/stmicr~1/stm32c~1/gcc-ar~1/bin/../lib/gcc/arm-none-eabi/10.3.1/../../../../arm-none-eabi/lib/thumb/v7e-m+fp/hard\libg.a(lib_a-locale.o)
                0x20000864                __global_locale
                0x200009d0                . = ALIGN (0x4)
                0x200009d0                _edata = .
                0x080240bc                _siccmram = LOADADDR (.ccmram)

.igot.plt       0x200009d0        0x0 load address 0x080240bc
 .igot.plt      0x200009d0        0x0 c:/progra~1/stmicr~1/stm32c~1/gcc-ar~1/bin/../lib/gcc/arm-none-eabi/10.3.1/thumb/v7e-m+fp/hard/crtbegin.o

.ccmram         0x10000000        0x0 load address 0x080240bc
                0x10000000                . = ALIGN (0x4)
                0x10000000                _sccmram = .
 *(.ccmram)
 *(.ccmram*)
                0x10000000                . = ALIGN (0x4)
                0x10000000                _eccmram = .
                0x10000000                . = ALIGN (0x4)

.bss            0x200009d0     0x63d4
                0x200009d0                _sbss = .
                0x200009d0                __bss_start__ = _sbss
 *(.bss)
 .bss           0x200009d0       0x1c c:/progra~1/stmicr~1/stm32c~1/gcc-ar~1/bin/../lib/gcc/arm-none-eabi/10.3.1/thumb/v7e-m+fp/hard/crtbegin.o
 *(.bss*)
 .bss.hadc1     0x200009ec       0x64 CMakeFiles/Fliter.elf.dir/Core/Src/adc.c.obj
                0x200009ec                hadc1
 .bss.hdma_adc1
                0x20000a50       0x60 CMakeFiles/Fliter.elf.dir/Core/Src/adc.c.obj
                0x20000a50                hdma_adc1
 .bss.hdma2d    0x20000ab0       0x40 CMakeFiles/Fliter.elf.dir/Core/Src/dma2d.c.obj
                0x20000ab0                hdma2d
 .bss.FMC_Initialized
                0x20000af0        0x4 CMakeFiles/Fliter.elf.dir/Core/Src/fmc.c.obj
 .bss.command   0x20000af4       0x10 CMakeFiles/Fliter.elf.dir/Core/Src/fmc.c.obj
                0x20000af4                command
 .bss.hsdram2   0x20000b04       0x34 CMakeFiles/Fliter.elf.dir/Core/Src/fmc.c.obj
                0x20000b04                hsdram2
 .bss.LCD       0x20000b38       0x14 CMakeFiles/Fliter.elf.dir/Core/Src/ltdc.c.obj
                0x20000b38                LCD
 .bss.LCD_Fonts
                0x20000b4c        0x4 CMakeFiles/Fliter.elf.dir/Core/Src/ltdc.c.obj
 .bss.hltdc     0x20000b50       0xa8 CMakeFiles/Fliter.elf.dir/Core/Src/ltdc.c.obj
                0x20000b50                hltdc
 .bss.RMS       0x20000bf8       0x14 CMakeFiles/Fliter.elf.dir/Core/Src/main.c.obj
                0x20000bf8                RMS
 .bss.THDx      0x20000c0c        0x4 CMakeFiles/Fliter.elf.dir/Core/Src/main.c.obj
                0x20000c0c                THDx
 .bss.adcBuf    0x20000c10     0x1000 CMakeFiles/Fliter.elf.dir/Core/Src/main.c.obj
                0x20000c10                adcBuf
 .bss.amplDst   0x20001c10       0x14 CMakeFiles/Fliter.elf.dir/Core/Src/main.c.obj
                0x20001c10                amplDst
 .bss.amplFreq  0x20001c24     0x1000 CMakeFiles/Fliter.elf.dir/Core/Src/main.c.obj
                0x20001c24                amplFreq
 .bss.axis      0x20002c24        0x6 CMakeFiles/Fliter.elf.dir/Core/Src/main.c.obj
                0x20002c24                axis
 *fill*         0x20002c2a        0x2 
 .bss.fftIn     0x20002c2c     0x2000 CMakeFiles/Fliter.elf.dir/Core/Src/main.c.obj
                0x20002c2c                fftIn
 .bss.fftIns    0x20004c2c       0x18 CMakeFiles/Fliter.elf.dir/Core/Src/main.c.obj
                0x20004c2c                fftIns
 .bss.fftOut    0x20004c44     0x2000 CMakeFiles/Fliter.elf.dir/Core/Src/main.c.obj
                0x20004c44                fftOut
 .bss.freqDst   0x20006c44       0x14 CMakeFiles/Fliter.elf.dir/Core/Src/main.c.obj
                0x20006c44                freqDst
 .bss.normalAmplDst
                0x20006c58       0x14 CMakeFiles/Fliter.elf.dir/Core/Src/main.c.obj
                0x20006c58                normalAmplDst
 .bss.phase     0x20006c6c       0x14 CMakeFiles/Fliter.elf.dir/Core/Src/main.c.obj
                0x20006c6c                phase
 .bss.sampleCplt
                0x20006c80        0x2 CMakeFiles/Fliter.elf.dir/Core/Src/main.c.obj
                0x20006c80                sampleCplt
 *fill*         0x20006c82        0x2 
 .bss.heap_end.0
                0x20006c84        0x4 CMakeFiles/Fliter.elf.dir/Core/Src/syscalls.c.obj
 .bss.htim3     0x20006c88       0x48 CMakeFiles/Fliter.elf.dir/Core/Src/tim.c.obj
                0x20006c88                htim3
 .bss.huart1    0x20006cd0       0x44 CMakeFiles/Fliter.elf.dir/Core/Src/usart.c.obj
                0x20006cd0                huart1
 .bss.huart2    0x20006d14       0x44 CMakeFiles/Fliter.elf.dir/Core/Src/usart.c.obj
                0x20006d14                huart2
 .bss.uwTick    0x20006d58        0x4 CMakeFiles/Fliter.elf.dir/Drivers/STM32F4xx_HAL_Driver/Src/stm32f4xx_hal.c.obj
                0x20006d58                uwTick
 .bss.__lock___atexit_recursive_mutex
                0x20006d5c        0x1 c:/progra~1/stmicr~1/stm32c~1/gcc-ar~1/bin/../lib/gcc/arm-none-eabi/10.3.1/../../../../arm-none-eabi/lib/thumb/v7e-m+fp/hard\libg.a(lib_a-lock.o)
                0x20006d5c                __lock___atexit_recursive_mutex
 *fill*         0x20006d5d        0x3 
 .bss.__lock___malloc_recursive_mutex
                0x20006d60        0x1 c:/progra~1/stmicr~1/stm32c~1/gcc-ar~1/bin/../lib/gcc/arm-none-eabi/10.3.1/../../../../arm-none-eabi/lib/thumb/v7e-m+fp/hard\libg.a(lib_a-lock.o)
                0x20006d60                __lock___malloc_recursive_mutex
 *fill*         0x20006d61        0x3 
 .bss.__lock___sfp_recursive_mutex
                0x20006d64        0x1 c:/progra~1/stmicr~1/stm32c~1/gcc-ar~1/bin/../lib/gcc/arm-none-eabi/10.3.1/../../../../arm-none-eabi/lib/thumb/v7e-m+fp/hard\libg.a(lib_a-lock.o)
                0x20006d64                __lock___sfp_recursive_mutex
 *fill*         0x20006d65        0x3 
 .bss.__lock___sinit_recursive_mutex
                0x20006d68        0x1 c:/progra~1/stmicr~1/stm32c~1/gcc-ar~1/bin/../lib/gcc/arm-none-eabi/10.3.1/../../../../arm-none-eabi/lib/thumb/v7e-m+fp/hard\libg.a(lib_a-lock.o)
                0x20006d68                __lock___sinit_recursive_mutex
 *fill*         0x20006d69        0x3 
 .bss.__malloc_current_mallinfo
                0x20006d6c       0x28 c:/progra~1/stmicr~1/stm32c~1/gcc-ar~1/bin/../lib/gcc/arm-none-eabi/10.3.1/../../../../arm-none-eabi/lib/thumb/v7e-m+fp/hard\libg.a(lib_a-mallocr.o)
                0x20006d6c                __malloc_current_mallinfo
 .bss.__malloc_max_sbrked_mem
                0x20006d94        0x4 c:/progra~1/stmicr~1/stm32c~1/gcc-ar~1/bin/../lib/gcc/arm-none-eabi/10.3.1/../../../../arm-none-eabi/lib/thumb/v7e-m+fp/hard\libg.a(lib_a-mallocr.o)
                0x20006d94                __malloc_max_sbrked_mem
 .bss.__malloc_max_total_mem
                0x20006d98        0x4 c:/progra~1/stmicr~1/stm32c~1/gcc-ar~1/bin/../lib/gcc/arm-none-eabi/10.3.1/../../../../arm-none-eabi/lib/thumb/v7e-m+fp/hard\libg.a(lib_a-mallocr.o)
                0x20006d98                __malloc_max_total_mem
 .bss.__malloc_top_pad
                0x20006d9c        0x4 c:/progra~1/stmicr~1/stm32c~1/gcc-ar~1/bin/../lib/gcc/arm-none-eabi/10.3.1/../../../../arm-none-eabi/lib/thumb/v7e-m+fp/hard\libg.a(lib_a-mallocr.o)
                0x20006d9c                __malloc_top_pad
 .bss.errno     0x20006da0        0x4 c:/progra~1/stmicr~1/stm32c~1/gcc-ar~1/bin/../lib/gcc/arm-none-eabi/10.3.1/../../../../arm-none-eabi/lib/thumb/v7e-m+fp/hard\libg.a(lib_a-reent.o)
                0x20006da0                errno
 *(COMMON)
                0x20006da4                . = ALIGN (0x4)
                0x20006da4                _ebss = .
                0x20006da4                __bss_end__ = _ebss

._user_heap_stack