Archive member included to satisfy reference by file (symbol)

c:/progra~1/stmicr~1/stm32c~1/gcc-ar~1/bin/../lib/gcc/arm-none-eabi/10.3.1/thumb/v7e-m/nofp\libgcc.a(_arm_mulsf3.o)
                              CMakeFiles/EC.elf.dir/Core/Src/system_stm32h7xx.c.obj (__aeabi_fmul)
c:/progra~1/stmicr~1/stm32c~1/gcc-ar~1/bin/../lib/gcc/arm-none-eabi/10.3.1/thumb/v7e-m/nofp\libgcc.a(_arm_addsubsf3.o)
                              CMakeFiles/EC.elf.dir/Core/Src/system_stm32h7xx.c.obj (__aeabi_fadd)
c:/progra~1/stmicr~1/stm32c~1/gcc-ar~1/bin/../lib/gcc/arm-none-eabi/10.3.1/thumb/v7e-m/nofp\libgcc.a(_arm_muldivsf3.o)
                              CMakeFiles/EC.elf.dir/Core/Src/system_stm32h7xx.c.obj (__aeabi_fdiv)
c:/progra~1/stmicr~1/stm32c~1/gcc-ar~1/bin/../lib/gcc/arm-none-eabi/10.3.1/thumb/v7e-m/nofp\libgcc.a(_arm_fixunssfsi.o)
                              CMakeFiles/EC.elf.dir/Core/Src/system_stm32h7xx.c.obj (__aeabi_f2uiz)
c:/progra~1/stmicr~1/stm32c~1/gcc-ar~1/bin/../lib/gcc/arm-none-eabi/10.3.1/thumb/v7e-m/nofp\libgcc.a(_aeabi_uldivmod.o)
                              CMakeFiles/EC.elf.dir/Drivers/STM32H7xx_HAL_Driver/Src/stm32h7xx_hal_uart.c.obj (__aeabi_uldivmod)
c:/progra~1/stmicr~1/stm32c~1/gcc-ar~1/bin/../lib/gcc/arm-none-eabi/10.3.1/thumb/v7e-m/nofp\libgcc.a(_udivmoddi4.o)
                              c:/progra~1/stmicr~1/stm32c~1/gcc-ar~1/bin/../lib/gcc/arm-none-eabi/10.3.1/thumb/v7e-m/nofp\libgcc.a(_aeabi_uldivmod.o) (__udivmoddi4)
c:/progra~1/stmicr~1/stm32c~1/gcc-ar~1/bin/../lib/gcc/arm-none-eabi/10.3.1/thumb/v7e-m/nofp\libgcc.a(_dvmd_tls.o)
                              c:/progra~1/stmicr~1/stm32c~1/gcc-ar~1/bin/../lib/gcc/arm-none-eabi/10.3.1/thumb/v7e-m/nofp\libgcc.a(_aeabi_uldivmod.o) (__aeabi_ldiv0)
c:/progra~1/stmicr~1/stm32c~1/gcc-ar~1/bin/../lib/gcc/arm-none-eabi/10.3.1/../../../../arm-none-eabi/lib/thumb/v7e-m/nofp\libg.a(lib_a-errno.o)
                              CMakeFiles/EC.elf.dir/Core/Src/syscalls.c.obj (__errno)
c:/progra~1/stmicr~1/stm32c~1/gcc-ar~1/bin/../lib/gcc/arm-none-eabi/10.3.1/../../../../arm-none-eabi/lib/thumb/v7e-m/nofp\libg.a(lib_a-exit.o)
                              c:/progra~1/stmicr~1/stm32c~1/gcc-ar~1/bin/../lib/gcc/arm-none-eabi/10.3.1/../../../../arm-none-eabi/lib/thumb/v7e-m/nofp/crt0.o (exit)
c:/progra~1/stmicr~1/stm32c~1/gcc-ar~1/bin/../lib/gcc/arm-none-eabi/10.3.1/../../../../arm-none-eabi/lib/thumb/v7e-m/nofp\libg.a(lib_a-impure.o)
                              c:/progra~1/stmicr~1/stm32c~1/gcc-ar~1/bin/../lib/gcc/arm-none-eabi/10.3.1/../../../../arm-none-eabi/lib/thumb/v7e-m/nofp\libg.a(lib_a-exit.o) (_global_impure_ptr)
c:/progra~1/stmicr~1/stm32c~1/gcc-ar~1/bin/../lib/gcc/arm-none-eabi/10.3.1/../../../../arm-none-eabi/lib/thumb/v7e-m/nofp\libg.a(lib_a-init.o)
                              c:/progra~1/stmicr~1/stm32c~1/gcc-ar~1/bin/../lib/gcc/arm-none-eabi/10.3.1/../../../../arm-none-eabi/lib/thumb/v7e-m/nofp/crt0.o (__libc_init_array)
c:/progra~1/stmicr~1/stm32c~1/gcc-ar~1/bin/../lib/gcc/arm-none-eabi/10.3.1/../../../../arm-none-eabi/lib/thumb/v7e-m/nofp\libg.a(lib_a-memset.o)
                              c:/progra~1/stmicr~1/stm32c~1/gcc-ar~1/bin/../lib/gcc/arm-none-eabi/10.3.1/../../../../arm-none-eabi/lib/thumb/v7e-m/nofp/crt0.o (memset)
c:/progra~1/stmicr~1/stm32c~1/gcc-ar~1/bin/../lib/gcc/arm-none-eabi/10.3.1/../../../../arm-none-eabi/lib/thumb/v7e-m/nofp\libg.a(lib_a-__call_atexit.o)
                              c:/progra~1/stmicr~1/stm32c~1/gcc-ar~1/bin/../lib/gcc/arm-none-eabi/10.3.1/../../../../arm-none-eabi/lib/thumb/v7e-m/nofp\libg.a(lib_a-exit.o) (__call_exitprocs)
c:/progra~1/stmicr~1/stm32c~1/gcc-ar~1/bin/../lib/gcc/arm-none-eabi/10.3.1/../../../../arm-none-eabi/lib/thumb/v7e-m/nofp\libg.a(lib_a-atexit.o)
                              c:/progra~1/stmicr~1/stm32c~1/gcc-ar~1/bin/../lib/gcc/arm-none-eabi/10.3.1/../../../../arm-none-eabi/lib/thumb/v7e-m/nofp\libg.a(lib_a-__call_atexit.o) (atexit)
c:/progra~1/stmicr~1/stm32c~1/gcc-ar~1/bin/../lib/gcc/arm-none-eabi/10.3.1/../../../../arm-none-eabi/lib/thumb/v7e-m/nofp\libg.a(lib_a-fini.o)
                              c:/progra~1/stmicr~1/stm32c~1/gcc-ar~1/bin/../lib/gcc/arm-none-eabi/10.3.1/../../../../arm-none-eabi/lib/thumb/v7e-m/nofp\libg.a(lib_a-__call_atexit.o) (__libc_fini_array)
c:/progra~1/stmicr~1/stm32c~1/gcc-ar~1/bin/../lib/gcc/arm-none-eabi/10.3.1/../../../../arm-none-eabi/lib/thumb/v7e-m/nofp\libg.a(lib_a-lock.o)
                              c:/progra~1/stmicr~1/stm32c~1/gcc-ar~1/bin/../lib/gcc/arm-none-eabi/10.3.1/../../../../arm-none-eabi/lib/thumb/v7e-m/nofp\libg.a(lib_a-__call_atexit.o) (__retarget_lock_acquire_recursive)
c:/progra~1/stmicr~1/stm32c~1/gcc-ar~1/bin/../lib/gcc/arm-none-eabi/10.3.1/../../../../arm-none-eabi/lib/thumb/v7e-m/nofp\libg.a(lib_a-__atexit.o)
                              c:/progra~1/stmicr~1/stm32c~1/gcc-ar~1/bin/../lib/gcc/arm-none-eabi/10.3.1/../../../../arm-none-eabi/lib/thumb/v7e-m/nofp\libg.a(lib_a-atexit.o) (__register_exitproc)

[...]
Memory Configuration

Name             Origin             Length             Attributes
DTCMRAM          0x20000000         0x00020000         xrw
RAM_D1           0x24000000         0x00080000         xrw
RAM_D2           0x30000000         0x00048000         xrw
RAM_D3           0x38000000         0x00010000         xrw
ITCMRAM          0x00000000         0x00010000         xrw
FLASH            0x08000000         0x00200000         xr
*default*        0x00000000         0xffffffff

Linker script and memory map

LOAD c:/progra~1/stmicr~1/stm32c~1/gcc-ar~1/bin/../lib/gcc/arm-none-eabi/10.3.1/thumb/v7e-m/nofp/crti.o
LOAD c:/progra~1/stmicr~1/stm32c~1/gcc-ar~1/bin/../lib/gcc/arm-none-eabi/10.3.1/thumb/v7e-m/nofp/crtbegin.o
LOAD c:/progra~1/stmicr~1/stm32c~1/gcc-ar~1/bin/../lib/gcc/arm-none-eabi/10.3.1/../../../../arm-none-eabi/lib/thumb/v7e-m/nofp/crt0.o
LOAD CMakeFiles/EC.elf.dir/Core/Src/dma2d.c.obj
LOAD CMakeFiles/EC.elf.dir/Core/Src/fmc.c.obj
LOAD CMakeFiles/EC.elf.dir/Core/Src/gpio.c.obj
LOAD CMakeFiles/EC.elf.dir/Core/Src/ltdc.c.obj
LOAD CMakeFiles/EC.elf.dir/Core/Src/main.c.obj
LOAD CMakeFiles/EC.elf.dir/Core/Src/sdmmc.c.obj
LOAD CMakeFiles/EC.elf.dir/Core/Src/stm32h7xx_hal_msp.c.obj
LOAD CMakeFiles/EC.elf.dir/Core/Src/stm32h7xx_it.c.obj
LOAD CMakeFiles/EC.elf.dir/Core/Src/syscalls.c.obj
LOAD CMakeFiles/EC.elf.dir/Core/Src/system_stm32h7xx.c.obj
LOAD CMakeFiles/EC.elf.dir/Core/Src/tim.c.obj
LOAD CMakeFiles/EC.elf.dir/Core/Src/usart.c.obj
LOAD CMakeFiles/EC.elf.dir/Drivers/STM32H7xx_HAL_Driver/Src/stm32h7xx_hal.c.obj
LOAD CMakeFiles/EC.elf.dir/Drivers/STM32H7xx_HAL_Driver/Src/stm32h7xx_hal_cortex.c.obj
LOAD CMakeFiles/EC.elf.dir/Drivers/STM32H7xx_HAL_Driver/Src/stm32h7xx_hal_dma.c.obj
LOAD CMakeFiles/EC.elf.dir/Drivers/STM32H7xx_HAL_Driver/Src/stm32h7xx_hal_dma2d.c.obj
LOAD CMakeFiles/EC.elf.dir/Drivers/STM32H7xx_HAL_Driver/Src/stm32h7xx_hal_dma_ex.c.obj
LOAD CMakeFiles/EC.elf.dir/Drivers/STM32H7xx_HAL_Driver/Src/stm32h7xx_hal_exti.c.obj
LOAD CMakeFiles/EC.elf.dir/Drivers/STM32H7xx_HAL_Driver/Src/stm32h7xx_hal_flash.c.obj
LOAD CMakeFiles/EC.elf.dir/Drivers/STM32H7xx_HAL_Driver/Src/stm32h7xx_hal_flash_ex.c.obj
LOAD CMakeFiles/EC.elf.dir/Drivers/STM32H7xx_HAL_Driver/Src/stm32h7xx_hal_gpio.c.obj
LOAD CMakeFiles/EC.elf.dir/Drivers/STM32H7xx_HAL_Driver/Src/stm32h7xx_hal_hsem.c.obj
LOAD CMakeFiles/EC.elf.dir/Drivers/STM32H7xx_HAL_Driver/Src/stm32h7xx_hal_i2c.c.obj
LOAD CMakeFiles/EC.elf.dir/Drivers/STM32H7xx_HAL_Driver/Src/stm32h7xx_hal_i2c_ex.c.obj
LOAD CMakeFiles/EC.elf.dir/Drivers/STM32H7xx_HAL_Driver/Src/stm32h7xx_hal_ltdc.c.obj
LOAD CMakeFiles/EC.elf.dir/Drivers/STM32H7xx_HAL_Driver/Src/stm32h7xx_hal_ltdc_ex.c.obj
LOAD CMakeFiles/EC.elf.dir/Drivers/STM32H7xx_HAL_Driver/Src/stm32h7xx_hal_mdma.c.obj
LOAD CMakeFiles/EC.elf.dir/Drivers/STM32H7xx_HAL_Driver/Src/stm32h7xx_hal_pwr.c.obj
LOAD CMakeFiles/EC.elf.dir/Drivers/STM32H7xx_HAL_Driver/Src/stm32h7xx_hal_pwr_ex.c.obj
LOAD CMakeFiles/EC.elf.dir/Drivers/STM32H7xx_HAL_Driver/Src/stm32h7xx_hal_rcc.c.obj
LOAD CMakeFiles/EC.elf.dir/Drivers/STM32H7xx_HAL_Driver/Src/stm32h7xx_hal_rcc_ex.c.obj
LOAD CMakeFiles/EC.elf.dir/Drivers/STM32H7xx_HAL_Driver/Src/stm32h7xx_hal_sd.c.obj
LOAD CMakeFiles/EC.elf.dir/Drivers/STM32H7xx_HAL_Driver/Src/stm32h7xx_hal_sd_ex.c.obj
LOAD CMakeFiles/EC.elf.dir/Drivers/STM32H7xx_HAL_Driver/Src/stm32h7xx_hal_sdram.c.obj
LOAD CMakeFiles/EC.elf.dir/Drivers/STM32H7xx_HAL_Driver/Src/stm32h7xx_hal_tim.c.obj
LOAD CMakeFiles/EC.elf.dir/Drivers/STM32H7xx_HAL_Driver/Src/stm32h7xx_hal_tim_ex.c.obj
LOAD CMakeFiles/EC.elf.dir/Drivers/STM32H7xx_HAL_Driver/Src/stm32h7xx_hal_uart.c.obj
LOAD CMakeFiles/EC.elf.dir/Drivers/STM32H7xx_HAL_Driver/Src/stm32h7xx_hal_uart_ex.c.obj
LOAD CMakeFiles/EC.elf.dir/Drivers/STM32H7xx_HAL_Driver/Src/stm32h7xx_ll_delayblock.c.obj
LOAD CMakeFiles/EC.elf.dir/Drivers/STM32H7xx_HAL_Driver/Src/stm32h7xx_ll_fmc.c.obj
LOAD CMakeFiles/EC.elf.dir/Drivers/STM32H7xx_HAL_Driver/Src/stm32h7xx_ll_sdmmc.c.obj
LOAD CMakeFiles/EC.elf.dir/startup/startup_stm32h743xx.s.obj
START GROUP
LOAD c:/progra~1/stmicr~1/stm32c~1/gcc-ar~1/bin/../lib/gcc/arm-none-eabi/10.3.1/thumb/v7e-m/nofp\libgcc.a
LOAD c:/progra~1/stmicr~1/stm32c~1/gcc-ar~1/bin/../lib/gcc/arm-none-eabi/10.3.1/../../../../arm-none-eabi/lib/thumb/v7e-m/nofp\libg.a
LOAD c:/progra~1/stmicr~1/stm32c~1/gcc-ar~1/bin/../lib/gcc/arm-none-eabi/10.3.1/../../../../arm-none-eabi/lib/thumb/v7e-m/nofp\libc.a
END GROUP
LOAD c:/progra~1/stmicr~1/stm32c~1/gcc-ar~1/bin/../lib/gcc/arm-none-eabi/10.3.1/thumb/v7e-m/nofp/crtend.o
LOAD c:/progra~1/stmicr~1/stm32c~1/gcc-ar~1/bin/../lib/gcc/arm-none-eabi/10.3.1/thumb/v7e-m/nofp/crtn.o
                0x20020000                _estack = 0x20020000
                0x00000200                _Min_Heap_Size = 0x200
                0x00000400                _Min_Stack_Size = 0x400

.isr_vector     0x08000000      0x298
                0x08000000                . = ALIGN (0x4)
 *(.isr_vector)
 .isr_vector    0x08000000      0x298 CMakeFiles/EC.elf.dir/startup/startup_stm32h743xx.s.obj
                0x08000000                g_pfnVectors
                0x08000298                . = ALIGN (0x4)

.text           0x08000298     0x7454
                0x08000298                . = ALIGN (0x4)
 *(.text)
 .text          0x08000298       0x40 c:/progra~1/stmicr~1/stm32c~1/gcc-ar~1/bin/../lib/gcc/arm-none-eabi/10.3.1/thumb/v7e-m/nofp/crtbegin.o
 .text          0x080002d8      0x21c c:/progra~1/stmicr~1/stm32c~1/gcc-ar~1/bin/../lib/gcc/arm-none-eabi/10.3.1/thumb/v7e-m/nofp\libgcc.a(_arm_addsubsf3.o)
                0x080002d8                __aeabi_frsub
                0x080002e0                __subsf3
                0x080002e0                __aeabi_fsub
                0x080002e4                __aeabi_fadd
                0x080002e4                __addsf3
                0x08000444                __aeabi_ui2f
                0x08000444                __floatunsisf
                0x0800044c                __aeabi_i2f
                0x0800044c                __floatsisf
                0x08000468                __aeabi_ul2f
                0x08000468                __floatundisf
                0x08000478                __aeabi_l2f
                0x08000478                __floatdisf
 .text          0x080004f4      0x2a0 c:/progra~1/stmicr~1/stm32c~1/gcc-ar~1/bin/../lib/gcc/arm-none-eabi/10.3.1/thumb/v7e-m/nofp\libgcc.a(_arm_muldivsf3.o)
                0x080004f4                __mulsf3
                0x080004f4                __aeabi_fmul
                0x0800065c                __aeabi_fdiv
                0x0800065c                __divsf3
 .text          0x08000794       0x40 c:/progra~1/stmicr~1/stm32c~1/gcc-ar~1/bin/../lib/gcc/arm-none-eabi/10.3.1/thumb/v7e-m/nofp\libgcc.a(_arm_fixunssfsi.o)
                0x08000794                __fixunssfsi
                0x08000794                __aeabi_f2uiz
 .text          0x080007d4       0x30 c:/progra~1/stmicr~1/stm32c~1/gcc-ar~1/bin/../lib/gcc/arm-none-eabi/10.3.1/thumb/v7e-m/nofp\libgcc.a(_aeabi_uldivmod.o)
                0x080007d4                __aeabi_uldivmod
 .text          0x08000804      0x2d0 c:/progra~1/stmicr~1/stm32c~1/gcc-ar~1/bin/../lib/gcc/arm-none-eabi/10.3.1/thumb/v7e-m/nofp\libgcc.a(_udivmoddi4.o)
                0x08000804                __udivmoddi4
 .text          0x08000ad4        0x4 c:/progra~1/stmicr~1/stm32c~1/gcc-ar~1/bin/../lib/gcc/arm-none-eabi/10.3.1/thumb/v7e-m/nofp\libgcc.a(_dvmd_tls.o)
                0x08000ad4                __aeabi_idiv0
                0x08000ad4                __aeabi_ldiv0
 *(.text*)
 .text.MX_DMA2D_Init
                0x08000ad8       0x2c CMakeFiles/EC.elf.dir/Core/Src/dma2d.c.obj
                0x08000ad8                MX_DMA2D_Init
 .text.HAL_DMA2D_MspInit
                0x08000b04       0x48 CMakeFiles/EC.elf.dir/Core/Src/dma2d.c.obj
                0x08000b04                HAL_DMA2D_MspInit
 .text.HAL_FMC_MspInit
                0x08000b4c       0xfc CMakeFiles/EC.elf.dir/Core/Src/fmc.c.obj
 .text.MX_FMC_Init
                0x08000c48       0x78 CMakeFiles/EC.elf.dir/Core/Src/fmc.c.obj
                0x08000c48                MX_FMC_Init
 .text.HAL_SDRAM_MspInit
                0x08000cc0        0x8 CMakeFiles/EC.elf.dir/Core/Src/fmc.c.obj
                0x08000cc0                HAL_SDRAM_MspInit
 .text.MX_GPIO_Init
                0x08000cc8      0x158 CMakeFiles/EC.elf.dir/Core/Src/gpio.c.obj
                0x08000cc8                MX_GPIO_Init
 .text.MX_LTDC_Init
                0x08000e20       0xb4 CMakeFiles/EC.elf.dir/Core/Src/ltdc.c.obj
                0x08000e20                MX_LTDC_Init
 .text.HAL_LTDC_MspInit
                0x08000ed4      0x23c CMakeFiles/EC.elf.dir/Core/Src/ltdc.c.obj
                0x08000ed4                HAL_LTDC_MspInit
 .text.MPU_Config
                0x08001110       0x68 CMakeFiles/EC.elf.dir/Core/Src/main.c.obj
 .text.Error_Handler
                0x08001178        0x4 CMakeFiles/EC.elf.dir/Core/Src/main.c.obj
                0x08001178                Error_Handler
 .text.SystemClock_Config
                0x0800117c       0xd4 CMakeFiles/EC.elf.dir/Core/Src/main.c.obj
                0x0800117c                SystemClock_Config
 .text.main     0x08001250       0xbc CMakeFiles/EC.elf.dir/Core/Src/main.c.obj
                0x08001250                main
 .text.MX_SDMMC1_SD_Init
                0x0800130c       0x34 CMakeFiles/EC.elf.dir/Core/Src/sdmmc.c.obj
                0x0800130c                MX_SDMMC1_SD_Init
 .text.HAL_SD_MspInit
                0x08001340       0xfc CMakeFiles/EC.elf.dir/Core/Src/sdmmc.c.obj
                0x08001340                HAL_SD_MspInit
 .text.HAL_MspInit
                0x0800143c       0x24 CMakeFiles/EC.elf.dir/Core/Src/stm32h7xx_hal_msp.c.obj
                0x0800143c                HAL_MspInit
 .text.NMI_Handler
                0x08001460        0x2 CMakeFiles/EC.elf.dir/Core/Src/stm32h7xx_it.c.obj
                0x08001460                NMI_Handler
 .text.HardFault_Handler
                0x08001462        0x2 CMakeFiles/EC.elf.dir/Core/Src/stm32h7xx_it.c.obj
                0x08001462                HardFault_Handler
 .text.MemManage_Handler
                0x08001464        0x2 CMakeFiles/EC.elf.dir/Core/Src/stm32h7xx_it.c.obj
                0x08001464                MemManage_Handler
 .text.BusFault_Handler
                0x08001466        0x2 CMakeFiles/EC.elf.dir/Core/Src/stm32h7xx_it.c.obj
                0x08001466                BusFault_Handler
 .text.UsageFault_Handler
                0x08001468        0x2 CMakeFiles/EC.elf.dir/Core/Src/stm32h7xx_it.c.obj
                0x08001468                UsageFault_Handler
 .text.SVC_Handler
                0x0800146a        0x2 CMakeFiles/EC.elf.dir/Core/Src/stm32h7xx_it.c.obj
                0x0800146a                SVC_Handler
 .text.DebugMon_Handler
                0x0800146c        0x2 CMakeFiles/EC.elf.dir/Core/Src/stm32h7xx_it.c.obj
                0x0800146c                DebugMon_Handler
 .text.PendSV_Handler
                0x0800146e        0x2 CMakeFiles/EC.elf.dir/Core/Src/stm32h7xx_it.c.obj
                0x0800146e                PendSV_Handler
 .text.SysTick_Handler
                0x08001470        0x8 CMakeFiles/EC.elf.dir/Core/Src/stm32h7xx_it.c.obj
                0x08001470                SysTick_Handler
 .text.USART1_IRQHandler
                0x08001478       0x10 CMakeFiles/EC.elf.dir/Core/Src/stm32h7xx_it.c.obj
                0x08001478                USART1_IRQHandler
 .text.FMC_IRQHandler
                0x08001488       0x10 CMakeFiles/EC.elf.dir/Core/Src/stm32h7xx_it.c.obj
                0x08001488                FMC_IRQHandler
 .text.SDMMC1_IRQHandler
                0x08001498       0x10 CMakeFiles/EC.elf.dir/Core/Src/stm32h7xx_it.c.obj
                0x08001498                SDMMC1_IRQHandler
 .text.LTDC_IRQHandler
                0x080014a8       0x10 CMakeFiles/EC.elf.dir/Core/Src/stm32h7xx_it.c.obj
                0x080014a8                LTDC_IRQHandler
 .text.DMA2D_IRQHandler
                0x080014b8       0x10 CMakeFiles/EC.elf.dir/Core/Src/stm32h7xx_it.c.obj
                0x080014b8                DMA2D_IRQHandler
 .text.SystemInit
                0x080014c8       0xc8 CMakeFiles/EC.elf.dir/Core/Src/system_stm32h7xx.c.obj
                0x080014c8                SystemInit
 .text.HAL_TIM_PWM_MspInit
                0x08001590       0x30 CMakeFiles/EC.elf.dir/Core/Src/tim.c.obj
                0x08001590                HAL_TIM_PWM_MspInit
 .text.HAL_TIM_MspPostInit
                0x080015c0       0x88 CMakeFiles/EC.elf.dir/Core/Src/tim.c.obj
                0x080015c0                HAL_TIM_MspPostInit
 .text.MX_TIM2_Init
                0x08001648       0x94 CMakeFiles/EC.elf.dir/Core/Src/tim.c.obj
                0x08001648                MX_TIM2_Init
 .text.MX_USART1_UART_Init
                0x080016dc       0x68 CMakeFiles/EC.elf.dir/Core/Src/usart.c.obj
                0x080016dc                MX_USART1_UART_Init
 .text.HAL_UART_MspInit
                0x08001744       0xa8 CMakeFiles/EC.elf.dir/Core/Src/usart.c.obj
                0x08001744                HAL_UART_MspInit
 .text.HAL_InitTick
                0x080017ec       0x50 CMakeFiles/EC.elf.dir/Drivers/STM32H7xx_HAL_Driver/Src/stm32h7xx_hal.c.obj
                0x080017ec                HAL_InitTick
 .text.HAL_Init
                0x0800183c       0x5c CMakeFiles/EC.elf.dir/Drivers/STM32H7xx_HAL_Driver/Src/stm32h7xx_hal.c.obj
                0x0800183c                HAL_Init
 .text.HAL_IncTick
                0x08001898       0x18 CMakeFiles/EC.elf.dir/Drivers/STM32H7xx_HAL_Driver/Src/stm32h7xx_hal.c.obj
                0x08001898                HAL_IncTick
 .text.HAL_GetTick
                0x080018b0        0xc CMakeFiles/EC.elf.dir/Drivers/STM32H7xx_HAL_Driver/Src/stm32h7xx_hal.c.obj
                0x080018b0                HAL_GetTick
 .text.HAL_Delay
                0x080018bc       0x28 CMakeFiles/EC.elf.dir/Drivers/STM32H7xx_HAL_Driver/Src/stm32h7xx_hal.c.obj
                0x080018bc                HAL_Delay
 .text.HAL_GetREVID
                0x080018e4        0xc CMakeFiles/EC.elf.dir/Drivers/STM32H7xx_HAL_Driver/Src/stm32h7xx_hal.c.obj
                0x080018e4                HAL_GetREVID
 .text.HAL_NVIC_SetPriorityGrouping
                0x080018f0       0x24 CMakeFiles/EC.elf.dir/Drivers/STM32H7xx_HAL_Driver/Src/stm32h7xx_hal_cortex.c.obj
                0x080018f0                HAL_NVIC_SetPriorityGrouping
 .text.HAL_NVIC_SetPriority
                0x08001914       0x6c CMakeFiles/EC.elf.dir/Drivers/STM32H7xx_HAL_Driver/Src/stm32h7xx_hal_cortex.c.obj
                0x08001914                HAL_NVIC_SetPriority
 .text.HAL_NVIC_EnableIRQ
                0x08001980       0x1c CMakeFiles/EC.elf.dir/Drivers/STM32H7xx_HAL_Driver/Src/stm32h7xx_hal_cortex.c.obj
                0x08001980                HAL_NVIC_EnableIRQ
 .text.HAL_SYSTICK_Config
                0x0800199c       0x28 CMakeFiles/EC.elf.dir/Drivers/STM32H7xx_HAL_Driver/Src/stm32h7xx_hal_cortex.c.obj
                0x0800199c                HAL_SYSTICK_Config
 .text.HAL_MPU_Disable
                0x080019c4       0x1c CMakeFiles/EC.elf.dir/Drivers/STM32H7xx_HAL_Driver/Src/stm32h7xx_hal_cortex.c.obj
                0x080019c4                HAL_MPU_Disable
 .text.HAL_MPU_Enable
                0x080019e0       0x20 CMakeFiles/EC.elf.dir/Drivers/STM32H7xx_HAL_Driver/Src/stm32h7xx_hal_cortex.c.obj
                0x080019e0                HAL_MPU_Enable
 .text.HAL_MPU_ConfigRegion
                0x08001a00       0x60 CMakeFiles/EC.elf.dir/Drivers/STM32H7xx_HAL_Driver/Src/stm32h7xx_hal_cortex.c.obj
                0x08001a00                HAL_MPU_ConfigRegion
 .text.HAL_DMA_Abort
                0x08001a60      0x340 CMakeFiles/EC.elf.dir/Drivers/STM32H7xx_HAL_Driver/Src/stm32h7xx_hal_dma.c.obj
                0x08001a60                HAL_DMA_Abort
 .text.HAL_DMA_Abort_IT
                0x08001da0      0x270 CMakeFiles/EC.elf.dir/Drivers/STM32H7xx_HAL_Driver/Src/stm32h7xx_hal_dma.c.obj
                0x08001da0                HAL_DMA_Abort_IT
 .text.HAL_DMA2D_Init
                0x08002010       0x84 CMakeFiles/EC.elf.dir/Drivers/STM32H7xx_HAL_Driver/Src/stm32h7xx_hal_dma2d.c.obj
                0x08002010                HAL_DMA2D_Init
 .text.HAL_DMA2D_LineEventCallback
                0x08002094        0x2 CMakeFiles/EC.elf.dir/Drivers/STM32H7xx_HAL_Driver/Src/stm32h7xx_hal_dma2d.c.obj
                0x08002094                HAL_DMA2D_LineEventCallback
 .text.HAL_DMA2D_CLUTLoadingCpltCallback
                0x08002096        0x2 CMakeFiles/EC.elf.dir/Drivers/STM32H7xx_HAL_Driver/Src/stm32h7xx_hal_dma2d.c.obj
                0x08002096                HAL_DMA2D_CLUTLoadingCpltCallback
 .text.HAL_DMA2D_IRQHandler
                0x08002098      0x13c CMakeFiles/EC.elf.dir/Drivers/STM32H7xx_HAL_Driver/Src/stm32h7xx_hal_dma2d.c.obj
                0x08002098                HAL_DMA2D_IRQHandler
 .text.HAL_GPIO_Init
                0x080021d4      0x1fc CMakeFiles/EC.elf.dir/Drivers/STM32H7xx_HAL_Driver/Src/stm32h7xx_hal_gpio.c.obj
                0x080021d4                HAL_GPIO_Init
 .text.HAL_GPIO_WritePin
                0x080023d0        0xc CMakeFiles/EC.elf.dir/Drivers/STM32H7xx_HAL_Driver/Src/stm32h7xx_hal_gpio.c.obj
                0x080023d0                HAL_GPIO_WritePin
 .text.LTDC_SetConfig
                0x080023dc      0x1b8 CMakeFiles/EC.elf.dir/Drivers/STM32H7xx_HAL_Driver/Src/stm32h7xx_hal_ltdc.c.obj
 .text.HAL_LTDC_Init
                0x08002594       0xf8 CMakeFiles/EC.elf.dir/Drivers/STM32H7xx_HAL_Driver/Src/stm32h7xx_hal_ltdc.c.obj
                0x08002594                HAL_LTDC_Init
 .text.HAL_LTDC_ErrorCallback
                0x0800268c        0x2 CMakeFiles/EC.elf.dir/Drivers/STM32H7xx_HAL_Driver/Src/stm32h7xx_hal_ltdc.c.obj
                0x0800268c                HAL_LTDC_ErrorCallback
 .text.HAL_LTDC_LineEventCallback
                0x0800268e        0x2 CMakeFiles/EC.elf.dir/Drivers/STM32H7xx_HAL_Driver/Src/stm32h7xx_hal_ltdc.c.obj
                0x0800268e                HAL_LTDC_LineEventCallback
 .text.HAL_LTDC_ReloadEventCallback
                0x08002690        0x2 CMakeFiles/EC.elf.dir/Drivers/STM32H7xx_HAL_Driver/Src/stm32h7xx_hal_ltdc.c.obj
                0x08002690                HAL_LTDC_ReloadEventCallback
 .text.HAL_LTDC_IRQHandler
                0x08002692       0xda CMakeFiles/EC.elf.dir/Drivers/STM32H7xx_HAL_Driver/Src/stm32h7xx_hal_ltdc.c.obj
                0x08002692                HAL_LTDC_IRQHandler
 .text.HAL_LTDC_ConfigLayer
                0x0800276c       0x68 CMakeFiles/EC.elf.dir/Drivers/STM32H7xx_HAL_Driver/Src/stm32h7xx_hal_ltdc.c.obj
                0x0800276c                HAL_LTDC_ConfigLayer
 .text.HAL_PWREx_ConfigSupply
                0x080027d4       0x54 CMakeFiles/EC.elf.dir/Drivers/STM32H7xx_HAL_Driver/Src/stm32h7xx_hal_pwr_ex.c.obj
                0x080027d4                HAL_PWREx_ConfigSupply
 .text.HAL_RCC_OscConfig
                0x08002828      0x648 CMakeFiles/EC.elf.dir/Drivers/STM32H7xx_HAL_Driver/Src/stm32h7xx_hal_rcc.c.obj
                0x08002828                HAL_RCC_OscConfig
 .text.HAL_RCC_GetSysClockFreq
                0x08002e70      0x218 CMakeFiles/EC.elf.dir/Drivers/STM32H7xx_HAL_Driver/Src/stm32h7xx_hal_rcc.c.obj
                0x08002e70                HAL_RCC_GetSysClockFreq
 .text.HAL_RCC_ClockConfig
                0x08003088      0x294 CMakeFiles/EC.elf.dir/Drivers/STM32H7xx_HAL_Driver/Src/stm32h7xx_hal_rcc.c.obj
                0x08003088                HAL_RCC_ClockConfig
 .text.HAL_RCC_GetHCLKFreq
                0x0800331c       0x44 CMakeFiles/EC.elf.dir/Drivers/STM32H7xx_HAL_Driver/Src/stm32h7xx_hal_rcc.c.obj
                0x0800331c                HAL_RCC_GetHCLKFreq
 .text.HAL_RCC_GetPCLK1Freq
                0x08003360       0x24 CMakeFiles/EC.elf.dir/Drivers/STM32H7xx_HAL_Driver/Src/stm32h7xx_hal_rcc.c.obj
                0x08003360                HAL_RCC_GetPCLK1Freq
 .text.HAL_RCC_GetPCLK2Freq
                0x08003384       0x24 CMakeFiles/EC.elf.dir/Drivers/STM32H7xx_HAL_Driver/Src/stm32h7xx_hal_rcc.c.obj
                0x08003384                HAL_RCC_GetPCLK2Freq
 .text.RCCEx_PLL2_Config
                0x080033a8      0x10c CMakeFiles/EC.elf.dir/Drivers/STM32H7xx_HAL_Driver/Src/stm32h7xx_hal_rcc_ex.c.obj
 .text.RCCEx_PLL3_Config
                0x080034b4      0x10c CMakeFiles/EC.elf.dir/Drivers/STM32H7xx_HAL_Driver/Src/stm32h7xx_hal_rcc_ex.c.obj
 .text.HAL_RCCEx_PeriphCLKConfig
                0x080035c0      0x9c4 CMakeFiles/EC.elf.dir/Drivers/STM32H7xx_HAL_Driver/Src/stm32h7xx_hal_rcc_ex.c.obj
                0x080035c0                HAL_RCCEx_PeriphCLKConfig
 .text.HAL_RCCEx_GetD3PCLK1Freq
                0x08003f84       0x24 CMakeFiles/EC.elf.dir/Drivers/STM32H7xx_HAL_Driver/Src/stm32h7xx_hal_rcc_ex.c.obj
                0x08003f84                HAL_RCCEx_GetD3PCLK1Freq
 .text.HAL_RCCEx_GetPLL2ClockFreq
                0x08003fa8      0x234 CMakeFiles/EC.elf.dir/Drivers/STM32H7xx_HAL_Driver/Src/stm32h7xx_hal_rcc_ex.c.obj
                0x08003fa8                HAL_RCCEx_GetPLL2ClockFreq
 .text.HAL_RCCEx_GetPLL3ClockFreq
                0x080041dc      0x234 CMakeFiles/EC.elf.dir/Drivers/STM32H7xx_HAL_Driver/Src/stm32h7xx_hal_rcc_ex.c.obj
                0x080041dc                HAL_RCCEx_GetPLL3ClockFreq
 .text.HAL_RCCEx_GetPLL1ClockFreq
                0x08004410      0x234 CMakeFiles/EC.elf.dir/Drivers/STM32H7xx_HAL_Driver/Src/stm32h7xx_hal_rcc_ex.c.obj
                0x08004410                HAL_RCCEx_GetPLL1ClockFreq
 .text.HAL_RCCEx_GetPeriphCLKFreq
                0x08004644      0x614 CMakeFiles/EC.elf.dir/Drivers/STM32H7xx_HAL_Driver/Src/stm32h7xx_hal_rcc_ex.c.obj
                0x08004644                HAL_RCCEx_GetPeriphCLKFreq
 .text.SD_PowerON
                0x08004c58       0xbc CMakeFiles/EC.elf.dir/Drivers/STM32H7xx_HAL_Driver/Src/stm32h7xx_hal_sd.c.obj
 .text.SD_Read_IT
                0x08004d14       0x3c CMakeFiles/EC.elf.dir/Drivers/STM32H7xx_HAL_Driver/Src/stm32h7xx_hal_sd.c.obj
 .text.SD_Write_IT
                0x08004d50       0x4c CMakeFiles/EC.elf.dir/Drivers/STM32H7xx_HAL_Driver/Src/stm32h7xx_hal_sd.c.obj
 .text.SD_SendSDStatus
                0x08004d9c      0x108 CMakeFiles/EC.elf.dir/Drivers/STM32H7xx_HAL_Driver/Src/stm32h7xx_hal_sd.c.obj
 .text.SD_FindSCR
                0x08004ea4      0x108 CMakeFiles/EC.elf.dir/Drivers/STM32H7xx_HAL_Driver/Src/stm32h7xx_hal_sd.c.obj
 .text.SD_WideBus_Enable
                0x08004fac       0x4e CMakeFiles/EC.elf.dir/Drivers/STM32H7xx_HAL_Driver/Src/stm32h7xx_hal_sd.c.obj
 .text.SD_WideBus_Disable
                0x08004ffa       0x4e CMakeFiles/EC.elf.dir/Drivers/STM32H7xx_HAL_Driver/Src/stm32h7xx_hal_sd.c.obj
 .text.SD_SendStatus
                0x08005048       0x2c CMakeFiles/EC.elf.dir/Drivers/STM32H7xx_HAL_Driver/Src/stm32h7xx_hal_sd.c.obj
 .text.HAL_SD_TxCpltCallback
                0x08005074        0x2 CMakeFiles/EC.elf.dir/Drivers/STM32H7xx_HAL_Driver/Src/stm32h7xx_hal_sd.c.obj
                0x08005074                HAL_SD_TxCpltCallback
 .text.HAL_SD_RxCpltCallback
                0x08005076        0x2 CMakeFiles/EC.elf.dir/Drivers/STM32H7xx_HAL_Driver/Src/stm32h7xx_hal_sd.c.obj
                0x08005076                HAL_SD_RxCpltCallback
 .text.HAL_SD_ErrorCallback
                0x08005078        0x2 CMakeFiles/EC.elf.dir/Drivers/STM32H7xx_HAL_Driver/Src/stm32h7xx_hal_sd.c.obj
                0x08005078                HAL_SD_ErrorCallback
 *fill*         0x0800507a        0x2 
 .text.HAL_SD_GetCardCSD
                0x0800507c      0x1b8 CMakeFiles/EC.elf.dir/Drivers/STM32H7xx_HAL_Driver/Src/stm32h7xx_hal_sd.c.obj
                0x0800507c                HAL_SD_GetCardCSD
 .text.SD_InitCard
                0x08005234       0xd4 CMakeFiles/EC.elf.dir/Drivers/STM32H7xx_HAL_Driver/Src/stm32h7xx_hal_sd.c.obj
 .text.HAL_SD_InitCard
                0x08005308       0xc4 CMakeFiles/EC.elf.dir/Drivers/STM32H7xx_HAL_Driver/Src/stm32h7xx_hal_sd.c.obj
                0x08005308                HAL_SD_InitCard
 .text.HAL_SD_GetCardStatus
                0x080053cc       0xc0 CMakeFiles/EC.elf.dir/Drivers/STM32H7xx_HAL_Driver/Src/stm32h7xx_hal_sd.c.obj
                0x080053cc                HAL_SD_GetCardStatus
 .text.HAL_SD_ConfigWideBusOperation
                0x0800548c      0x154 CMakeFiles/EC.elf.dir/Drivers/STM32H7xx_HAL_Driver/Src/stm32h7xx_hal_sd.c.obj
                0x0800548c                HAL_SD_ConfigWideBusOperation
 .text.HAL_SD_GetCardState
                0x080055e0       0x22 CMakeFiles/EC.elf.dir/Drivers/STM32H7xx_HAL_Driver/Src/stm32h7xx_hal_sd.c.obj
                0x080055e0                HAL_SD_GetCardState
 .text.HAL_SD_Init
                0x08005602       0xba CMakeFiles/EC.elf.dir/Drivers/STM32H7xx_HAL_Driver/Src/stm32h7xx_hal_sd.c.obj
                0x08005602                HAL_SD_Init
 .text.HAL_SDEx_Read_DMADoubleBuf0CpltCallback
                0x080056bc        0x2 CMakeFiles/EC.elf.dir/Drivers/STM32H7xx_HAL_Driver/Src/stm32h7xx_hal_sd.c.obj
                0x080056bc                HAL_SDEx_Read_DMADoubleBuf0CpltCallback
 .text.HAL_SDEx_Read_DMADoubleBuf1CpltCallback
                0x080056be        0x2 CMakeFiles/EC.elf.dir/Drivers/STM32H7xx_HAL_Driver/Src/stm32h7xx_hal_sd.c.obj
                0x080056be                HAL_SDEx_Read_DMADoubleBuf1CpltCallback
 .text.HAL_SDEx_Write_DMADoubleBuf0CpltCallback
                0x080056c0        0x2 CMakeFiles/EC.elf.dir/Drivers/STM32H7xx_HAL_Driver/Src/stm32h7xx_hal_sd.c.obj
                0x080056c0                HAL_SDEx_Write_DMADoubleBuf0CpltCallback
 .text.HAL_SDEx_Write_DMADoubleBuf1CpltCallback
                0x080056c2        0x2 CMakeFiles/EC.elf.dir/Drivers/STM32H7xx_HAL_Driver/Src/stm32h7xx_hal_sd.c.obj
                0x080056c2                HAL_SDEx_Write_DMADoubleBuf1CpltCallback
 .text.HAL_SD_IRQHandler
                0x080056c4      0x22c CMakeFiles/EC.elf.dir/Drivers/STM32H7xx_HAL_Driver/Src/stm32h7xx_hal_sd.c.obj
                0x080056c4                HAL_SD_IRQHandler
 .text.HAL_SDRAM_Init
                0x080058f0       0x50 CMakeFiles/EC.elf.dir/Drivers/STM32H7xx_HAL_Driver/Src/stm32h7xx_hal_sdram.c.obj
                0x080058f0                HAL_SDRAM_Init
 .text.HAL_SDRAM_RefreshErrorCallback
                0x08005940        0x2 CMakeFiles/EC.elf.dir/Drivers/STM32H7xx_HAL_Driver/Src/stm32h7xx_hal_sdram.c.obj
                0x08005940                HAL_SDRAM_RefreshErrorCallback
 .text.HAL_SDRAM_IRQHandler
                0x08005942       0x20 CMakeFiles/EC.elf.dir/Drivers/STM32H7xx_HAL_Driver/Src/stm32h7xx_hal_sdram.c.obj
                0x08005942                HAL_SDRAM_IRQHandler
 *fill*         0x08005962        0x2 
 .text.TIM_OC1_SetConfig
                0x08005964       0xa8 CMakeFiles/EC.elf.dir/Drivers/STM32H7xx_HAL_Driver/Src/stm32h7xx_hal_tim.c.obj
 .text.TIM_OC3_SetConfig
                0x08005a0c       0x90 CMakeFiles/EC.elf.dir/Drivers/STM32H7xx_HAL_Driver/Src/stm32h7xx_hal_tim.c.obj
 .text.TIM_OC4_SetConfig
                0x08005a9c       0x70 CMakeFiles/EC.elf.dir/Drivers/STM32H7xx_HAL_Driver/Src/stm32h7xx_hal_tim.c.obj
 .text.TIM_OC5_SetConfig
                0x08005b0c       0x70 CMakeFiles/EC.elf.dir/Drivers/STM32H7xx_HAL_Driver/Src/stm32h7xx_hal_tim.c.obj
 .text.TIM_OC6_SetConfig
                0x08005b7c       0x70 CMakeFiles/EC.elf.dir/Drivers/STM32H7xx_HAL_Driver/Src/stm32h7xx_hal_tim.c.obj
 .text.TIM_Base_SetConfig
                0x08005bec      0x104 CMakeFiles/EC.elf.dir/Drivers/STM32H7xx_HAL_Driver/Src/stm32h7xx_hal_tim.c.obj
                0x08005bec                TIM_Base_SetConfig
 .text.HAL_TIM_PWM_Init
                0x08005cf0       0x60 CMakeFiles/EC.elf.dir/Drivers/STM32H7xx_HAL_Driver/Src/stm32h7xx_hal_tim.c.obj
                0x08005cf0                HAL_TIM_PWM_Init
 .text.TIM_OC2_SetConfig
                0x08005d50       0x94 CMakeFiles/EC.elf.dir/Drivers/STM32H7xx_HAL_Driver/Src/stm32h7xx_hal_tim.c.obj
                0x08005d50                TIM_OC2_SetConfig
 .text.HAL_TIM_PWM_ConfigChannel
                0x08005de4      0x128 CMakeFiles/EC.elf.dir/Drivers/STM32H7xx_HAL_Driver/Src/stm32h7xx_hal_tim.c.obj
                0x08005de4                HAL_TIM_PWM_ConfigChannel
 .text.HAL_TIMEx_MasterConfigSynchronization
                0x08005f0c       0x98 CMakeFiles/EC.elf.dir/Drivers/STM32H7xx_HAL_Driver/Src/stm32h7xx_hal_tim_ex.c.obj
                0x08005f0c                HAL_TIMEx_MasterConfigSynchronization
 .text.UART_EndRxTransfer
                0x08005fa4       0x38 CMakeFiles/EC.elf.dir/Drivers/STM32H7xx_HAL_Driver/Src/stm32h7xx_hal_uart.c.obj
 .text.HAL_UART_TxCpltCallback
                0x08005fdc        0x2 CMakeFiles/EC.elf.dir/Drivers/STM32H7xx_HAL_Driver/Src/stm32h7xx_hal_uart.c.obj
                0x08005fdc                HAL_UART_TxCpltCallback
 .text.UART_EndTransmit_IT
                0x08005fde       0x1c CMakeFiles/EC.elf.dir/Drivers/STM32H7xx_HAL_Driver/Src/stm32h7xx_hal_uart.c.obj
 .text.HAL_UART_ErrorCallback
                0x08005ffa        0x2 CMakeFiles/EC.elf.dir/Drivers/STM32H7xx_HAL_Driver/Src/stm32h7xx_hal_uart.c.obj
                0x08005ffa                HAL_UART_ErrorCallback
 .text.UART_DMAAbortOnError
                0x08005ffc       0x14 CMakeFiles/EC.elf.dir/Drivers/STM32H7xx_HAL_Driver/Src/stm32h7xx_hal_uart.c.obj
 .text.HAL_UARTEx_RxEventCallback
                0x08006010        0x2 CMakeFiles/EC.elf.dir/Drivers/STM32H7xx_HAL_Driver/Src/stm32h7xx_hal_uart.c.obj
                0x08006010                HAL_UARTEx_RxEventCallback
 *fill*         0x08006012        0x2 
 .text.HAL_UART_IRQHandler
                0x08006014      0x348 CMakeFiles/EC.elf.dir/Drivers/STM32H7xx_HAL_Driver/Src/stm32h7xx_hal_uart.c.obj
                0x08006014                HAL_UART_IRQHandler
 .text.UART_SetConfig
                0x0800635c      0x5f4 CMakeFiles/EC.elf.dir/Drivers/STM32H7xx_HAL_Driver/Src/stm32h7xx_hal_uart.c.obj
                0x0800635c                UART_SetConfig
 .text.UART_AdvFeatureConfig
                0x08006950       0xca CMakeFiles/EC.elf.dir/Drivers/STM32H7xx_HAL_Driver/Src/stm32h7xx_hal_uart.c.obj
                0x08006950                UART_AdvFeatureConfig
 .text.UART_WaitOnFlagUntilTimeout
                0x08006a1a       0xb0 CMakeFiles/EC.elf.dir/Drivers/STM32H7xx_HAL_Driver/Src/stm32h7xx_hal_uart.c.obj
                0x08006a1a                UART_WaitOnFlagUntilTimeout
 .text.UART_CheckIdleState
                0x08006aca       0x74 CMakeFiles/EC.elf.dir/Drivers/STM32H7xx_HAL_Driver/Src/stm32h7xx_hal_uart.c.obj
                0x08006aca                UART_CheckIdleState
 .text.HAL_UART_Init
                0x08006b3e       0x66 CMakeFiles/EC.elf.dir/Drivers/STM32H7xx_HAL_Driver/Src/stm32h7xx_hal_uart.c.obj
                0x08006b3e                HAL_UART_Init
 .text.UARTEx_SetNbDataToProcess
                0x08006ba4       0x4c CMakeFiles/EC.elf.dir/Drivers/STM32H7xx_HAL_Driver/Src/stm32h7xx_hal_uart_ex.c.obj
 .text.HAL_UARTEx_WakeupCallback
                0x08006bf0        0x2 CMakeFiles/EC.elf.dir/Drivers/STM32H7xx_HAL_Driver/Src/stm32h7xx_hal_uart_ex.c.obj
                0x08006bf0                HAL_UARTEx_WakeupCallback
 .text.HAL_UARTEx_RxFifoFullCallback
                0x08006bf2        0x2 CMakeFiles/EC.elf.dir/Drivers/STM32H7xx_HAL_Driver/Src/stm32h7xx_hal_uart_ex.c.obj
                0x08006bf2                HAL_UARTEx_RxFifoFullCallback
 .text.HAL_UARTEx_TxFifoEmptyCallback
                0x08006bf4        0x2 CMakeFiles/EC.elf.dir/Drivers/STM32H7xx_HAL_Driver/Src/stm32h7xx_hal_uart_ex.c.obj
                0x08006bf4                HAL_UARTEx_TxFifoEmptyCallback
 .text.HAL_UARTEx_DisableFifoMode
                0x08006bf6       0x3e CMakeFiles/EC.elf.dir/Drivers/STM32H7xx_HAL_Driver/Src/stm32h7xx_hal_uart_ex.c.obj
                0x08006bf6                HAL_UARTEx_DisableFifoMode
 .text.HAL_UARTEx_SetTxFifoThreshold
                0x08006c34       0x4a CMakeFiles/EC.elf.dir/Drivers/STM32H7xx_HAL_Driver/Src/stm32h7xx_hal_uart_ex.c.obj
                0x08006c34                HAL_UARTEx_SetTxFifoThreshold
 .text.HAL_UARTEx_SetRxFifoThreshold
                0x08006c7e       0x4a CMakeFiles/EC.elf.dir/Drivers/STM32H7xx_HAL_Driver/Src/stm32h7xx_hal_uart_ex.c.obj
                0x08006c7e                HAL_UARTEx_SetRxFifoThreshold
 .text.FMC_SDRAM_Init
                0x08006cc8       0x74 CMakeFiles/EC.elf.dir/Drivers/STM32H7xx_HAL_Driver/Src/stm32h7xx_ll_fmc.c.obj
                0x08006cc8                FMC_SDRAM_Init
 .text.FMC_SDRAM_Timing_Init
                0x08006d3c       0xb4 CMakeFiles/EC.elf.dir/Drivers/STM32H7xx_HAL_Driver/Src/stm32h7xx_ll_fmc.c.obj
                0x08006d3c                FMC_SDRAM_Timing_Init
 .text.SDMMC_GetCmdError
                0x08006df0       0x3c CMakeFiles/EC.elf.dir/Drivers/STM32H7xx_HAL_Driver/Src/stm32h7xx_ll_sdmmc.c.obj
 .text.SDMMC_Init
                0x08006e2c       0x30 CMakeFiles/EC.elf.dir/Drivers/STM32H7xx_HAL_Driver/Src/stm32h7xx_ll_sdmmc.c.obj
                0x08006e2c                SDMMC_Init
 .text.SDMMC_ReadFIFO
                0x08006e5c        0x6 CMakeFiles/EC.elf.dir/Drivers/STM32H7xx_HAL_Driver/Src/stm32h7xx_ll_sdmmc.c.obj
                0x08006e5c                SDMMC_ReadFIFO
 .text.SDMMC_WriteFIFO
                0x08006e62        0xa CMakeFiles/EC.elf.dir/Drivers/STM32H7xx_HAL_Driver/Src/stm32h7xx_ll_sdmmc.c.obj
                0x08006e62                SDMMC_WriteFIFO
 .text.SDMMC_PowerState_ON
                0x08006e6c        0xc CMakeFiles/EC.elf.dir/Drivers/STM32H7xx_HAL_Driver/Src/stm32h7xx_ll_sdmmc.c.obj
                0x08006e6c                SDMMC_PowerState_ON
 .text.SDMMC_GetPowerState
                0x08006e78        0x8 CMakeFiles/EC.elf.dir/Drivers/STM32H7xx_HAL_Driver/Src/stm32h7xx_ll_sdmmc.c.obj
                0x08006e78                SDMMC_GetPowerState
 .text.SDMMC_SendCommand
                0x08006e80       0x24 CMakeFiles/EC.elf.dir/Drivers/STM32H7xx_HAL_Driver/Src/stm32h7xx_ll_sdmmc.c.obj
                0x08006e80                SDMMC_SendCommand
 .text.SDMMC_GetCommandResponse
                0x08006ea4        0x6 CMakeFiles/EC.elf.dir/Drivers/STM32H7xx_HAL_Driver/Src/stm32h7xx_ll_sdmmc.c.obj
                0x08006ea4                SDMMC_GetCommandResponse
 .text.SDMMC_GetResponse
                0x08006eaa        0x6 CMakeFiles/EC.elf.dir/Drivers/STM32H7xx_HAL_Driver/Src/stm32h7xx_ll_sdmmc.c.obj
                0x08006eaa                SDMMC_GetResponse
 .text.SDMMC_ConfigData
                0x08006eb0       0x24 CMakeFiles/EC.elf.dir/Drivers/STM32H7xx_HAL_Driver/Src/stm32h7xx_ll_sdmmc.c.obj
                0x08006eb0                SDMMC_ConfigData
 .text.SDMMC_CmdGoIdleState
                0x08006ed4       0x26 CMakeFiles/EC.elf.dir/Drivers/STM32H7xx_HAL_Driver/Src/stm32h7xx_ll_sdmmc.c.obj
                0x08006ed4                SDMMC_CmdGoIdleState
 *fill*         0x08006efa        0x2 
 .text.SDMMC_GetCmdResp1
                0x08006efc      0x160 CMakeFiles/EC.elf.dir/Drivers/STM32H7xx_HAL_Driver/Src/stm32h7xx_ll_sdmmc.c.obj
                0x08006efc                SDMMC_GetCmdResp1
 .text.SDMMC_CmdBlockLength
                0x0800705c       0x32 CMakeFiles/EC.elf.dir/Drivers/STM32H7xx_HAL_Driver/Src/stm32h7xx_ll_sdmmc.c.obj
                0x0800705c                SDMMC_CmdBlockLength
 *fill*         0x0800708e        0x2 
 .text.SDMMC_CmdStopTransfer
                0x08007090       0x58 CMakeFiles/EC.elf.dir/Drivers/STM32H7xx_HAL_Driver/Src/stm32h7xx_ll_sdmmc.c.obj
                0x08007090                SDMMC_CmdStopTransfer
 .text.SDMMC_CmdSelDesel
                0x080070e8       0x32 CMakeFiles/EC.elf.dir/Drivers/STM32H7xx_HAL_Driver/Src/stm32h7xx_ll_sdmmc.c.obj
                0x080070e8                SDMMC_CmdSelDesel
 .text.SDMMC_CmdAppCommand
                0x0800711a       0x32 CMakeFiles/EC.elf.dir/Drivers/STM32H7xx_HAL_Driver/Src/stm32h7xx_ll_sdmmc.c.obj
                0x0800711a                SDMMC_CmdAppCommand
 .text.SDMMC_CmdBusWidth
                0x0800714c       0x32 CMakeFiles/EC.elf.dir/Drivers/STM32H7xx_HAL_Driver/Src/stm32h7xx_ll_sdmmc.c.obj
                0x0800714c                SDMMC_CmdBusWidth
 .text.SDMMC_CmdSendSCR
                0x0800717e       0x32 CMakeFiles/EC.elf.dir/Drivers/STM32H7xx_HAL_Driver/Src/stm32h7xx_ll_sdmmc.c.obj
                0x0800717e                SDMMC_CmdSendSCR
 .text.SDMMC_CmdSendStatus
                0x080071b0       0x32 CMakeFiles/EC.elf.dir/Drivers/STM32H7xx_HAL_Driver/Src/stm32h7xx_ll_sdmmc.c.obj
                0x080071b0                SDMMC_CmdSendStatus
 .text.SDMMC_CmdStatusRegister
                0x080071e2       0x32 CMakeFiles/EC.elf.dir/Drivers/STM32H7xx_HAL_Driver/Src/stm32h7xx_ll_sdmmc.c.obj
                0x080071e2                SDMMC_CmdStatusRegister
 .text.SDMMC_GetCmdResp2
                0x08007214       0x60 CMakeFiles/EC.elf.dir/Drivers/STM32H7xx_HAL_Driver/Src/stm32h7xx_ll_sdmmc.c.obj
                0x08007214                SDMMC_GetCmdResp2
 .text.SDMMC_CmdSendCID
                0x08007274       0x2c CMakeFiles/EC.elf.dir/Drivers/STM32H7xx_HAL_Driver/Src/stm32h7xx_ll_sdmmc.c.obj
                0x08007274                SDMMC_CmdSendCID
 .text.SDMMC_CmdSendCSD
                0x080072a0       0x2c CMakeFiles/EC.elf.dir/Drivers/STM32H7xx_HAL_Driver/Src/stm32h7xx_ll_sdmmc.c.obj
                0x080072a0                SDMMC_CmdSendCSD
 .text.SDMMC_GetCmdResp3
                0x080072cc       0x50 CMakeFiles/EC.elf.dir/Drivers/STM32H7xx_HAL_Driver/Src/stm32h7xx_ll_sdmmc.c.obj
                0x080072cc                SDMMC_GetCmdResp3
 .text.SDMMC_CmdAppOperCommand
                0x0800731c       0x2c CMakeFiles/EC.elf.dir/Drivers/STM32H7xx_HAL_Driver/Src/stm32h7xx_ll_sdmmc.c.obj
                0x0800731c                SDMMC_CmdAppOperCommand
 .text.SDMMC_GetCmdResp6
                0x08007348       0xa4 CMakeFiles/EC.elf.dir/Drivers/STM32H7xx_HAL_Driver/Src/stm32h7xx_ll_sdmmc.c.obj
                0x08007348                SDMMC_GetCmdResp6
 .text.SDMMC_CmdSetRelAdd
                0x080073ec       0x32 CMakeFiles/EC.elf.dir/Drivers/STM32H7xx_HAL_Driver/Src/stm32h7xx_ll_sdmmc.c.obj
                0x080073ec                SDMMC_CmdSetRelAdd
 *fill*         0x0800741e        0x2 
 .text.SDMMC_GetCmdResp7
                0x08007420       0x64 CMakeFiles/EC.elf.dir/Drivers/STM32H7xx_HAL_Driver/Src/stm32h7xx_ll_sdmmc.c.obj
                0x08007420                SDMMC_GetCmdResp7
 .text.SDMMC_CmdOperCond
                0x08007484       0x30 CMakeFiles/EC.elf.dir/Drivers/STM32H7xx_HAL_Driver/Src/stm32h7xx_ll_sdmmc.c.obj
                0x08007484                SDMMC_CmdOperCond
 .text.Reset_Handler
                0x080074b4       0x50 CMakeFiles/EC.elf.dir/startup/startup_stm32h743xx.s.obj
                0x080074b4                Reset_Handler
 .text.Default_Handler
                0x08007504        0x2 CMakeFiles/EC.elf.dir/startup/startup_stm32h743xx.s.obj
                0x08007504                RTC_Alarm_IRQHandler
                0x08007504                EXTI2_IRQHandler
                0x08007504                TIM8_CC_IRQHandler
                0x08007504                HRTIM1_Master_IRQHandler
                0x08007504                UART8_IRQHandler
                0x08007504                SPI4_IRQHandler
                0x08007504                TIM1_CC_IRQHandler
                0x08007504                BDMA_Channel6_IRQHandler
                0x08007504                DMA2_Stream5_IRQHandler
                0x08007504                HRTIM1_FLT_IRQHandler
                0x08007504                JPEG_IRQHandler
                0x08007504                DMA1_Stream5_IRQHandler
                0x08007504                BDMA_Channel1_IRQHandler
                0x08007504                HRTIM1_TIMD_IRQHandler
                0x08007504                TAMP_STAMP_IRQHandler
                0x08007504                EXTI3_IRQHandler
                0x08007504                LPTIM4_IRQHandler
                0x08007504                TIM8_TRG_COM_TIM14_IRQHandler
                0x08007504                LPTIM2_IRQHandler
                0x08007504                DFSDM1_FLT1_IRQHandler
                0x08007504                DMAMUX2_OVR_IRQHandler
                0x08007504                TIM8_UP_TIM13_IRQHandler
                0x08007504                I2C3_ER_IRQHandler
                0x08007504                DFSDM1_FLT2_IRQHandler
                0x08007504                MDMA_IRQHandler
                0x08007504                LPTIM3_IRQHandler
                0x08007504                HSEM1_IRQHandler
                0x08007504                EXTI0_IRQHandler
                0x08007504                I2C2_EV_IRQHandler
                0x08007504                DMA1_Stream2_IRQHandler
                0x08007504                FPU_IRQHandler
                0x08007504                OTG_HS_WKUP_IRQHandler
                0x08007504                FDCAN1_IT1_IRQHandler
                0x08007504                LTDC_ER_IRQHandler
                0x08007504                DMA2_Stream2_IRQHandler
                0x08007504                HRTIM1_TIME_IRQHandler
                0x08007504                SPI1_IRQHandler
                0x08007504                TIM6_DAC_IRQHandler
                0x08007504                DCMI_IRQHandler
                0x08007504                HRTIM1_TIMC_IRQHandler
                0x08007504                DMA2_Stream3_IRQHandler
                0x08007504                SAI2_IRQHandler
                0x08007504                DFSDM1_FLT3_IRQHandler
                0x08007504                USART6_IRQHandler
                0x08007504                TIM17_IRQHandler
                0x08007504                USART3_IRQHandler
                0x08007504                BDMA_Channel7_IRQHandler
                0x08007504                LPTIM5_IRQHandler
                0x08007504                UART5_IRQHandler
                0x08007504                ADC3_IRQHandler
                0x08007504                DMA2_Stream0_IRQHandler
                0x08007504                TIM4_IRQHandler
                0x08007504                BDMA_Channel2_IRQHandler
                0x08007504                QUADSPI_IRQHandler
                0x08007504                I2C1_EV_IRQHandler
                0x08007504                DMA1_Stream6_IRQHandler
                0x08007504                DMAMUX1_OVR_IRQHandler
                0x08007504                DMA1_Stream1_IRQHandler
                0x08007504                TIM16_IRQHandler
                0x08007504                UART4_IRQHandler
                0x08007504                BDMA_Channel5_IRQHandler
                0x08007504                TIM3_IRQHandler
                0x08007504                RCC_IRQHandler
                0x08007504                TIM8_BRK_TIM12_IRQHandler
                0x08007504                TIM1_TRG_COM_IRQHandler
                0x08007504                Default_Handler
                0x08007504                ECC_IRQHandler
                0x08007504                CEC_IRQHandler
                0x08007504                EXTI15_10_IRQHandler
                0x08007504                BDMA_Channel0_IRQHandler
                0x08007504                ADC_IRQHandler
                0x08007504                DMA1_Stream7_IRQHandler
                0x08007504                HRTIM1_TIMA_IRQHandler
                0x08007504                SPI5_IRQHandler
                0x08007504                TIM7_IRQHandler
                0x08007504                TIM5_IRQHandler
                0x08007504                DMA2_Stream7_IRQHandler
                0x08007504                TIM15_IRQHandler
                0x08007504                PVD_AVD_IRQHandler
                0x08007504                I2C3_EV_IRQHandler
                0x08007504                EXTI9_5_IRQHandler
                0x08007504                RTC_WKUP_IRQHandler
                0x08007504                SAI3_IRQHandler
                0x08007504                ETH_WKUP_IRQHandler
                0x08007504                SPDIF_RX_IRQHandler
                0x08007504                SPI2_IRQHandler
                0x08007504                OTG_HS_EP1_IN_IRQHandler
                0x08007504                DMA1_Stream0_IRQHandler
                0x08007504                CRS_IRQHandler
                0x08007504                EXTI4_IRQHandler
                0x08007504                RNG_IRQHandler
                0x08007504                HRTIM1_TIMB_IRQHandler
                0x08007504                FDCAN2_IT1_IRQHandler
                0x08007504                ETH_IRQHandler
                0x08007504                TIM1_UP_IRQHandler
                0x08007504                BDMA_Channel4_IRQHandler
                0x08007504                OTG_HS_EP1_OUT_IRQHandler
                0x08007504                WWDG_IRQHandler
                0x08007504                SPI6_IRQHandler
                0x08007504                MDIOS_IRQHandler
                0x08007504                I2C4_EV_IRQHandler
                0x08007504                FDCAN2_IT0_IRQHandler
                0x08007504                LPUART1_IRQHandler
                0x08007504                FDCAN1_IT0_IRQHandler
                0x08007504                TIM2_IRQHandler
                0x08007504                OTG_FS_WKUP_IRQHandler
                0x08007504                OTG_HS_IRQHandler
                0x08007504                TIM1_BRK_IRQHandler
                0x08007504                EXTI1_IRQHandler
                0x08007504                SDMMC2_IRQHandler
                0x08007504                OTG_FS_EP1_OUT_IRQHandler
                0x08007504                BDMA_Channel3_IRQHandler
                0x08007504                UART7_IRQHandler
                0x08007504                MDIOS_WKUP_IRQHandler
                0x08007504                USART2_IRQHandler
                0x08007504                DFSDM1_FLT0_IRQHandler
                0x08007504                SAI4_IRQHandler
                0x08007504                I2C2_ER_IRQHandler
                0x08007504                DMA2_Stream1_IRQHandler
                0x08007504                FLASH_IRQHandler
                0x08007504                DMA2_Stream4_IRQHandler
                0x08007504                OTG_FS_IRQHandler
                0x08007504                SPI3_IRQHandler
                0x08007504                WAKEUP_PIN_IRQHandler
                0x08007504                DMA1_Stream4_IRQHandler
                0x08007504                OTG_FS_EP1_IN_IRQHandler
                0x08007504                I2C1_ER_IRQHandler
                0x08007504                FDCAN_CAL_IRQHandler
                0x08007504                SWPMI1_IRQHandler
                0x08007504                COMP1_IRQHandler
                0x08007504                LPTIM1_IRQHandler
                0x08007504                I2C4_ER_IRQHandler
                0x08007504                DMA2_Stream6_IRQHandler
                0x08007504                SAI1_IRQHandler
                0x08007504                DMA1_Stream3_IRQHandler
 *fill*         0x08007506        0x2 
 .text.__libc_init_array
                0x08007508       0x48 c:/progra~1/stmicr~1/stm32c~1/gcc-ar~1/bin/../lib/gcc/arm-none-eabi/10.3.1/../../../../arm-none-eabi/lib/thumb/v7e-m/nofp\libg.a(lib_a-init.o)
                0x08007508                __libc_init_array
 .text.memset   0x08007550       0xa4 c:/progra~1/stmicr~1/stm32c~1/gcc-ar~1/bin/../lib/gcc/arm-none-eabi/10.3.1/../../../../arm-none-eabi/lib/thumb/v7e-m/nofp\libg.a(lib_a-memset.o)
                0x08007550                memset
 .text.startup.register_fini
                0x080075f4       0x14 c:/progra~1/stmicr~1/stm32c~1/gcc-ar~1/bin/../lib/gcc/arm-none-eabi/10.3.1/../../../../arm-none-eabi/lib/thumb/v7e-m/nofp\libg.a(lib_a-__call_atexit.o)
 .text.atexit   0x08007608        0xc c:/progra~1/stmicr~1/stm32c~1/gcc-ar~1/bin/../lib/gcc/arm-none-eabi/10.3.1/../../../../arm-none-eabi/lib/thumb/v7e-m/nofp\libg.a(lib_a-atexit.o)
                0x08007608                atexit
 .text.__libc_fini_array
                0x08007614       0x2c c:/progra~1/stmicr~1/stm32c~1/gcc-ar~1/bin/../lib/gcc/arm-none-eabi/10.3.1/../../../../arm-none-eabi/lib/thumb/v7e-m/nofp\libg.a(lib_a-fini.o)
                0x08007614                __libc_fini_array
 .text.__retarget_lock_acquire_recursive
                0x08007640        0x4 c:/progra~1/stmicr~1/stm32c~1/gcc-ar~1/bin/../lib/gcc/arm-none-eabi/10.3.1/../../../../arm-none-eabi/lib/thumb/v7e-m/nofp\libg.a(lib_a-lock.o)
                0x08007640                __retarget_lock_acquire_recursive
 .text.__retarget_lock_release_recursive
                0x08007644        0x4 c:/progra~1/stmicr~1/stm32c~1/gcc-ar~1/bin/../lib/gcc/arm-none-eabi/10.3.1/../../../../arm-none-eabi/lib/thumb/v7e-m/nofp\libg.a(lib_a-lock.o)
                0x08007644                __retarget_lock_release_recursive
 .text.__register_exitproc
                0x08007648       0x8c c:/progra~1/stmicr~1/stm32c~1/gcc-ar~1/bin/../lib/gcc/arm-none-eabi/10.3.1/../../../../arm-none-eabi/lib/thumb/v7e-m/nofp\libg.a(lib_a-__atexit.o)
                0x08007648                __register_exitproc
 *(.glue_7)
 .glue_7        0x080076d4        0x0 linker stubs
 *(.glue_7t)
 .glue_7t       0x080076d4        0x0 linker stubs
 *(.eh_frame)
 .eh_frame      0x080076d4        0x0 c:/progra~1/stmicr~1/stm32c~1/gcc-ar~1/bin/../lib/gcc/arm-none-eabi/10.3.1/thumb/v7e-m/nofp/crtbegin.o
 *(.init)
 .init          0x080076d4        0x4 c:/progra~1/stmicr~1/stm32c~1/gcc-ar~1/bin/../lib/gcc/arm-none-eabi/10.3.1/thumb/v7e-m/nofp/crti.o
                0x080076d4                _init
 .init          0x080076d8        0x8 c:/progra~1/stmicr~1/stm32c~1/gcc-ar~1/bin/../lib/gcc/arm-none-eabi/10.3.1/thumb/v7e-m/nofp/crtn.o
 *(.fini)
 .fini          0x080076e0        0x4 c:/progra~1/stmicr~1/stm32c~1/gcc-ar~1/bin/../lib/gcc/arm-none-eabi/10.3.1/thumb/v7e-m/nofp/crti.o
                0x080076e0                _fini
 .fini          0x080076e4        0x8 c:/progra~1/stmicr~1/stm32c~1/gcc-ar~1/bin/../lib/gcc/arm-none-eabi/10.3.1/thumb/v7e-m/nofp/crtn.o
                0x080076ec                . = ALIGN (0x4)
                0x080076ec                _etext = .

.vfp11_veneer   0x080076ec        0x0
 .vfp11_veneer  0x080076ec        0x0 linker stubs

.v4_bx          0x080076ec        0x0
 .v4_bx         0x080076ec        0x0 linker stubs

.iplt           0x080076ec        0x0
 .iplt          0x080076ec        0x0 c:/progra~1/stmicr~1/stm32c~1/gcc-ar~1/bin/../lib/gcc/arm-none-eabi/10.3.1/thumb/v7e-m/nofp/crtbegin.o

.rodata         0x080076ec       0x3c
                0x080076ec                . = ALIGN (0x4)
 *(.rodata)
 *(.rodata*)
 .rodata.D1CorePrescTable
                0x080076ec       0x10 CMakeFiles/EC.elf.dir/Core/Src/system_stm32h7xx.c.obj
                0x080076ec                D1CorePrescTable
 .rodata.UARTPrescTable
                0x080076fc       0x18 CMakeFiles/EC.elf.dir/Drivers/STM32H7xx_HAL_Driver/Src/stm32h7xx_hal_uart.c.obj
                0x080076fc                UARTPrescTable
 .rodata.denominator.0
                0x08007714        0x8 CMakeFiles/EC.elf.dir/Drivers/STM32H7xx_HAL_Driver/Src/stm32h7xx_hal_uart_ex.c.obj
 .rodata.numerator.1
                0x0800771c        0x8 CMakeFiles/EC.elf.dir/Drivers/STM32H7xx_HAL_Driver/Src/stm32h7xx_hal_uart_ex.c.obj
 .rodata._global_impure_ptr
                0x08007724        0x4 c:/progra~1/stmicr~1/stm32c~1/gcc-ar~1/bin/../lib/gcc/arm-none-eabi/10.3.1/../../../../arm-none-eabi/lib/thumb/v7e-m/nofp\libg.a(lib_a-impure.o)
                0x08007724                _global_impure_ptr
                0x08007728                . = ALIGN (0x4)

.ARM.extab
 *(.ARM.extab* .gnu.linkonce.armextab.*)

.ARM            0x08007728        0x8
                0x08007728                __exidx_start = .
 *(.ARM.exidx*)
 .ARM.exidx     0x08007728        0x8 c:/progra~1/stmicr~1/stm32c~1/gcc-ar~1/bin/../lib/gcc/arm-none-eabi/10.3.1/thumb/v7e-m/nofp\libgcc.a(_udivmoddi4.o)
                0x08007730                __exidx_end = .

.rel.dyn        0x08007730        0x0
 .rel.iplt      0x08007730        0x0 c:/progra~1/stmicr~1/stm32c~1/gcc-ar~1/bin/../lib/gcc/arm-none-eabi/10.3.1/thumb/v7e-m/nofp/crtbegin.o

.preinit_array  0x08007730        0x0
                0x08007730                PROVIDE (__preinit_array_start = .)
 *(.preinit_array*)
                0x08007730                PROVIDE (__preinit_array_end = .)

.init_array     0x08007730        0x8
                0x08007730                PROVIDE (__init_array_start = .)
 *(SORT_BY_NAME(.init_array.*))
 .init_array.00000
                0x08007730        0x4 c:/progra~1/stmicr~1/stm32c~1/gcc-ar~1/bin/../lib/gcc/arm-none-eabi/10.3.1/../../../../arm-none-eabi/lib/thumb/v7e-m/nofp\libg.a(lib_a-__call_atexit.o)
 *(.init_array*)
 .init_array    0x08007734        0x4 c:/progra~1/stmicr~1/stm32c~1/gcc-ar~1/bin/../lib/gcc/arm-none-eabi/10.3.1/thumb/v7e-m/nofp/crtbegin.o
                0x08007738                PROVIDE (__init_array_end = .)

.fini_array     0x08007738        0x4
                0x08007738                PROVIDE (__fini_array_start = .)
 *(SORT_BY_NAME(.fini_array.*))
 *(.fini_array*)
 .fini_array    0x08007738        0x4 c:/progra~1/stmicr~1/stm32c~1/gcc-ar~1/bin/../lib/gcc/arm-none-eabi/10.3.1/thumb/v7e-m/nofp/crtbegin.o
                0x0800773c                PROVIDE (__fini_array_end = .)
                0x0800773c                _sidata = LOADADDR (.data)

.data           0x20000000      0x43c load address 0x0800773c
                0x20000000                . = ALIGN (0x4)
                0x20000000                _sdata = .
 *(.data)
 *(.data*)
 .data.SystemCoreClock
                0x20000000        0x4 CMakeFiles/EC.elf.dir/Core/Src/system_stm32h7xx.c.obj
                0x20000000                SystemCoreClock
 .data.SystemD2Clock
                0x20000004        0x4 CMakeFiles/EC.elf.dir/Core/Src/system_stm32h7xx.c.obj
                0x20000004                SystemD2Clock
 .data.uwTickFreq
                0x20000008        0x1 CMakeFiles/EC.elf.dir/Drivers/STM32H7xx_HAL_Driver/Src/stm32h7xx_hal.c.obj
                0x20000008                uwTickFreq
 *fill*         0x20000009        0x3 
 .data.uwTickPrio
                0x2000000c        0x4 CMakeFiles/EC.elf.dir/Drivers/STM32H7xx_HAL_Driver/Src/stm32h7xx_hal.c.obj
                0x2000000c                uwTickPrio
 .data.impure_data
                0x20000010      0x428 c:/progra~1/stmicr~1/stm32c~1/gcc-ar~1/bin/../lib/gcc/arm-none-eabi/10.3.1/../../../../arm-none-eabi/lib/thumb/v7e-m/nofp\libg.a(lib_a-impure.o)
 .data.__atexit_recursive_mutex
                0x20000438        0x4 c:/progra~1/stmicr~1/stm32c~1/gcc-ar~1/bin/../lib/gcc/arm-none-eabi/10.3.1/../../../../arm-none-eabi/lib/thumb/v7e-m/nofp\libg.a(lib_a-__call_atexit.o)
                0x20000438                __atexit_recursive_mutex
                0x2000043c                . = ALIGN (0x4)
                0x2000043c                _edata = .

.igot.plt       0x2000043c        0x0 load address 0x08007b78
 .igot.plt      0x2000043c        0x0 c:/progra~1/stmicr~1/stm32c~1/gcc-ar~1/bin/../lib/gcc/arm-none-eabi/10.3.1/thumb/v7e-m/nofp/crtbegin.o
                0x2000043c                . = ALIGN (0x4)

.bss            0x2000043c      0x2c4 load address 0x08007b78
                0x2000043c                _sbss = .
                0x2000043c                __bss_start__ = _sbss
 *(.bss)
 .bss           0x2000043c       0x1c c:/progra~1/stmicr~1/stm32c~1/gcc-ar~1/bin/../lib/gcc/arm-none-eabi/10.3.1/thumb/v7e-m/nofp/crtbegin.o
 *(.bss*)
 .bss.hdma2d    0x20000458       0x68 CMakeFiles/EC.elf.dir/Core/Src/dma2d.c.obj
                0x20000458                hdma2d
 .bss.FMC_Initialized
                0x200004c0        0x4 CMakeFiles/EC.elf.dir/Core/Src/fmc.c.obj
 .bss.hsdram1   0x200004c4       0x34 CMakeFiles/EC.elf.dir/Core/Src/fmc.c.obj
                0x200004c4                hsdram1
 .bss.hltdc     0x200004f8       0xa8 CMakeFiles/EC.elf.dir/Core/Src/ltdc.c.obj
                0x200004f8                hltdc
 .bss.hsd1      0x200005a0       0x7c CMakeFiles/EC.elf.dir/Core/Src/sdmmc.c.obj
                0x200005a0                hsd1
 .bss.htim2     0x2000061c       0x4c CMakeFiles/EC.elf.dir/Core/Src/tim.c.obj
                0x2000061c                htim2
 .bss.huart1    0x20000668       0x90 CMakeFiles/EC.elf.dir/Core/Src/usart.c.obj
                0x20000668                huart1
 .bss.uwTick    0x200006f8        0x4 CMakeFiles/EC.elf.dir/Drivers/STM32H7xx_HAL_Driver/Src/stm32h7xx_hal.c.obj
                0x200006f8                uwTick
 .bss.__lock___atexit_recursive_mutex
                0x200006fc        0x1 c:/progra~1/stmicr~1/stm32c~1/gcc-ar~1/bin/../lib/gcc/arm-none-eabi/10.3.1/../../../../arm-none-eabi/lib/thumb/v7e-m/nofp\libg.a(lib_a-lock.o)
                0x200006fc                __lock___atexit_recursive_mutex
 *(COMMON)
                0x20000700                . = ALIGN (0x4)
 *fill*         0x200006fd        0x3 
                0x20000700                _ebss = .
                0x20000700                __bss_end__ = _ebss

._user_heap_stack
                0x20000700      0x600 load address 0x08007b78
                0x20000700                . = ALIGN (0x8)
                0x20000700                PROVIDE (end = .)
                [!provide]                PROVIDE (_end = .)
                0x20000900                . = (. + _Min_Heap_Size)
 *fill*         0x20000700      0x200 
                0x20000d00                . = (. + _Min_Stack_Size)
 *fill*         0x20000900      0x400 
                0x20000d00                . = ALIGN (0x8)

/DISCARD/
 libc.a(*)
 libm.a(*)
 libgcc.a(*)

.ARM.attributes
                0x00000000       0x2a
 *(.ARM.attributes)
 .ARM.attributes
                0x00000000       0x1e c:/progra~1/stmicr~1/stm32c~1/gcc-ar~1/bin/../lib/gcc/arm-none-eabi/10.3.1/thumb/v7e-m/nofp/crti.o
 .ARM.attributes
                0x0000001e       0x2e c:/progra~1/stmicr~1/stm32c~1/gcc-ar~1/bin/../lib/gcc/arm-none-eabi/10.3.1/thumb/v7e-m/nofp/crtbegin.o
 .ARM.attributes
                0x0000004c       0x2e CMakeFiles/EC.elf.dir/Core/Src/dma2d.c.obj
 .ARM.attributes
                0x0000007a       0x2e CMakeFiles/EC.elf.dir/Core/Src/fmc.c.obj
 .ARM.attributes
                0x000000a8       0x2e CMakeFiles/EC.elf.dir/Core/Src/gpio.c.obj
 .ARM.attributes
                0x000000d6       0x2e CMakeFiles/EC.elf.dir/Core/Src/ltdc.c.obj
 .ARM.attributes
                0x00000104       0x2e CMakeFiles/EC.elf.dir/Core/Src/main.c.obj
 .ARM.attributes
                0x00000132       0x2e CMakeFiles/EC.elf.dir/Core/Src/sdmmc.c.obj
 .ARM.attributes
                0x00000160       0x2e CMakeFiles/EC.elf.dir/Core/Src/stm32h7xx_hal_msp.c.obj
 .ARM.attributes
                0x0000018e       0x2e CMakeFiles/EC.elf.dir/Core/Src/stm32h7xx_it.c.obj
 .ARM.attributes
                0x000001bc       0x2e CMakeFiles/EC.elf.dir/Core/Src/system_stm32h7xx.c.obj
 .ARM.attributes
                0x000001ea       0x2e CMakeFiles/EC.elf.dir/Core/Src/tim.c.obj
 .ARM.attributes
                0x00000218       0x2e CMakeFiles/EC.elf.dir/Core/Src/usart.c.obj
 .ARM.attributes
                0x00000246       0x2e CMakeFiles/EC.elf.dir/Drivers/STM32H7xx_HAL_Driver/Src/stm32h7xx_hal.c.obj
 .ARM.attributes
                0x00000274       0x2e CMakeFiles/EC.elf.dir/Drivers/STM32H7xx_HAL_Driver/Src/stm32h7xx_hal_cortex.c.obj
 .ARM.attributes
                0x000002a2       0x2e CMakeFiles/EC.elf.dir/Drivers/STM32H7xx_HAL_Driver/Src/stm32h7xx_hal_dma.c.obj
 .ARM.attributes
                0x000002d0       0x2e CMakeFiles/EC.elf.dir/Drivers/STM32H7xx_HAL_Driver/Src/stm32h7xx_hal_dma2d.c.obj
 .ARM.attributes
                0x000002fe       0x2e CMakeFiles/EC.elf.dir/Drivers/STM32H7xx_HAL_Driver/Src/stm32h7xx_hal_gpio.c.obj
 .ARM.attributes
                0x0000032c       0x2e CMakeFiles/EC.elf.dir/Drivers/STM32H7xx_HAL_Driver/Src/stm32h7xx_hal_ltdc.c.obj
 .ARM.attributes
                0x0000035a       0x2e CMakeFiles/EC.elf.dir/Drivers/STM32H7xx_HAL_Driver/Src/stm32h7xx_hal_pwr_ex.c.obj
 .ARM.attributes
                0x00000388       0x2e CMakeFiles/EC.elf.dir/Drivers/STM32H7xx_HAL_Driver/Src/stm32h7xx_hal_rcc.c.obj
 .ARM.attributes
                0x000003b6       0x2e CMakeFiles/EC.elf.dir/Drivers/STM32H7xx_HAL_Driver/Src/stm32h7xx_hal_rcc_ex.c.obj
 .ARM.attributes
                0x000003e4       0x2e CMakeFiles/EC.elf.dir/Drivers/STM32H7xx_HAL_Driver/Src/stm32h7xx_hal_sd.c.obj
 .ARM.attributes
                0x00000412       0x2e CMakeFiles/EC.elf.dir/Drivers/STM32H7xx_HAL_Driver/Src/stm32h7xx_hal_sdram.c.obj
 .ARM.attributes
                0x00000440       0x2e CMakeFiles/EC.elf.dir/Drivers/STM32H7xx_HAL_Driver/Src/stm32h7xx_hal_tim.c.obj
 .ARM.attributes
                0x0000046e       0x2e CMakeFiles/EC.elf.dir/Drivers/STM32H7xx_HAL_Driver/Src/stm32h7xx_hal_tim_ex.c.obj
 .ARM.attributes
                0x0000049c       0x2e CMakeFiles/EC.elf.dir/Drivers/STM32H7xx_HAL_Driver/Src/stm32h7xx_hal_uart.c.obj
 .ARM.attributes
                0x000004ca       0x2e CMakeFiles/EC.elf.dir/Drivers/STM32H7xx_HAL_Driver/Src/stm32h7xx_hal_uart_ex.c.obj
 .ARM.attributes
                0x000004f8       0x2e CMakeFiles/EC.elf.dir/Drivers/STM32H7xx_HAL_Driver/Src/stm32h7xx_ll_fmc.c.obj
 .ARM.attributes
                0x00000526       0x2e CMakeFiles/EC.elf.dir/Drivers/STM32H7xx_HAL_Driver/Src/stm32h7xx_ll_sdmmc.c.obj
 .ARM.attributes
                0x00000554       0x21 CMakeFiles/EC.elf.dir/startup/startup_stm32h743xx.s.obj
 .ARM.attributes
                0x00000575       0x1e c:/progra~1/stmicr~1/stm32c~1/gcc-ar~1/bin/../lib/gcc/arm-none-eabi/10.3.1/thumb/v7e-m/nofp\libgcc.a(_arm_addsubsf3.o)
 .ARM.attributes
                0x00000593       0x1e c:/progra~1/stmicr~1/stm32c~1/gcc-ar~1/bin/../lib/gcc/arm-none-eabi/10.3.1/thumb/v7e-m/nofp\libgcc.a(_arm_muldivsf3.o)
 .ARM.attributes
                0x000005b1       0x1e c:/progra~1/stmicr~1/stm32c~1/gcc-ar~1/bin/../lib/gcc/arm-none-eabi/10.3.1/thumb/v7e-m/nofp\libgcc.a(_arm_fixunssfsi.o)
 .ARM.attributes
                0x000005cf       0x1e c:/progra~1/stmicr~1/stm32c~1/gcc-ar~1/bin/../lib/gcc/arm-none-eabi/10.3.1/thumb/v7e-m/nofp\libgcc.a(_aeabi_uldivmod.o)
 .ARM.attributes
                0x000005ed       0x2e c:/progra~1/stmicr~1/stm32c~1/gcc-ar~1/bin/../lib/gcc/arm-none-eabi/10.3.1/thumb/v7e-m/nofp\libgcc.a(_udivmoddi4.o)
 .ARM.attributes
                0x0000061b       0x1e c:/progra~1/stmicr~1/stm32c~1/gcc-ar~1/bin/../lib/gcc/arm-none-eabi/10.3.1/thumb/v7e-m/nofp\libgcc.a(_dvmd_tls.o)
 .ARM.attributes
                0x00000639       0x2e c:/progra~1/stmicr~1/stm32c~1/gcc-ar~1/bin/../lib/gcc/arm-none-eabi/10.3.1/../../../../arm-none-eabi/lib/thumb/v7e-m/nofp\libg.a(lib_a-impure.o)
 .ARM.attributes
                0x00000667       0x2e c:/progra~1/stmicr~1/stm32c~1/gcc-ar~1/bin/../lib/gcc/arm-none-eabi/10.3.1/../../../../arm-none-eabi/lib/thumb/v7e-m/nofp\libg.a(lib_a-init.o)
 .ARM.attributes
                0x00000695       0x2e c:/progra~1/stmicr~1/stm32c~1/gcc-ar~1/bin/../lib/gcc/arm-none-eabi/10.3.1/../../../../arm-none-eabi/lib/thumb/v7e-m/nofp\libg.a(lib_a-memset.o)
 .ARM.attributes
                0x000006c3       0x2e c:/progra~1/stmicr~1/stm32c~1/gcc-ar~1/bin/../lib/gcc/arm-none-eabi/10.3.1/../../../../arm-none-eabi/lib/thumb/v7e-m/nofp\libg.a(lib_a-__call_atexit.o)
 .ARM.attributes
                0x000006f1       0x2e c:/progra~1/stmicr~1/stm32c~1/gcc-ar~1/bin/../lib/gcc/arm-none-eabi/10.3.1/../../../../arm-none-eabi/lib/thumb/v7e-m/nofp\libg.a(lib_a-atexit.o)
 .ARM.attributes
                0x0000071f       0x2e c:/progra~1/stmicr~1/stm32c~1/gcc-ar~1/bin/../lib/gcc/arm-none-eabi/10.3.1/../../../../arm-none-eabi/lib/thumb/v7e-m/nofp\libg.a(lib_a-fini.o)
 .ARM.attributes
                0x0000074d       0x2e c:/progra~1/stmicr~1/stm32c~1/gcc-ar~1/bin/../lib/gcc/arm-none-eabi/10.3.1/../../../../arm-none-eabi/lib/thumb/v7e-m/nofp\libg.a(lib_a-lock.o)
 .ARM.attributes
                0x0000077b       0x2e c:/progra~1/stmicr~1/stm32c~1/gcc-ar~1/bin/../lib/gcc/arm-none-eabi/10.3.1/../../../../arm-none-eabi/lib/thumb/v7e-m/nofp\libg.a(lib_a-__atexit.o)
 .ARM.attributes
                0x000007a9       0x1e c:/progra~1/stmicr~1/stm32c~1/gcc-ar~1/bin/../lib/gcc/arm-none-eabi/10.3.1/thumb/v7e-m/nofp/crtn.o
OUTPUT(EC.elf elf32-littlearm)
LOAD linker stubs
LOAD c:/progra~1/stmicr~1/stm32c~1/gcc-ar~1/bin/../lib/gcc/arm-none-eabi/10.3.1/../../../../arm-none-eabi/lib/thumb/v7e-m/nofp\libc.a
LOAD c:/progra~1/stmicr~1/stm32c~1/gcc-ar~1/bin/../lib/gcc/arm-none-eabi/10.3.1/../../../../arm-none-eabi/lib/thumb/v7e-m/nofp\libm.a
LOAD c:/progra~1/stmicr~1/stm32c~1/gcc-ar~1/bin/../lib/gcc/arm-none-eabi/10.3.1/thumb/v7e-m/nofp\libgcc.a

.debug_info     0x00000000    0x2600f
 .debug_info    0x00000000      0xce7 CMakeFiles/EC.elf.dir/Core/Src/dma2d.c.obj
 .debug_info    0x00000ce7     0x157c CMakeFiles/EC.elf.dir/Core/Src/fmc.c.obj
 .debug_info    0x00002263      0x79d CMakeFiles/EC.elf.dir/Core/Src/gpio.c.obj
 .debug_info    0x00002a00     0x1507 CMakeFiles/EC.elf.dir/Core/Src/ltdc.c.obj
 .debug_info    0x00003f07     0x1197 CMakeFiles/EC.elf.dir/Core/Src/main.c.obj
 .debug_info    0x0000509e     0x12a0 CMakeFiles/EC.elf.dir/Core/Src/sdmmc.c.obj
 .debug_info    0x0000633e      0x4a0 CMakeFiles/EC.elf.dir/Core/Src/stm32h7xx_hal_msp.c.obj
 .debug_info    0x000067de     0x1949 CMakeFiles/EC.elf.dir/Core/Src/stm32h7xx_it.c.obj
 .debug_info    0x00008127      0xe8f CMakeFiles/EC.elf.dir/Core/Src/system_stm32h7xx.c.obj
 .debug_info    0x00008fb6      0xfaa CMakeFiles/EC.elf.dir/Core/Src/tim.c.obj
 .debug_info    0x00009f60     0x1567 CMakeFiles/EC.elf.dir/Core/Src/usart.c.obj
 .debug_info    0x0000b4c7     0x16a0 CMakeFiles/EC.elf.dir/Drivers/STM32H7xx_HAL_Driver/Src/stm32h7xx_hal.c.obj
 .debug_info    0x0000cb67     0x13ea CMakeFiles/EC.elf.dir/Drivers/STM32H7xx_HAL_Driver/Src/stm32h7xx_hal_cortex.c.obj
 .debug_info    0x0000df51      0xfeb CMakeFiles/EC.elf.dir/Drivers/STM32H7xx_HAL_Driver/Src/stm32h7xx_hal_dma.c.obj
 .debug_info    0x0000ef3c     0x15be CMakeFiles/EC.elf.dir/Drivers/STM32H7xx_HAL_Driver/Src/stm32h7xx_hal_dma2d.c.obj
 .debug_info    0x000104fa      0xd66 CMakeFiles/EC.elf.dir/Drivers/STM32H7xx_HAL_Driver/Src/stm32h7xx_hal_gpio.c.obj
 .debug_info    0x00011260     0x155d CMakeFiles/EC.elf.dir/Drivers/STM32H7xx_HAL_Driver/Src/stm32h7xx_hal_ltdc.c.obj
 .debug_info    0x000127bd     0x122e CMakeFiles/EC.elf.dir/Drivers/STM32H7xx_HAL_Driver/Src/stm32h7xx_hal_pwr_ex.c.obj
 .debug_info    0x000139eb     0x13a2 CMakeFiles/EC.elf.dir/Drivers/STM32H7xx_HAL_Driver/Src/stm32h7xx_hal_rcc.c.obj
 .debug_info    0x00014d8d     0x1f49 CMakeFiles/EC.elf.dir/Drivers/STM32H7xx_HAL_Driver/Src/stm32h7xx_hal_rcc_ex.c.obj
 .debug_info    0x00016cd6     0x24e0 CMakeFiles/EC.elf.dir/Drivers/STM32H7xx_HAL_Driver/Src/stm32h7xx_hal_sd.c.obj
 .debug_info    0x000191b6     0x12bb CMakeFiles/EC.elf.dir/Drivers/STM32H7xx_HAL_Driver/Src/stm32h7xx_hal_sdram.c.obj
 .debug_info    0x0001a471     0x3d81 CMakeFiles/EC.elf.dir/Drivers/STM32H7xx_HAL_Driver/Src/stm32h7xx_hal_tim.c.obj
 .debug_info    0x0001e1f2     0x1d96 CMakeFiles/EC.elf.dir/Drivers/STM32H7xx_HAL_Driver/Src/stm32h7xx_hal_tim_ex.c.obj
 .debug_info    0x0001ff88     0x28e7 CMakeFiles/EC.elf.dir/Drivers/STM32H7xx_HAL_Driver/Src/stm32h7xx_hal_uart.c.obj
 .debug_info    0x0002286f      0xf4b CMakeFiles/EC.elf.dir/Drivers/STM32H7xx_HAL_Driver/Src/stm32h7xx_hal_uart_ex.c.obj
 .debug_info    0x000237ba      0xd26 CMakeFiles/EC.elf.dir/Drivers/STM32H7xx_HAL_Driver/Src/stm32h7xx_ll_fmc.c.obj
 .debug_info    0x000244e0     0x1b0d CMakeFiles/EC.elf.dir/Drivers/STM32H7xx_HAL_Driver/Src/stm32h7xx_ll_sdmmc.c.obj
 .debug_info    0x00025fed       0x22 CMakeFiles/EC.elf.dir/startup/startup_stm32h743xx.s.obj

.debug_abbrev   0x00000000     0x3cbb
 .debug_abbrev  0x00000000      0x1d5 CMakeFiles/EC.elf.dir/Core/Src/dma2d.c.obj
 .debug_abbrev  0x000001d5      0x257 CMakeFiles/EC.elf.dir/Core/Src/fmc.c.obj
 .debug_abbrev  0x0000042c      0x16e CMakeFiles/EC.elf.dir/Core/Src/gpio.c.obj
 .debug_abbrev  0x0000059a      0x1e5 CMakeFiles/EC.elf.dir/Core/Src/ltdc.c.obj
 .debug_abbrev  0x0000077f      0x281 CMakeFiles/EC.elf.dir/Core/Src/main.c.obj
 .debug_abbrev  0x00000a00      0x1ec CMakeFiles/EC.elf.dir/Core/Src/sdmmc.c.obj
 .debug_abbrev  0x00000bec       0xd7 CMakeFiles/EC.elf.dir/Core/Src/stm32h7xx_hal_msp.c.obj
 .debug_abbrev  0x00000cc3      0x1cd CMakeFiles/EC.elf.dir/Core/Src/stm32h7xx_it.c.obj
 .debug_abbrev  0x00000e90      0x162 CMakeFiles/EC.elf.dir/Core/Src/system_stm32h7xx.c.obj
 .debug_abbrev  0x00000ff2      0x220 CMakeFiles/EC.elf.dir/Core/Src/tim.c.obj
 .debug_abbrev  0x00001212      0x20d CMakeFiles/EC.elf.dir/Core/Src/usart.c.obj
 .debug_abbrev  0x0000141f      0x264 CMakeFiles/EC.elf.dir/Drivers/STM32H7xx_HAL_Driver/Src/stm32h7xx_hal.c.obj
 .debug_abbrev  0x00001683      0x37d CMakeFiles/EC.elf.dir/Drivers/STM32H7xx_HAL_Driver/Src/stm32h7xx_hal_cortex.c.obj
 .debug_abbrev  0x00001a00      0x298 CMakeFiles/EC.elf.dir/Drivers/STM32H7xx_HAL_Driver/Src/stm32h7xx_hal_dma.c.obj
 .debug_abbrev  0x00001c98      0x241 CMakeFiles/EC.elf.dir/Drivers/STM32H7xx_HAL_Driver/Src/stm32h7xx_hal_dma2d.c.obj
 .debug_abbrev  0x00001ed9      0x239 CMakeFiles/EC.elf.dir/Drivers/STM32H7xx_HAL_Driver/Src/stm32h7xx_hal_gpio.c.obj
 .debug_abbrev  0x00002112      0x219 CMakeFiles/EC.elf.dir/Drivers/STM32H7xx_HAL_Driver/Src/stm32h7xx_hal_ltdc.c.obj
 .debug_abbrev  0x0000232b      0x29b CMakeFiles/EC.elf.dir/Drivers/STM32H7xx_HAL_Driver/Src/stm32h7xx_hal_pwr_ex.c.obj
 .debug_abbrev  0x000025c6      0x279 CMakeFiles/EC.elf.dir/Drivers/STM32H7xx_HAL_Driver/Src/stm32h7xx_hal_rcc.c.obj
 .debug_abbrev  0x0000283f      0x285 CMakeFiles/EC.elf.dir/Drivers/STM32H7xx_HAL_Driver/Src/stm32h7xx_hal_rcc_ex.c.obj
 .debug_abbrev  0x00002ac4      0x260 CMakeFiles/EC.elf.dir/Drivers/STM32H7xx_HAL_Driver/Src/stm32h7xx_hal_sd.c.obj
 .debug_abbrev  0x00002d24      0x22d CMakeFiles/EC.elf.dir/Drivers/STM32H7xx_HAL_Driver/Src/stm32h7xx_hal_sdram.c.obj
 .debug_abbrev  0x00002f51      0x22b CMakeFiles/EC.elf.dir/Drivers/STM32H7xx_HAL_Driver/Src/stm32h7xx_hal_tim.c.obj
 .debug_abbrev  0x0000317c      0x241 CMakeFiles/EC.elf.dir/Drivers/STM32H7xx_HAL_Driver/Src/stm32h7xx_hal_tim_ex.c.obj
 .debug_abbrev  0x000033bd      0x2b5 CMakeFiles/EC.elf.dir/Drivers/STM32H7xx_HAL_Driver/Src/stm32h7xx_hal_uart.c.obj
 .debug_abbrev  0x00003672      0x246 CMakeFiles/EC.elf.dir/Drivers/STM32H7xx_HAL_Driver/Src/stm32h7xx_hal_uart_ex.c.obj
 .debug_abbrev  0x000038b8      0x1ac CMakeFiles/EC.elf.dir/Drivers/STM32H7xx_HAL_Driver/Src/stm32h7xx_ll_fmc.c.obj
 .debug_abbrev  0x00003a64      0x245 CMakeFiles/EC.elf.dir/Drivers/STM32H7xx_HAL_Driver/Src/stm32h7xx_ll_sdmmc.c.obj
 .debug_abbrev  0x00003ca9       0x12 CMakeFiles/EC.elf.dir/startup/startup_stm32h743xx.s.obj

.debug_loc      0x00000000    0x16422
 .debug_loc     0x00000000       0x67 CMakeFiles/EC.elf.dir/Core/Src/dma2d.c.obj
 .debug_loc     0x00000067       0x4a CMakeFiles/EC.elf.dir/Core/Src/fmc.c.obj
 .debug_loc     0x000000b1       0x9e CMakeFiles/EC.elf.dir/Core/Src/ltdc.c.obj
 .debug_loc     0x0000014f       0x82 CMakeFiles/EC.elf.dir/Core/Src/main.c.obj
 .debug_loc     0x000001d1       0x9e CMakeFiles/EC.elf.dir/Core/Src/sdmmc.c.obj
 .debug_loc     0x0000026f      0x21e CMakeFiles/EC.elf.dir/Core/Src/system_stm32h7xx.c.obj
 .debug_loc     0x0000048d       0x42 CMakeFiles/EC.elf.dir/Core/Src/tim.c.obj
 .debug_loc     0x000004cf       0x64 CMakeFiles/EC.elf.dir/Core/Src/usart.c.obj
 .debug_loc     0x00000533      0x3fa CMakeFiles/EC.elf.dir/Drivers/STM32H7xx_HAL_Driver/Src/stm32h7xx_hal.c.obj
 .debug_loc     0x0000092d      0x726 CMakeFiles/EC.elf.dir/Drivers/STM32H7xx_HAL_Driver/Src/stm32h7xx_hal_cortex.c.obj
 .debug_loc     0x00001053      0xe96 CMakeFiles/EC.elf.dir/Drivers/STM32H7xx_HAL_Driver/Src/stm32h7xx_hal_dma.c.obj
 .debug_loc     0x00001ee9     0x14f9 CMakeFiles/EC.elf.dir/Drivers/STM32H7xx_HAL_Driver/Src/stm32h7xx_hal_dma2d.c.obj
 .debug_loc     0x000033e2      0x3c7 CMakeFiles/EC.elf.dir/Drivers/STM32H7xx_HAL_Driver/Src/stm32h7xx_hal_gpio.c.obj
 .debug_loc     0x000037a9     0x181e CMakeFiles/EC.elf.dir/Drivers/STM32H7xx_HAL_Driver/Src/stm32h7xx_hal_ltdc.c.obj
 .debug_loc     0x00004fc7      0x4df CMakeFiles/EC.elf.dir/Drivers/STM32H7xx_HAL_Driver/Src/stm32h7xx_hal_pwr_ex.c.obj
 .debug_loc     0x000054a6      0x955 CMakeFiles/EC.elf.dir/Drivers/STM32H7xx_HAL_Driver/Src/stm32h7xx_hal_rcc.c.obj
 .debug_loc     0x00005dfb     0x1bfb CMakeFiles/EC.elf.dir/Drivers/STM32H7xx_HAL_Driver/Src/stm32h7xx_hal_rcc_ex.c.obj
 .debug_loc     0x000079f6     0x21de CMakeFiles/EC.elf.dir/Drivers/STM32H7xx_HAL_Driver/Src/stm32h7xx_hal_sd.c.obj
 .debug_loc     0x00009bd4      0xfad CMakeFiles/EC.elf.dir/Drivers/STM32H7xx_HAL_Driver/Src/stm32h7xx_hal_sdram.c.obj
 .debug_loc     0x0000ab81     0x4db1 CMakeFiles/EC.elf.dir/Drivers/STM32H7xx_HAL_Driver/Src/stm32h7xx_hal_tim.c.obj
 .debug_loc     0x0000f932     0x2447 CMakeFiles/EC.elf.dir/Drivers/STM32H7xx_HAL_Driver/Src/stm32h7xx_hal_tim_ex.c.obj
 .debug_loc     0x00011d79     0x2342 CMakeFiles/EC.elf.dir/Drivers/STM32H7xx_HAL_Driver/Src/stm32h7xx_hal_uart.c.obj
 .debug_loc     0x000140bb      0xa14 CMakeFiles/EC.elf.dir/Drivers/STM32H7xx_HAL_Driver/Src/stm32h7xx_hal_uart_ex.c.obj
 .debug_loc     0x00014acf      0x753 CMakeFiles/EC.elf.dir/Drivers/STM32H7xx_HAL_Driver/Src/stm32h7xx_ll_fmc.c.obj
 .debug_loc     0x00015222     0x1200 CMakeFiles/EC.elf.dir/Drivers/STM32H7xx_HAL_Driver/Src/stm32h7xx_ll_sdmmc.c.obj

.debug_aranges  0x00000000     0x1818
 .debug_aranges
                0x00000000       0x30 CMakeFiles/EC.elf.dir/Core/Src/dma2d.c.obj
 .debug_aranges
                0x00000030       0x40 CMakeFiles/EC.elf.dir/Core/Src/fmc.c.obj
 .debug_aranges
                0x00000070       0x20 CMakeFiles/EC.elf.dir/Core/Src/gpio.c.obj
 .debug_aranges
                0x00000090       0x30 CMakeFiles/EC.elf.dir/Core/Src/ltdc.c.obj
 .debug_aranges
                0x000000c0       0x38 CMakeFiles/EC.elf.dir/Core/Src/main.c.obj
 .debug_aranges
                0x000000f8       0x30 CMakeFiles/EC.elf.dir/Core/Src/sdmmc.c.obj
 .debug_aranges
                0x00000128       0x20 CMakeFiles/EC.elf.dir/Core/Src/stm32h7xx_hal_msp.c.obj
 .debug_aranges
                0x00000148       0x88 CMakeFiles/EC.elf.dir/Core/Src/stm32h7xx_it.c.obj
 .debug_aranges
                0x000001d0       0x28 CMakeFiles/EC.elf.dir/Core/Src/system_stm32h7xx.c.obj
 .debug_aranges
                0x000001f8       0x38 CMakeFiles/EC.elf.dir/Core/Src/tim.c.obj
 .debug_aranges
                0x00000230       0x30 CMakeFiles/EC.elf.dir/Core/Src/usart.c.obj
 .debug_aranges
                0x00000260      0x198 CMakeFiles/EC.elf.dir/Drivers/STM32H7xx_HAL_Driver/Src/stm32h7xx_hal.c.obj
 .debug_aranges
                0x000003f8       0xb0 CMakeFiles/EC.elf.dir/Drivers/STM32H7xx_HAL_Driver/Src/stm32h7xx_hal_cortex.c.obj
 .debug_aranges
                0x000004a8       0xa0 CMakeFiles/EC.elf.dir/Drivers/STM32H7xx_HAL_Driver/Src/stm32h7xx_hal_dma.c.obj
 .debug_aranges
                0x00000548      0x118 CMakeFiles/EC.elf.dir/Drivers/STM32H7xx_HAL_Driver/Src/stm32h7xx_hal_dma2d.c.obj
 .debug_aranges
                0x00000660       0x58 CMakeFiles/EC.elf.dir/Drivers/STM32H7xx_HAL_Driver/Src/stm32h7xx_hal_gpio.c.obj
 .debug_aranges
                0x000006b8      0x158 CMakeFiles/EC.elf.dir/Drivers/STM32H7xx_HAL_Driver/Src/stm32h7xx_hal_ltdc.c.obj
 .debug_aranges
                0x00000810      0x158 CMakeFiles/EC.elf.dir/Drivers/STM32H7xx_HAL_Driver/Src/stm32h7xx_hal_pwr_ex.c.obj
 .debug_aranges
                0x00000968       0x88 CMakeFiles/EC.elf.dir/Drivers/STM32H7xx_HAL_Driver/Src/stm32h7xx_hal_rcc.c.obj
 .debug_aranges
                0x000009f0       0xf8 CMakeFiles/EC.elf.dir/Drivers/STM32H7xx_HAL_Driver/Src/stm32h7xx_hal_rcc_ex.c.obj
 .debug_aranges
                0x00000ae8      0x170 CMakeFiles/EC.elf.dir/Drivers/STM32H7xx_HAL_Driver/Src/stm32h7xx_hal_sd.c.obj
 .debug_aranges
                0x00000c58       0xe8 CMakeFiles/EC.elf.dir/Drivers/STM32H7xx_HAL_Driver/Src/stm32h7xx_hal_sdram.c.obj
 .debug_aranges
                0x00000d40      0x3e0 CMakeFiles/EC.elf.dir/Drivers/STM32H7xx_HAL_Driver/Src/stm32h7xx_hal_tim.c.obj
 .debug_aranges
                0x00001120      0x188 CMakeFiles/EC.elf.dir/Drivers/STM32H7xx_HAL_Driver/Src/stm32h7xx_hal_tim_ex.c.obj
 .debug_aranges
                0x000012a8      0x248 CMakeFiles/EC.elf.dir/Drivers/STM32H7xx_HAL_Driver/Src/stm32h7xx_hal_uart.c.obj
 .debug_aranges
                0x000014f0       0xa0 CMakeFiles/EC.elf.dir/Drivers/STM32H7xx_HAL_Driver/Src/stm32h7xx_hal_uart_ex.c.obj
 .debug_aranges
                0x00001590       0xc8 CMakeFiles/EC.elf.dir/Drivers/STM32H7xx_HAL_Driver/Src/stm32h7xx_ll_fmc.c.obj
 .debug_aranges
                0x00001658      0x198 CMakeFiles/EC.elf.dir/Drivers/STM32H7xx_HAL_Driver/Src/stm32h7xx_ll_sdmmc.c.obj
 .debug_aranges
                0x000017f0       0x28 CMakeFiles/EC.elf.dir/startup/startup_stm32h743xx.s.obj

.debug_ranges   0x00000000     0x1798
 .debug_ranges  0x00000000       0x20 CMakeFiles/EC.elf.dir/Core/Src/dma2d.c.obj
 .debug_ranges  0x00000020       0x30 CMakeFiles/EC.elf.dir/Core/Src/fmc.c.obj
 .debug_ranges  0x00000050       0x10 CMakeFiles/EC.elf.dir/Core/Src/gpio.c.obj
 .debug_ranges  0x00000060       0x20 CMakeFiles/EC.elf.dir/Core/Src/ltdc.c.obj
 .debug_ranges  0x00000080       0x28 CMakeFiles/EC.elf.dir/Core/Src/main.c.obj
 .debug_ranges  0x000000a8       0x20 CMakeFiles/EC.elf.dir/Core/Src/sdmmc.c.obj
 .debug_ranges  0x000000c8       0x10 CMakeFiles/EC.elf.dir/Core/Src/stm32h7xx_hal_msp.c.obj
 .debug_ranges  0x000000d8       0x78 CMakeFiles/EC.elf.dir/Core/Src/stm32h7xx_it.c.obj
 .debug_ranges  0x00000150       0x18 CMakeFiles/EC.elf.dir/Core/Src/system_stm32h7xx.c.obj
 .debug_ranges  0x00000168       0x28 CMakeFiles/EC.elf.dir/Core/Src/tim.c.obj
 .debug_ranges  0x00000190       0x20 CMakeFiles/EC.elf.dir/Core/Src/usart.c.obj
 .debug_ranges  0x000001b0      0x188 CMakeFiles/EC.elf.dir/Drivers/STM32H7xx_HAL_Driver/Src/stm32h7xx_hal.c.obj
 .debug_ranges  0x00000338      0x100 CMakeFiles/EC.elf.dir/Drivers/STM32H7xx_HAL_Driver/Src/stm32h7xx_hal_cortex.c.obj
 .debug_ranges  0x00000438       0xa8 CMakeFiles/EC.elf.dir/Drivers/STM32H7xx_HAL_Driver/Src/stm32h7xx_hal_dma.c.obj
 .debug_ranges  0x000004e0      0x108 CMakeFiles/EC.elf.dir/Drivers/STM32H7xx_HAL_Driver/Src/stm32h7xx_hal_dma2d.c.obj
 .debug_ranges  0x000005e8       0x48 CMakeFiles/EC.elf.dir/Drivers/STM32H7xx_HAL_Driver/Src/stm32h7xx_hal_gpio.c.obj
 .debug_ranges  0x00000630      0x148 CMakeFiles/EC.elf.dir/Drivers/STM32H7xx_HAL_Driver/Src/stm32h7xx_hal_ltdc.c.obj
 .debug_ranges  0x00000778      0x1a8 CMakeFiles/EC.elf.dir/Drivers/STM32H7xx_HAL_Driver/Src/stm32h7xx_hal_pwr_ex.c.obj
 .debug_ranges  0x00000920       0xe8 CMakeFiles/EC.elf.dir/Drivers/STM32H7xx_HAL_Driver/Src/stm32h7xx_hal_rcc.c.obj
 .debug_ranges  0x00000a08       0xe8 CMakeFiles/EC.elf.dir/Drivers/STM32H7xx_HAL_Driver/Src/stm32h7xx_hal_rcc_ex.c.obj
 .debug_ranges  0x00000af0      0x160 CMakeFiles/EC.elf.dir/Drivers/STM32H7xx_HAL_Driver/Src/stm32h7xx_hal_sd.c.obj
 .debug_ranges  0x00000c50       0xd8 CMakeFiles/EC.elf.dir/Drivers/STM32H7xx_HAL_Driver/Src/stm32h7xx_hal_sdram.c.obj
 .debug_ranges  0x00000d28      0x3d0 CMakeFiles/EC.elf.dir/Drivers/STM32H7xx_HAL_Driver/Src/stm32h7xx_hal_tim.c.obj
 .debug_ranges  0x000010f8      0x178 CMakeFiles/EC.elf.dir/Drivers/STM32H7xx_HAL_Driver/Src/stm32h7xx_hal_tim_ex.c.obj
 .debug_ranges  0x00001270      0x238 CMakeFiles/EC.elf.dir/Drivers/STM32H7xx_HAL_Driver/Src/stm32h7xx_hal_uart.c.obj
 .debug_ranges  0x000014a8       0x90 CMakeFiles/EC.elf.dir/Drivers/STM32H7xx_HAL_Driver/Src/stm32h7xx_hal_uart_ex.c.obj
 .debug_ranges  0x00001538       0xb8 CMakeFiles/EC.elf.dir/Drivers/STM32H7xx_HAL_Driver/Src/stm32h7xx_ll_fmc.c.obj
 .debug_ranges  0x000015f0      0x188 CMakeFiles/EC.elf.dir/Drivers/STM32H7xx_HAL_Driver/Src/stm32h7xx_ll_sdmmc.c.obj
 .debug_ranges  0x00001778       0x20 CMakeFiles/EC.elf.dir/startup/startup_stm32h743xx.s.obj

.debug_line     0x00000000    0x1bead
 .debug_line    0x00000000      0x2ae CMakeFiles/EC.elf.dir/Core/Src/dma2d.c.obj
 .debug_line    0x000002ae      0x4cf CMakeFiles/EC.elf.dir/Core/Src/fmc.c.obj
 .debug_line    0x0000077d      0x24c CMakeFiles/EC.elf.dir/Core/Src/gpio.c.obj
 .debug_line    0x000009c9      0x5f2 CMakeFiles/EC.elf.dir/Core/Src/ltdc.c.obj
 .debug_line    0x00000fbb      0x60e CMakeFiles/EC.elf.dir/Core/Src/main.c.obj
 .debug_line    0x000015c9      0x3d2 CMakeFiles/EC.elf.dir/Core/Src/sdmmc.c.obj
 .debug_line    0x0000199b      0x171 CMakeFiles/EC.elf.dir/Core/Src/stm32h7xx_hal_msp.c.obj
 .debug_line    0x00001b0c      0x410 CMakeFiles/EC.elf.dir/Core/Src/stm32h7xx_it.c.obj
 .debug_line    0x00001f1c      0x45a CMakeFiles/EC.elf.dir/Core/Src/system_stm32h7xx.c.obj
 .debug_line    0x00002376      0x3c7 CMakeFiles/EC.elf.dir/Core/Src/tim.c.obj
 .debug_line    0x0000273d      0x3dd CMakeFiles/EC.elf.dir/Core/Src/usart.c.obj
 .debug_line    0x00002b1a      0x90c CMakeFiles/EC.elf.dir/Drivers/STM32H7xx_HAL_Driver/Src/stm32h7xx_hal.c.obj
 .debug_line    0x00003426      0x7d7 CMakeFiles/EC.elf.dir/Drivers/STM32H7xx_HAL_Driver/Src/stm32h7xx_hal_cortex.c.obj
 .debug_line    0x00003bfd     0x243a CMakeFiles/EC.elf.dir/Drivers/STM32H7xx_HAL_Driver/Src/stm32h7xx_hal_dma.c.obj
 .debug_line    0x00006037     0x12ad CMakeFiles/EC.elf.dir/Drivers/STM32H7xx_HAL_Driver/Src/stm32h7xx_hal_dma2d.c.obj
 .debug_line    0x000072e4      0x6da CMakeFiles/EC.elf.dir/Drivers/STM32H7xx_HAL_Driver/Src/stm32h7xx_hal_gpio.c.obj
 .debug_line    0x000079be     0x195d CMakeFiles/EC.elf.dir/Drivers/STM32H7xx_HAL_Driver/Src/stm32h7xx_hal_ltdc.c.obj
 .debug_line    0x0000931b      0xacc CMakeFiles/EC.elf.dir/Drivers/STM32H7xx_HAL_Driver/Src/stm32h7xx_hal_pwr_ex.c.obj
 .debug_line    0x00009de7     0x11f8 CMakeFiles/EC.elf.dir/Drivers/STM32H7xx_HAL_Driver/Src/stm32h7xx_hal_rcc.c.obj
 .debug_line    0x0000afdf     0x1d78 CMakeFiles/EC.elf.dir/Drivers/STM32H7xx_HAL_Driver/Src/stm32h7xx_hal_rcc_ex.c.obj
 .debug_line    0x0000cd57     0x28cf CMakeFiles/EC.elf.dir/Drivers/STM32H7xx_HAL_Driver/Src/stm32h7xx_hal_sd.c.obj
 .debug_line    0x0000f626      0xc16 CMakeFiles/EC.elf.dir/Drivers/STM32H7xx_HAL_Driver/Src/stm32h7xx_hal_sdram.c.obj
 .debug_line    0x0001023c     0x4cf8 CMakeFiles/EC.elf.dir/Drivers/STM32H7xx_HAL_Driver/Src/stm32h7xx_hal_tim.c.obj
 .debug_line    0x00014f34     0x1e89 CMakeFiles/EC.elf.dir/Drivers/STM32H7xx_HAL_Driver/Src/stm32h7xx_hal_tim_ex.c.obj
 .debug_line    0x00016dbd     0x2ceb CMakeFiles/EC.elf.dir/Drivers/STM32H7xx_HAL_Driver/Src/stm32h7xx_hal_uart.c.obj
 .debug_line    0x00019aa8      0xaee CMakeFiles/EC.elf.dir/Drivers/STM32H7xx_HAL_Driver/Src/stm32h7xx_hal_uart_ex.c.obj
 .debug_line    0x0001a596      0x6e2 CMakeFiles/EC.elf.dir/Drivers/STM32H7xx_HAL_Driver/Src/stm32h7xx_ll_fmc.c.obj
 .debug_line    0x0001ac78     0x119d CMakeFiles/EC.elf.dir/Drivers/STM32H7xx_HAL_Driver/Src/stm32h7xx_ll_sdmmc.c.obj
 .debug_line    0x0001be15       0x98 CMakeFiles/EC.elf.dir/startup/startup_stm32h743xx.s.obj

.debug_str      0x00000000     0x898b
 .debug_str     0x00000000      0xe86 CMakeFiles/EC.elf.dir/Core/Src/dma2d.c.obj
                                0xf5b (size before relaxing)
 .debug_str     0x00000e86      0x960 CMakeFiles/EC.elf.dir/Core/Src/fmc.c.obj
                               0x1695 (size before relaxing)
 .debug_str     0x000017e6       0x65 CMakeFiles/EC.elf.dir/Core/Src/gpio.c.obj
                                0x4c5 (size before relaxing)
 .debug_str     0x0000184b      0x2c1 CMakeFiles/EC.elf.dir/Core/Src/ltdc.c.obj
                               0x13c5 (size before relaxing)
 .debug_str     0x00001b0c      0x4e6 CMakeFiles/EC.elf.dir/Core/Src/main.c.obj
                                0x97d (size before relaxing)
 .debug_str     0x00001ff2      0x2a1 CMakeFiles/EC.elf.dir/Core/Src/sdmmc.c.obj
                               0x13ac (size before relaxing)
 .debug_str     0x00002293       0x43 CMakeFiles/EC.elf.dir/Core/Src/stm32h7xx_hal_msp.c.obj
                                0x414 (size before relaxing)
 .debug_str     0x000022d6      0x5a3 CMakeFiles/EC.elf.dir/Core/Src/stm32h7xx_it.c.obj
                               0x1383 (size before relaxing)
 .debug_str     0x00002879      0x290 CMakeFiles/EC.elf.dir/Core/Src/system_stm32h7xx.c.obj
                                0x793 (size before relaxing)
 .debug_str     0x00002b09      0x473 CMakeFiles/EC.elf.dir/Core/Src/tim.c.obj
                                0xc7c (size before relaxing)
 .debug_str     0x00002f7c       0xbf CMakeFiles/EC.elf.dir/Core/Src/usart.c.obj
                               0x16ad (size before relaxing)
 .debug_str     0x0000303b      0x750 CMakeFiles/EC.elf.dir/Drivers/STM32H7xx_HAL_Driver/Src/stm32h7xx_hal.c.obj
                               0x14d2 (size before relaxing)
 .debug_str     0x0000378b      0x38c CMakeFiles/EC.elf.dir/Drivers/STM32H7xx_HAL_Driver/Src/stm32h7xx_hal_cortex.c.obj
                               0x106a (size before relaxing)
 .debug_str     0x00003b17      0x40a CMakeFiles/EC.elf.dir/Drivers/STM32H7xx_HAL_Driver/Src/stm32h7xx_hal_dma.c.obj
                                0x9ed (size before relaxing)
 .debug_str     0x00003f21      0x37b CMakeFiles/EC.elf.dir/Drivers/STM32H7xx_HAL_Driver/Src/stm32h7xx_hal_dma2d.c.obj
                                0xaaf (size before relaxing)
 .debug_str     0x0000429c       0xff CMakeFiles/EC.elf.dir/Drivers/STM32H7xx_HAL_Driver/Src/stm32h7xx_hal_gpio.c.obj
                                0x6f6 (size before relaxing)
 .debug_str     0x0000439b      0x490 CMakeFiles/EC.elf.dir/Drivers/STM32H7xx_HAL_Driver/Src/stm32h7xx_hal_ltdc.c.obj
                                0x9e4 (size before relaxing)
 .debug_str     0x0000482b      0x55a CMakeFiles/EC.elf.dir/Drivers/STM32H7xx_HAL_Driver/Src/stm32h7xx_hal_pwr_ex.c.obj
                                0xa6b (size before relaxing)
 .debug_str     0x00004d85      0x1a9 CMakeFiles/EC.elf.dir/Drivers/STM32H7xx_HAL_Driver/Src/stm32h7xx_hal_rcc.c.obj
                                0xa7e (size before relaxing)
 .debug_str     0x00004f2e      0x5d2 CMakeFiles/EC.elf.dir/Drivers/STM32H7xx_HAL_Driver/Src/stm32h7xx_hal_rcc_ex.c.obj
                                0xf60 (size before relaxing)
 .debug_str     0x00005500      0xa5a CMakeFiles/EC.elf.dir/Drivers/STM32H7xx_HAL_Driver/Src/stm32h7xx_hal_sd.c.obj
                               0x101d (size before relaxing)
 .debug_str     0x00005f5a      0x3e8 CMakeFiles/EC.elf.dir/Drivers/STM32H7xx_HAL_Driver/Src/stm32h7xx_hal_sdram.c.obj
                                0xbd6 (size before relaxing)
 .debug_str     0x00006342      0xe9b CMakeFiles/EC.elf.dir/Drivers/STM32H7xx_HAL_Driver/Src/stm32h7xx_hal_tim.c.obj
                               0x183e (size before relaxing)
 .debug_str     0x000071dd      0x638 CMakeFiles/EC.elf.dir/Drivers/STM32H7xx_HAL_Driver/Src/stm32h7xx_hal_tim_ex.c.obj
                               0x1162 (size before relaxing)
 .debug_str     0x00007815      0x8aa CMakeFiles/EC.elf.dir/Drivers/STM32H7xx_HAL_Driver/Src/stm32h7xx_hal_uart.c.obj
                               0x1489 (size before relaxing)
 .debug_str     0x000080bf      0x23f CMakeFiles/EC.elf.dir/Drivers/STM32H7xx_HAL_Driver/Src/stm32h7xx_hal_uart_ex.c.obj
                                0xb58 (size before relaxing)
 .debug_str     0x000082fe      0x3d4 CMakeFiles/EC.elf.dir/Drivers/STM32H7xx_HAL_Driver/Src/stm32h7xx_ll_fmc.c.obj
                                0x8db (size before relaxing)
 .debug_str     0x000086d2      0x273 CMakeFiles/EC.elf.dir/Drivers/STM32H7xx_HAL_Driver/Src/stm32h7xx_ll_sdmmc.c.obj
                                0x88f (size before relaxing)
 .debug_str     0x00008945       0x46 CMakeFiles/EC.elf.dir/startup/startup_stm32h743xx.s.obj
                                 0x72 (size before relaxing)

.comment        0x00000000       0x49
 .comment       0x00000000       0x49 CMakeFiles/EC.elf.dir/Core/Src/dma2d.c.obj
                                 0x4a (size before relaxing)
 .comment       0x00000049       0x4a CMakeFiles/EC.elf.dir/Core/Src/fmc.c.obj
 .comment       0x00000049       0x4a CMakeFiles/EC.elf.dir/Core/Src/gpio.c.obj
 .comment       0x00000049       0x4a CMakeFiles/EC.elf.dir/Core/Src/ltdc.c.obj
 .comment       0x00000049       0x4a CMakeFiles/EC.elf.dir/Core/Src/main.c.obj
 .comment       0x00000049       0x4a CMakeFiles/EC.elf.dir/Core/Src/sdmmc.c.obj
 .comment       0x00000049       0x4a CMakeFiles/EC.elf.dir/Core/Src/stm32h7xx_hal_msp.c.obj
 .comment       0x00000049       0x4a CMakeFiles/EC.elf.dir/Core/Src/stm32h7xx_it.c.obj
 .comment       0x00000049       0x4a CMakeFiles/EC.elf.dir/Core/Src/system_stm32h7xx.c.obj
 .comment       0x00000049       0x4a CMakeFiles/EC.elf.dir/Core/Src/tim.c.obj
 .comment       0x00000049       0x4a CMakeFiles/EC.elf.dir/Core/Src/usart.c.obj
 .comment       0x00000049       0x4a CMakeFiles/EC.elf.dir/Drivers/STM32H7xx_HAL_Driver/Src/stm32h7xx_hal.c.obj
 .comment       0x00000049       0x4a CMakeFiles/EC.elf.dir/Drivers/STM32H7xx_HAL_Driver/Src/stm32h7xx_hal_cortex.c.obj
 .comment       0x00000049       0x4a CMakeFiles/EC.elf.dir/Drivers/STM32H7xx_HAL_Driver/Src/stm32h7xx_hal_dma.c.obj
 .comment       0x00000049       0x4a CMakeFiles/EC.elf.dir/Drivers/STM32H7xx_HAL_Driver/Src/stm32h7xx_hal_dma2d.c.obj
 .comment       0x00000049       0x4a CMakeFiles/EC.elf.dir/Drivers/STM32H7xx_HAL_Driver/Src/stm32h7xx_hal_gpio.c.obj
 .comment       0x00000049       0x4a CMakeFiles/EC.elf.dir/Drivers/STM32H7xx_HAL_Driver/Src/stm32h7xx_hal_ltdc.c.obj
 .comment       0x00000049       0x4a CMakeFiles/EC.elf.dir/Drivers/STM32H7xx_HAL_Driver/Src/stm32h7xx_hal_pwr_ex.c.obj
 .comment       0x00000049       0x4a CMakeFiles/EC.elf.dir/Drivers/STM32H7xx_HAL_Driver/Src/stm32h7xx_hal_rcc.c.obj
 .comment       0x00000049       0x4a CMakeFiles/EC.elf.dir/Drivers/STM32H7xx_HAL_Driver/Src/stm32h7xx_hal_rcc_ex.c.obj
 .comment       0x00000049       0x4a CMakeFiles/EC.elf.dir/Drivers/STM32H7xx_HAL_Driver/Src/stm32h7xx_hal_sd.c.obj
 .comment       0x00000049       0x4a CMakeFiles/EC.elf.dir/Drivers/STM32H7xx_HAL_Driver/Src/stm32h7xx_hal_sdram.c.obj
 .comment       0x00000049       0x4a CMakeFiles/EC.elf.dir/Drivers/STM32H7xx_HAL_Driver/Src/stm32h7xx_hal_tim.c.obj
 .comment       0x00000049       0x4a CMakeFiles/EC.elf.dir/Drivers/STM32H7xx_HAL_Driver/Src/stm32h7xx_hal_tim_ex.c.obj
 .comment       0x00000049       0x4a CMakeFiles/EC.elf.dir/Drivers/STM32H7xx_HAL_Driver/Src/stm32h7xx_hal_uart.c.obj
 .comment       0x00000049       0x4a CMakeFiles/EC.elf.dir/Drivers/STM32H7xx_HAL_Driver/Src/stm32h7xx_hal_uart_ex.c.obj
 .comment       0x00000049       0x4a CMakeFiles/EC.elf.dir/Drivers/STM32H7xx_HAL_Driver/Src/stm32h7xx_ll_fmc.c.obj
 .comment       0x00000049       0x4a CMakeFiles/EC.elf.dir/Drivers/STM32H7xx_HAL_Driver/Src/stm32h7xx_ll_sdmmc.c.obj

.debug_frame    0x00000000     0x4380
 .debug_frame   0x00000000       0x5c CMakeFiles/EC.elf.dir/Core/Src/dma2d.c.obj
 .debug_frame   0x0000005c       0xa0 CMakeFiles/EC.elf.dir/Core/Src/fmc.c.obj
 .debug_frame   0x000000fc       0x34 CMakeFiles/EC.elf.dir/Core/Src/gpio.c.obj
 .debug_frame   0x00000130       0x74 CMakeFiles/EC.elf.dir/Core/Src/ltdc.c.obj
 .debug_frame   0x000001a4       0x78 CMakeFiles/EC.elf.dir/Core/Src/main.c.obj
 .debug_frame   0x0000021c       0x6c CMakeFiles/EC.elf.dir/Core/Src/sdmmc.c.obj
 .debug_frame   0x00000288       0x28 CMakeFiles/EC.elf.dir/Core/Src/stm32h7xx_hal_msp.c.obj
 .debug_frame   0x000002b0      0x120 CMakeFiles/EC.elf.dir/Core/Src/stm32h7xx_it.c.obj
 .debug_frame   0x000003d0       0x40 CMakeFiles/EC.elf.dir/Core/Src/system_stm32h7xx.c.obj
 .debug_frame   0x00000410       0x7c CMakeFiles/EC.elf.dir/Core/Src/tim.c.obj
 .debug_frame   0x0000048c       0x64 CMakeFiles/EC.elf.dir/Core/Src/usart.c.obj
 .debug_frame   0x000004f0      0x360 CMakeFiles/EC.elf.dir/Drivers/STM32H7xx_HAL_Driver/Src/stm32h7xx_hal.c.obj
 .debug_frame   0x00000850      0x158 CMakeFiles/EC.elf.dir/Drivers/STM32H7xx_HAL_Driver/Src/stm32h7xx_hal_cortex.c.obj
 .debug_frame   0x000009a8      0x1fc CMakeFiles/EC.elf.dir/Drivers/STM32H7xx_HAL_Driver/Src/stm32h7xx_hal_dma.c.obj
 .debug_frame   0x00000ba4      0x340 CMakeFiles/EC.elf.dir/Drivers/STM32H7xx_HAL_Driver/Src/stm32h7xx_hal_dma2d.c.obj
 .debug_frame   0x00000ee4       0xd0 CMakeFiles/EC.elf.dir/Drivers/STM32H7xx_HAL_Driver/Src/stm32h7xx_hal_gpio.c.obj
 .debug_frame   0x00000fb4      0x3bc CMakeFiles/EC.elf.dir/Drivers/STM32H7xx_HAL_Driver/Src/stm32h7xx_hal_ltdc.c.obj
 .debug_frame   0x00001370      0x2f4 CMakeFiles/EC.elf.dir/Drivers/STM32H7xx_HAL_Driver/Src/stm32h7xx_hal_pwr_ex.c.obj
 .debug_frame   0x00001664      0x188 CMakeFiles/EC.elf.dir/Drivers/STM32H7xx_HAL_Driver/Src/stm32h7xx_hal_rcc.c.obj
 .debug_frame   0x000017ec      0x284 CMakeFiles/EC.elf.dir/Drivers/STM32H7xx_HAL_Driver/Src/stm32h7xx_hal_rcc_ex.c.obj
 .debug_frame   0x00001a70      0x4c0 CMakeFiles/EC.elf.dir/Drivers/STM32H7xx_HAL_Driver/Src/stm32h7xx_hal_sd.c.obj
 .debug_frame   0x00001f30      0x27c CMakeFiles/EC.elf.dir/Drivers/STM32H7xx_HAL_Driver/Src/stm32h7xx_hal_sdram.c.obj
 .debug_frame   0x000021ac      0xb60 CMakeFiles/EC.elf.dir/Drivers/STM32H7xx_HAL_Driver/Src/stm32h7xx_hal_tim.c.obj
 .debug_frame   0x00002d0c      0x480 CMakeFiles/EC.elf.dir/Drivers/STM32H7xx_HAL_Driver/Src/stm32h7xx_hal_tim_ex.c.obj
 .debug_frame   0x0000318c      0x674 CMakeFiles/EC.elf.dir/Drivers/STM32H7xx_HAL_Driver/Src/stm32h7xx_hal_uart.c.obj
 .debug_frame   0x00003800      0x1c8 CMakeFiles/EC.elf.dir/Drivers/STM32H7xx_HAL_Driver/Src/stm32h7xx_hal_uart_ex.c.obj
 .debug_frame   0x000039c8      0x1c8 CMakeFiles/EC.elf.dir/Drivers/STM32H7xx_HAL_Driver/Src/stm32h7xx_ll_fmc.c.obj
 .debug_frame   0x00003b90      0x4fc CMakeFiles/EC.elf.dir/Drivers/STM32H7xx_HAL_Driver/Src/stm32h7xx_ll_sdmmc.c.obj
 .debug_frame   0x0000408c       0x4c c:/progra~1/stmicr~1/stm32c~1/gcc-ar~1/bin/../lib/gcc/arm-none-eabi/10.3.1/thumb/v7e-m/nofp\libgcc.a(_arm_addsubsf3.o)